Component: ARM Compiler 5.06 update 7 (build 960) Tool: armlink [4d3601]

==============================================================================

Section Cross References

    main.o(i.main) refers to _printf_percent.o(.ARM.Collect$$_printf_percent$$00000000) for _printf_percent
    main.o(i.main) refers to _printf_f.o(.ARM.Collect$$_printf_percent$$00000003) for _printf_f
    main.o(i.main) refers to printf1.o(x$fpl$printf1) for _printf_fp_dec
    main.o(i.main) refers to misc.o(i.NVIC_PriorityGroupConfig) for NVIC_PriorityGroupConfig
    main.o(i.main) refers to can.o(i.can_init) for can_init
    main.o(i.main) refers to uart.o(i.usart1Init) for usart1Init
    main.o(i.main) refers to key.o(i.KEY_Init) for KEY_Init
    main.o(i.main) refers to uart.o(i.usart2Init) for usart2Init
    main.o(i.main) refers to motor3508.o(i.motorInit) for motorInit
    main.o(i.main) refers to led.o(i.LEDInit) for LEDInit
    main.o(i.main) refers to chassis.o(i.chassisInit) for chassisInit
    main.o(i.main) refers to led.o(i.LED0) for LED0
    main.o(i.main) refers to led.o(i.LED1) for LED1
    main.o(i.main) refers to stm32f10x_gpio.o(i.GPIO_ReadInputDataBit) for GPIO_ReadInputDataBit
    main.o(i.main) refers to motor3508.o(i.motorSetTargetRpm) for motorSetTargetRpm
    main.o(i.main) refers to dflt_clz.o(x$fpl$dflt) for __aeabi_i2d
    main.o(i.main) refers to dmul.o(x$fpl$dmul) for __aeabi_dmul
    main.o(i.main) refers to f2d.o(x$fpl$f2d) for __aeabi_f2d
    main.o(i.main) refers to daddsub_clz.o(x$fpl$dadd) for __aeabi_dadd
    main.o(i.main) refers to noretval__2sprintf.o(.text) for __2sprintf
    main.o(i.main) refers to uart.o(i.uart1_send) for uart1_send
    main.o(i.main) refers to motor3508.o(.bss) for motor
    main.o(i.main) refers to chassis.o(.bss) for chassis
    system_stm32f10x.o(i.SetSysClock) refers to system_stm32f10x.o(i.SetSysClockTo72) for SetSysClockTo72
    system_stm32f10x.o(i.SystemCoreClockUpdate) refers to system_stm32f10x.o(.data) for SystemCoreClock
    system_stm32f10x.o(i.SystemInit) refers to system_stm32f10x.o(i.SetSysClock) for SetSysClock
    startup_stm32f10x_hd.o(STACK) refers (Special) to heapauxi.o(.text) for __use_two_region_memory
    startup_stm32f10x_hd.o(HEAP) refers (Special) to heapauxi.o(.text) for __use_two_region_memory
    startup_stm32f10x_hd.o(RESET) refers (Special) to heapauxi.o(.text) for __use_two_region_memory
    startup_stm32f10x_hd.o(RESET) refers to startup_stm32f10x_hd.o(STACK) for __initial_sp
    startup_stm32f10x_hd.o(RESET) refers to startup_stm32f10x_hd.o(.text) for Reset_Handler
    startup_stm32f10x_hd.o(RESET) refers to stm32f10x_it.o(i.NMI_Handler) for NMI_Handler
    startup_stm32f10x_hd.o(RESET) refers to stm32f10x_it.o(i.HardFault_Handler) for HardFault_Handler
    startup_stm32f10x_hd.o(RESET) refers to stm32f10x_it.o(i.MemManage_Handler) for MemManage_Handler
    startup_stm32f10x_hd.o(RESET) refers to stm32f10x_it.o(i.BusFault_Handler) for BusFault_Handler
    startup_stm32f10x_hd.o(RESET) refers to stm32f10x_it.o(i.UsageFault_Handler) for UsageFault_Handler
    startup_stm32f10x_hd.o(RESET) refers to stm32f10x_it.o(i.SVC_Handler) for SVC_Handler
    startup_stm32f10x_hd.o(RESET) refers to stm32f10x_it.o(i.DebugMon_Handler) for DebugMon_Handler
    startup_stm32f10x_hd.o(RESET) refers to stm32f10x_it.o(i.PendSV_Handler) for PendSV_Handler
    startup_stm32f10x_hd.o(RESET) refers to stm32f10x_it.o(i.SysTick_Handler) for SysTick_Handler
    startup_stm32f10x_hd.o(RESET) refers to motor3508.o(i.USB_LP_CAN1_RX0_IRQHandler) for USB_LP_CAN1_RX0_IRQHandler
    startup_stm32f10x_hd.o(RESET) refers to uart.o(i.USART1_IRQHandler) for USART1_IRQHandler
    startup_stm32f10x_hd.o(RESET) refers to chassis.o(i.USART2_IRQHandler) for USART2_IRQHandler
    startup_stm32f10x_hd.o(.text) refers (Special) to heapauxi.o(.text) for __use_two_region_memory
    startup_stm32f10x_hd.o(.text) refers to system_stm32f10x.o(i.SystemInit) for SystemInit
    startup_stm32f10x_hd.o(.text) refers to __main.o(!!!main) for __main
    startup_stm32f10x_hd.o(.text) refers to startup_stm32f10x_hd.o(HEAP) for Heap_Mem
    startup_stm32f10x_hd.o(.text) refers to startup_stm32f10x_hd.o(STACK) for Stack_Mem
    stm32f10x_adc.o(i.ADC_DeInit) refers to stm32f10x_rcc.o(i.RCC_APB2PeriphResetCmd) for RCC_APB2PeriphResetCmd
    stm32f10x_bkp.o(i.BKP_DeInit) refers to stm32f10x_rcc.o(i.RCC_BackupResetCmd) for RCC_BackupResetCmd
    stm32f10x_can.o(i.CAN_DeInit) refers to stm32f10x_rcc.o(i.RCC_APB1PeriphResetCmd) for RCC_APB1PeriphResetCmd
    stm32f10x_can.o(i.CAN_GetITStatus) refers to stm32f10x_can.o(i.CheckITStatus) for CheckITStatus
    stm32f10x_cec.o(i.CEC_DeInit) refers to stm32f10x_rcc.o(i.RCC_APB1PeriphResetCmd) for RCC_APB1PeriphResetCmd
    stm32f10x_dac.o(i.DAC_DeInit) refers to stm32f10x_rcc.o(i.RCC_APB1PeriphResetCmd) for RCC_APB1PeriphResetCmd
[...]
    ../clib/libinit.s                        0x00000000   Number         0  libinit2.o ABSOLUTE
    ../clib/libinit.s                        0x00000000   Number         0  libinit.o ABSOLUTE
    ../clib/locale.s                         0x00000000   Number         0  lc_numeric_c.o ABSOLUTE
    ../clib/longlong.s                       0x00000000   Number         0  lludiv10.o ABSOLUTE
    ../clib/memcpset.s                       0x00000000   Number         0  strcmpv7m.o ABSOLUTE
    ../clib/printf.c                         0x00000000   Number         0  __printf.o ABSOLUTE
    ../clib/printf.c                         0x00000000   Number         0  __printf_flags_ss.o ABSOLUTE
    ../clib/printf.c                         0x00000000   Number         0  __2sprintf.o ABSOLUTE
    ../clib/printf.c                         0x00000000   Number         0  noretval__2sprintf.o ABSOLUTE
    ../clib/printf.c                         0x00000000   Number         0  __printf_wp.o ABSOLUTE
    ../clib/printf.c                         0x00000000   Number         0  __printf_flags_wp.o ABSOLUTE
    ../clib/printf.c                         0x00000000   Number         0  __printf_ss.o ABSOLUTE
    ../clib/printf.c                         0x00000000   Number         0  __printf_ss_wp.o ABSOLUTE
    ../clib/printf.c                         0x00000000   Number         0  __printf_nopercent.o ABSOLUTE
    ../clib/printf.c                         0x00000000   Number         0  _printf_fp_infnan.o ABSOLUTE
    ../clib/printf.c                         0x00000000   Number         0  __printf_flags_ss_wp.o ABSOLUTE
    ../clib/printf.c                         0x00000000   Number         0  _printf_char_common.o ABSOLUTE
    ../clib/printf.c                         0x00000000   Number         0  _printf_fp_dec.o ABSOLUTE
    ../clib/printf.c                         0x00000000   Number         0  __printf_flags.o ABSOLUTE
    ../clib/printf.c                         0x00000000   Number         0  _sputc.o ABSOLUTE
    ../clib/printf_percent.s                 0x00000000   Number         0  _printf_f.o ABSOLUTE
    ../clib/printf_percent.s                 0x00000000   Number         0  _printf_percent_end.o ABSOLUTE
    ../clib/printf_percent.s                 0x00000000   Number         0  _printf_percent.o ABSOLUTE
    ../clib/signal.c                         0x00000000   Number         0  defsig_stak_inner.o ABSOLUTE
    ../clib/signal.c                         0x00000000   Number         0  defsig_cppl_inner.o ABSOLUTE
    ../clib/signal.c                         0x00000000   Number         0  defsig_segv_inner.o ABSOLUTE
    ../clib/signal.c                         0x00000000   Number         0  defsig_other.o ABSOLUTE
    ../clib/signal.c                         0x00000000   Number         0  defsig_rtmem_formal.o ABSOLUTE
    ../clib/signal.c                         0x00000000   Number         0  defsig_exit.o ABSOLUTE
    ../clib/signal.c                         0x00000000   Number         0  defsig_rtmem_inner.o ABSOLUTE
    ../clib/signal.c                         0x00000000   Number         0  __raise.o ABSOLUTE
    ../clib/signal.c                         0x00000000   Number         0  defsig_general.o ABSOLUTE
    ../clib/signal.c                         0x00000000   Number         0  defsig_abrt_inner.o ABSOLUTE
    ../clib/signal.c                         0x00000000   Number         0  defsig_fpe_inner.o ABSOLUTE
    ../clib/signal.c                         0x00000000   Number         0  defsig_pvfn_inner.o ABSOLUTE
    ../clib/signal.c                         0x00000000   Number         0  defsig_rtred_inner.o ABSOLUTE
    ../clib/signal.c                         0x00000000   Number         0  defsig_rtmem_outer.o ABSOLUTE
    ../clib/signal.s                         0x00000000   Number         0  defsig.o ABSOLUTE
    ../clib/stdlib.c                         0x00000000   Number         0  exit.o ABSOLUTE
    ../fplib/d2f.s                           0x00000000   Number         0  d2f.o ABSOLUTE
    ../fplib/daddsub.s                       0x00000000   Number         0  daddsub_clz.o ABSOLUTE
    ../fplib/dcmpi.s                         0x00000000   Number         0  dcmpi.o ABSOLUTE
    ../fplib/ddiv.s                          0x00000000   Number         0  ddiv.o ABSOLUTE
    ../fplib/dflt.s                          0x00000000   Number         0  dflt_clz.o ABSOLUTE
    ../fplib/dleqf.s                         0x00000000   Number         0  dleqf.o ABSOLUTE
    ../fplib/dmul.s                          0x00000000   Number         0  dmul.o ABSOLUTE
    ../fplib/dnaninf.s                       0x00000000   Number         0  dnaninf.o ABSOLUTE
    ../fplib/dretinf.s                       0x00000000   Number         0  dretinf.o ABSOLUTE
    ../fplib/drleqf.s                        0x00000000   Number         0  drleqf.o ABSOLUTE
    ../fplib/f2d.s                           0x00000000   Number         0  f2d.o ABSOLUTE
    ../fplib/faddsub.s                       0x00000000   Number         0  faddsub_clz.o ABSOLUTE
    ../fplib/fcmpi.s                         0x00000000   Number         0  fcmpi.o ABSOLUTE
    ../fplib/fdiv.s                          0x00000000   Number         0  fdiv.o ABSOLUTE
    ../fplib/feqf.s                          0x00000000   Number         0  feqf.o ABSOLUTE
    ../fplib/ffix.s                          0x00000000   Number         0  ffix.o ABSOLUTE
    ../fplib/fflt.s                          0x00000000   Number         0  fflt_clz.o ABSOLUTE
    ../fplib/fleqf.s                         0x00000000   Number         0  fleqf.o ABSOLUTE
    ../fplib/fmul.s                          0x00000000   Number         0  fmul.o ABSOLUTE
    ../fplib/fnaninf.s                       0x00000000   Number         0  fnaninf.o ABSOLUTE
    ../fplib/fpinit.s                        0x00000000   Number         0  fpinit.o ABSOLUTE
    ../fplib/fretinf.s                       0x00000000   Number         0  fretinf.o ABSOLUTE
    ../fplib/frleqf.s                        0x00000000   Number         0  frleqf.o ABSOLUTE
    ../fplib/istatus.s                       0x00000000   Number         0  istatus.o ABSOLUTE
    ../fplib/printf1.s                       0x00000000   Number         0  printf1.o ABSOLUTE
    ../fplib/usenofp.s                       0x00000000   Number         0  usenofp.o ABSOLUTE
    ../mathlib/fpclassify.c                  0x00000000   Number         0  fpclassify.o ABSOLUTE
    ..\CORE\core_cm3.c                       0x00000000   Number         0  core_cm3.o ABSOLUTE
    ..\CORE\startup_stm32f10x_hd.s           0x00000000   Number         0  startup_stm32f10x_hd.o ABSOLUTE
    ..\FWLib\src\misc.c                      0x00000000   Number         0  misc.o ABSOLUTE
    ..\FWLib\src\stm32f10x_adc.c             0x00000000   Number         0  stm32f10x_adc.o ABSOLUTE
    ..\FWLib\src\stm32f10x_bkp.c             0x00000000   Number         0  stm32f10x_bkp.o ABSOLUTE
    ..\FWLib\src\stm32f10x_can.c             0x00000000   Number         0  stm32f10x_can.o ABSOLUTE
    ..\FWLib\src\stm32f10x_cec.c             0x00000000   Number         0  stm32f10x_cec.o ABSOLUTE
    ..\FWLib\src\stm32f10x_crc.c             0x00000000   Number         0  stm32f10x_crc.o ABSOLUTE
    ..\FWLib\src\stm32f10x_dac.c             0x00000000   Number         0  stm32f10x_dac.o ABSOLUTE
    ..\FWLib\src\stm32f10x_dbgmcu.c          0x00000000   Number         0  stm32f10x_dbgmcu.o ABSOLUTE
    ..\FWLib\src\stm32f10x_dma.c             0x00000000   Number         0  stm32f10x_dma.o ABSOLUTE
    ..\FWLib\src\stm32f10x_exti.c            0x00000000   Number         0  stm32f10x_exti.o ABSOLUTE
    ..\FWLib\src\stm32f10x_flash.c           0x00000000   Number         0  stm32f10x_flash.o ABSOLUTE
    ..\FWLib\src\stm32f10x_fsmc.c            0x00000000   Number         0  stm32f10x_fsmc.o ABSOLUTE
    ..\FWLib\src\stm32f10x_gpio.c            0x00000000   Number         0  stm32f10x_gpio.o ABSOLUTE
    ..\FWLib\src\stm32f10x_i2c.c             0x00000000   Number         0  stm32f10x_i2c.o ABSOLUTE
    ..\FWLib\src\stm32f10x_iwdg.c            0x00000000   Number         0  stm32f10x_iwdg.o ABSOLUTE
    ..\FWLib\src\stm32f10x_pwr.c             0x00000000   Number         0  stm32f10x_pwr.o ABSOLUTE
    ..\FWLib\src\stm32f10x_rcc.c             0x00000000   Number         0  stm32f10x_rcc.o ABSOLUTE
    ..\FWLib\src\stm32f10x_rtc.c             0x00000000   Number         0  stm32f10x_rtc.o ABSOLUTE
    ..\FWLib\src\stm32f10x_sdio.c            0x00000000   Number         0  stm32f10x_sdio.o ABSOLUTE
    ..\FWLib\src\stm32f10x_spi.c             0x00000000   Number         0  stm32f10x_spi.o ABSOLUTE
    ..\FWLib\src\stm32f10x_tim.c             0x00000000   Number         0  stm32f10x_tim.o ABSOLUTE
    ..\FWLib\src\stm32f10x_usart.c           0x00000000   Number         0  stm32f10x_usart.o ABSOLUTE
    ..\FWLib\src\stm32f10x_wwdg.c            0x00000000   Number         0  stm32f10x_wwdg.o ABSOLUTE
    ..\HARDWARE\LED\LED.c                    0x00000000   Number         0  led.o ABSOLUTE
    ..\HARDWARE\can\can.c                    0x00000000   Number         0  can.o ABSOLUTE
    ..\HARDWARE\chassis\chassis.c            0x00000000   Number         0  chassis.o ABSOLUTE
    ..\HARDWARE\delay\delay.c                0x00000000   Number         0  delay.o ABSOLUTE
    ..\HARDWARE\grayScaleSensor\grayScaleSensor.c 0x00000000   Number         0  grayscalesensor.o ABSOLUTE
    ..\HARDWARE\gyro\gyro.c                  0x00000000   Number         0  gyro.o ABSOLUTE
    ..\HARDWARE\key\key.c                    0x00000000   Number         0  key.o ABSOLUTE
    ..\HARDWARE\motor3508\motor3508.c        0x00000000   Number         0  motor3508.o ABSOLUTE
    ..\HARDWARE\pid\pid.c                    0x00000000   Number         0  pid.o ABSOLUTE
    ..\HARDWARE\sys\sys.c                    0x00000000   Number         0  sys.o ABSOLUTE
    ..\HARDWARE\uart\cycleArray.c            0x00000000   Number         0  cyclearray.o ABSOLUTE
    ..\HARDWARE\uart\uart.c                  0x00000000   Number         0  uart.o ABSOLUTE
    ..\\CORE\\core_cm3.c                     0x00000000   Number         0  core_cm3.o ABSOLUTE
    ..\\HARDWARE\\sys\\sys.c                 0x00000000   Number         0  sys.o ABSOLUTE
    dc.s                                     0x00000000   Number         0  dc.o ABSOLUTE
    main.c                                   0x00000000   Number         0  main.o ABSOLUTE
    stm32f10x_it.c                           0x00000000   Number         0  stm32f10x_it.o ABSOLUTE
    system_stm32f10x.c                       0x00000000   Number         0  system_stm32f10x.o ABSOLUTE
    RESET                                    0x08000000   Section      304  startup_stm32f10x_hd.o(RESET)
    !!!main                                  0x08000130   Section        8  __main.o(!!!main)
    !!!scatter                               0x08000138   Section       52  __scatter.o(!!!scatter)
    !!handler_copy                           0x0800016c   Section       26  __scatter_copy.o(!!handler_copy)
    !!handler_zi                             0x08000188   Section       28  __scatter_zi.o(!!handler_zi)
    .ARM.Collect$$_printf_percent$$00000000  0x080001a4   Section        0  _printf_percent.o(.ARM.Collect$$_printf_percent$$00000000)
    .ARM.Collect$$_printf_percent$$00000003  0x080001a4   Section        6  _printf_f.o(.ARM.Collect$$_printf_percent$$00000003)
    .ARM.Collect$$_printf_percent$$00000017  0x080001aa   Section        4  _printf_percent_end.o(.ARM.Collect$$_printf_percent$$00000017)
    .ARM.Collect$$libinit$$00000000          0x080001ae   Section        2  libinit.o(.ARM.Collect$$libinit$$00000000)
    .ARM.Collect$$libinit$$00000002          0x080001b0   Section        0  libinit2.o(.ARM.Collect$$libinit$$00000002)
    .ARM.Collect$$libinit$$00000004          0x080001b0   Section        0  libinit2.o(.ARM.Collect$$libinit$$00000004)
    .ARM.Collect$$libinit$$0000000A          0x080001b0   Section        0  libinit2.o(.ARM.Collect$$libinit$$0000000A)
    .ARM.Collect$$libinit$$0000000C          0x080001b0   Section        0  libinit2.o(.ARM.Collect$$libinit$$0000000C)
    .ARM.Collect$$libinit$$0000000E          0x080001b0   Section        0  libinit2.o(.ARM.Collect$$libinit$$0000000E)
    .ARM.Collect$$libinit$$0000000F          0x080001b0   Section        6  libinit2.o(.ARM.Collect$$libinit$$0000000F)
    .ARM.Collect$$libinit$$00000011          0x080001b6   Section        0  libinit2.o(.ARM.Collect$$libinit$$00000011)
    .ARM.Collect$$libinit$$00000013          0x080001b6   Section        0  libinit2.o(.ARM.Collect$$libinit$$00000013)
    .ARM.Collect$$libinit$$00000015          0x080001b6   Section        0  libinit2.o(.ARM.Collect$$libinit$$00000015)
    .ARM.Collect$$libinit$$00000016          0x080001b6   Section       10  libinit2.o(.ARM.Collect$$libinit$$00000016)
    .ARM.Collect$$libinit$$00000017          0x080001c0   Section        0  libinit2.o(.ARM.Collect$$libinit$$00000017)
    .ARM.Collect$$libinit$$00000019          0x080001c0   Section        0  libinit2.o(.ARM.Collect$$libinit$$00000019)
    .ARM.Collect$$libinit$$0000001B          0x080001c0   Section        0  libinit2.o(.ARM.Collect$$libinit$$0000001B)
    .ARM.Collect$$libinit$$0000001D          0x080001c0   Section        0  libinit2.o(.ARM.Collect$$libinit$$0000001D)
    .ARM.Collect$$libinit$$0000001F          0x080001c0   Section        0  libinit2.o(.ARM.Collect$$libinit$$0000001F)
    .ARM.Collect$$libinit$$00000021          0x080001c0   Section        0  libinit2.o(.ARM.Collect$$libinit$$00000021)
    .ARM.Collect$$libinit$$00000023          0x080001c0   Section        0  libinit2.o(.ARM.Collect$$libinit$$00000023)
    .ARM.Collect$$libinit$$00000025          0x080001c0   Section        0  libinit2.o(.ARM.Collect$$libinit$$00000025)
    .ARM.Collect$$libinit$$0000002C          0x080001c0   Section        0  libinit2.o(.ARM.Collect$$libinit$$0000002C)
    .ARM.Collect$$libinit$$0000002E          0x080001c0   Section        0  libinit2.o(.ARM.Collect$$libinit$$0000002E)
    .ARM.Collect$$libinit$$00000030          0x080001c0   Section        0  libinit2.o(.ARM.Collect$$libinit$$00000030)
    .ARM.Collect$$libinit$$00000032          0x080001c0   Section        0  libinit2.o(.ARM.Collect$$libinit$$00000032)
    .ARM.Collect$$libinit$$00000033          0x080001c0   Section        2  libinit2.o(.ARM.Collect$$libinit$$00000033)
    .ARM.Collect$$libshutdown$$00000000      0x080001c2   Section        2  libshutdown.o(.ARM.Collect$$libshutdown$$00000000)
    .ARM.Collect$$libshutdown$$00000002      0x080001c4   Section        0  libshutdown2.o(.ARM.Collect$$libshutdown$$00000002)
    .ARM.Collect$$libshutdown$$00000004      0x080001c4   Section        0  libshutdown2.o(.ARM.Collect$$libshutdown$$00000004)
    .ARM.Collect$$libshutdown$$00000006      0x080001c4   Section        0  libshutdown2.o(.ARM.Collect$$libshutdown$$00000006)
    .ARM.Collect$$libshutdown$$00000009      0x080001c4   Section        0  libshutdown2.o(.ARM.Collect$$libshutdown$$00000009)
    .ARM.Collect$$libshutdown$$0000000C      0x080001c4   Section        0  libshutdown2.o(.ARM.Collect$$libshutdown$$0000000C)
    .ARM.Collect$$libshutdown$$0000000E      0x080001c4   Section        0  libshutdown2.o(.ARM.Collect$$libshutdown$$0000000E)
    .ARM.Collect$$libshutdown$$00000011      0x080001c4   Section        0  libshutdown2.o(.ARM.Collect$$libshutdown$$00000011)
    .ARM.Collect$$libshutdown$$00000012      0x080001c4   Section        2  libshutdown2.o(.ARM.Collect$$libshutdown$$00000012)
    .ARM.Collect$$rtentry$$00000000          0x080001c6   Section        0  __rtentry.o(.ARM.Collect$$rtentry$$00000000)
    .ARM.Collect$$rtentry$$00000002          0x080001c6   Section        0  __rtentry2.o(.ARM.Collect$$rtentry$$00000002)
    .ARM.Collect$$rtentry$$00000004          0x080001c6   Section        6  __rtentry4.o(.ARM.Collect$$rtentry$$00000004)
    .ARM.Collect$$rtentry$$00000009          0x080001cc   Section        0  __rtentry2.o(.ARM.Collect$$rtentry$$00000009)
    .ARM.Collect$$rtentry$$0000000A          0x080001cc   Section        4  __rtentry2.o(.ARM.Collect$$rtentry$$0000000A)
    .ARM.Collect$$rtentry$$0000000C          0x080001d0   Section        0  __rtentry2.o(.ARM.Collect$$rtentry$$0000000C)
    .ARM.Collect$$rtentry$$0000000D          0x080001d0   Section        8  __rtentry2.o(.ARM.Collect$$rtentry$$0000000D)
    .ARM.Collect$$rtexit$$00000000           0x080001d8   Section        2  rtexit.o(.ARM.Collect$$rtexit$$00000000)
    .ARM.Collect$$rtexit$$00000002           0x080001da   Section        0  rtexit2.o(.ARM.Collect$$rtexit$$00000002)
    .ARM.Collect$$rtexit$$00000003           0x080001da   Section        4  rtexit2.o(.ARM.Collect$$rtexit$$00000003)
    .ARM.Collect$$rtexit$$00000004           0x080001de   Section        6  rtexit2.o(.ARM.Collect$$rtexit$$00000004)
    .text                                    0x080001e4   Section       64  startup_stm32f10x_hd.o(.text)
    .text                                    0x08000224   Section        0  noretval__2sprintf.o(.text)
    .text                                    0x0800024c   Section        0  __printf.o(.text)
    .text                                    0x080002b4   Section        0  heapauxi.o(.text)
    .text                                    0x080002ba   Section        0  _printf_fp_dec.o(.text)
    _fp_digits                               0x080002bd   Thumb Code   432  _printf_fp_dec.o(.text)
    .text                                    0x080006d8   Section        0  _printf_char_common.o(.text)
    _printf_input_char                       0x080006d9   Thumb Code    10  _printf_char_common.o(.text)
    .text                                    0x08000708   Section        0  _sputc.o(.text)
    .text                                    0x08000714   Section        8  rt_locale_intlibspace.o(.text)
    .text                                    0x0800071c   Section      138  lludiv10.o(.text)
    .text                                    0x080007a8   Section        0  _printf_fp_infnan.o(.text)
    .text                                    0x08000828   Section        0  bigflt0.o(.text)
    .text                                    0x0800090c   Section        8  libspace.o(.text)
    .text                                    0x08000914   Section       74  sys_stackheap_outer.o(.text)
    .text                                    0x0800095e   Section        0  exit.o(.text)
    .text                                    0x08000970   Section      128  strcmpv7m.o(.text)
    .text                                    0x080009f0   Section        0  sys_exit.o(.text)
    .text                                    0x080009fc   Section        2  use_no_semi.o(.text)
    .text                                    0x080009fe   Section        0  indicate_semi.o(.text)
    CL$$btod_d2e                             0x080009fe   Section       62  btod.o(CL$$btod_d2e)
    CL$$btod_d2e_denorm_low                  0x08000a3c   Section       70  btod.o(CL$$btod_d2e_denorm_low)
    CL$$btod_d2e_norm_op1                    0x08000a82   Section       96  btod.o(CL$$btod_d2e_norm_op1)
    CL$$btod_div_common                      0x08000ae2   Section      824  btod.o(CL$$btod_div_common)
    CL$$btod_e2e                             0x08000e1a   Section      220  btod.o(CL$$btod_e2e)
    CL$$btod_ediv                            0x08000ef6   Section       42  btod.o(CL$$btod_ediv)
    CL$$btod_emul                            0x08000f20   Section       42  btod.o(CL$$btod_emul)
    CL$$btod_mult_common                     0x08000f4a   Section      580  btod.o(CL$$btod_mult_common)
    i.BusFault_Handler                       0x0800118e   Section        0  stm32f10x_it.o(i.BusFault_Handler)
    i.CAN_FilterInit                         0x08001194   Section        0  stm32f10x_can.o(i.CAN_FilterInit)
    i.CAN_ITConfig                           0x0800129c   Section        0  stm32f10x_can.o(i.CAN_ITConfig)
    i.CAN_Init                               0x080012ae   Section        0  stm32f10x_can.o(i.CAN_Init)
    i.CAN_Receive                            0x080013c2   Section        0  stm32f10x_can.o(i.CAN_Receive)
    i.CAN_Transmit                           0x080014b2   Section        0  stm32f10x_can.o(i.CAN_Transmit)
    i.CAN_TransmitStatus                     0x080015d8   Section        0  stm32f10x_can.o(i.CAN_TransmitStatus)
    i.DebugMon_Handler                       0x08001678   Section        0  stm32f10x_it.o(i.DebugMon_Handler)
    i.GPIO_Init                              0x0800167a   Section        0  stm32f10x_gpio.o(i.GPIO_Init)
    i.GPIO_PinRemapConfig                    0x08001790   Section        0  stm32f10x_gpio.o(i.GPIO_PinRemapConfig)
    i.GPIO_ReadInputDataBit                  0x08001820   Section        0  stm32f10x_gpio.o(i.GPIO_ReadInputDataBit)
    i.GPIO_SetBits                           0x08001832   Section        0  stm32f10x_gpio.o(i.GPIO_SetBits)
    i.GPIO_WriteBit                          0x08001836   Section        0  stm32f10x_gpio.o(i.GPIO_WriteBit)
    i.HardFault_Handler                      0x08001840   Section        0  stm32f10x_it.o(i.HardFault_Handler)
    i.KEY_Init                               0x08001844   Section        0  key.o(i.KEY_Init)
    i.LED0                                   0x0800189c   Section        0  led.o(i.LED0)
    i.LED1                                   0x080018b8   Section        0  led.o(i.LED1)
    i.LEDInit                                0x080018d4   Section        0  led.o(i.LEDInit)
    i.MemManage_Handler                      0x08001928   Section        0  stm32f10x_it.o(i.MemManage_Handler)
    i.NMI_Handler                            0x0800192c   Section        0  stm32f10x_it.o(i.NMI_Handler)
    i.NVIC_Init                              0x08001930   Section        0  misc.o(i.NVIC_Init)
    i.NVIC_PriorityGroupConfig               0x080019a0   Section        0  misc.o(i.NVIC_PriorityGroupConfig)
    i.PendSV_Handler                         0x080019b4   Section        0  stm32f10x_it.o(i.PendSV_Handler)
    i.RCC_APB1PeriphClockCmd                 0x080019b8   Section        0  stm32f10x_rcc.o(i.RCC_APB1PeriphClockCmd)
    i.RCC_APB2PeriphClockCmd                 0x080019d8   Section        0  stm32f10x_rcc.o(i.RCC_APB2PeriphClockCmd)
    i.RCC_GetClocksFreq                      0x080019f8   Section        0  stm32f10x_rcc.o(i.RCC_GetClocksFreq)
    i.SVC_Handler                            0x08001acc   Section        0  stm32f10x_it.o(i.SVC_Handler)
    i.SetSysClock                            0x08001ace   Section        0  system_stm32f10x.o(i.SetSysClock)
    SetSysClock                              0x08001acf   Thumb Code     8  system_stm32f10x.o(i.SetSysClock)
    i.SetSysClockTo72                        0x08001ad8   Section        0  system_stm32f10x.o(i.SetSysClockTo72)
    SetSysClockTo72                          0x08001ad9   Thumb Code   214  system_stm32f10x.o(i.SetSysClockTo72)
    i.SysTick_Handler                        0x08001bb8   Section        0  stm32f10x_it.o(i.SysTick_Handler)
    i.SystemInit                             0x08001bbc   Section        0  system_stm32f10x.o(i.SystemInit)
    i.USART1_IRQHandler                      0x08001c1c   Section        0  uart.o(i.USART1_IRQHandler)
    i.USART2_IRQHandler                      0x08001c48   Section        0  chassis.o(i.USART2_IRQHandler)
    i.USART_Cmd                              0x08001d08   Section        0  stm32f10x_usart.o(i.USART_Cmd)
    i.USART_GetFlagStatus                    0x08001d20   Section        0  stm32f10x_usart.o(i.USART_GetFlagStatus)
    i.USART_GetITStatus                      0x08001d3a   Section        0  stm32f10x_usart.o(i.USART_GetITStatus)
    i.USART_ITConfig                         0x08001d8e   Section        0  stm32f10x_usart.o(i.USART_ITConfig)
    i.USART_Init                             0x08001dd8   Section        0  stm32f10x_usart.o(i.USART_Init)
    i.USART_ReceiveData                      0x08001eb0   Section        0  stm32f10x_usart.o(i.USART_ReceiveData)
    i.USART_SendData                         0x08001eba   Section        0  stm32f10x_usart.o(i.USART_SendData)
    i.USB_LP_CAN1_RX0_IRQHandler             0x08001ec4   Section        0  motor3508.o(i.USB_LP_CAN1_RX0_IRQHandler)
    i.UsageFault_Handler                     0x08001f20   Section        0  stm32f10x_it.o(i.UsageFault_Handler)
    i.__ARM_fpclassify                       0x08001f24   Section        0  fpclassify.o(i.__ARM_fpclassify)
    i.atkpParsing                            0x08001f4c   Section        0  gyro.o(i.atkpParsing)
    i.can_init                               0x080022e0   Section        0  can.o(i.can_init)
    i.chassisAngleRing                       0x080023e0   Section        0  chassis.o(i.chassisAngleRing)
    i.chassisInit                            0x080024f8   Section        0  chassis.o(i.chassisInit)
    i.cycleArray_init                        0x08002538   Section        0  cyclearray.o(i.cycleArray_init)
    i.cycleArray_push                        0x08002544   Section        0  cyclearray.o(i.cycleArray_push)
    i.gyro_unpack                            0x08002594   Section        0  gyro.o(i.gyro_unpack)
    i.main                                   0x080026a0   Section        0  main.o(i.main)
    i.motorGetData                           0x080027c0   Section        0  motor3508.o(i.motorGetData)
    i.motorInit                              0x08002a34   Section        0  motor3508.o(i.motorInit)
    i.motorSendCurrent                       0x08002adc   Section        0  motor3508.o(i.motorSendCurrent)
    i.motorSetTargetRpm                      0x08002b3c   Section        0  motor3508.o(i.motorSetTargetRpm)
    i.motorSpeedRing                         0x08002b40   Section        0  motor3508.o(i.motorSpeedRing)
    i.pidInit                                0x08002bb8   Section        0  pid.o(i.pidInit)
    i.pidOutput                              0x08002bca   Section        0  pid.o(i.pidOutput)
    i.uart1_send                             0x08002c2c   Section        0  uart.o(i.uart1_send)
    i.usart1Init                             0x08002c58   Section        0  uart.o(i.usart1Init)
    i.usart2Init                             0x08002d10   Section        0  uart.o(i.usart2Init)
    locale$$code                             0x08002dc4   Section       44  lc_numeric_c.o(locale$$code)
    x$fpl$d2f                                0x08002df0   Section       98  d2f.o(x$fpl$d2f)
    x$fpl$dadd                               0x08002e54   Section      336  daddsub_clz.o(x$fpl$dadd)
    _dadd1                                   0x08002e65   Thumb Code     0  daddsub_clz.o(x$fpl$dadd)
    x$fpl$dcmpinf                            0x08002fa4   Section       24  dcmpi.o(x$fpl$dcmpinf)
    x$fpl$ddiv                               0x08002fbc   Section      688  ddiv.o(x$fpl$ddiv)
    ddiv_entry                               0x08002fc3   Thumb Code     0  ddiv.o(x$fpl$ddiv)
    x$fpl$dflt                               0x0800326c   Section       46  dflt_clz.o(x$fpl$dflt)
    x$fpl$dfltu                              0x0800329a   Section       38  dflt_clz.o(x$fpl$dfltu)
    x$fpl$dleqf                              0x080032c0   Section      120  dleqf.o(x$fpl$dleqf)
    x$fpl$dmul                               0x08003338   Section      340  dmul.o(x$fpl$dmul)
    x$fpl$dnaninf                            0x0800348c   Section      156  dnaninf.o(x$fpl$dnaninf)
    x$fpl$dretinf                            0x08003528   Section       12  dretinf.o(x$fpl$dretinf)
    x$fpl$drleqf                             0x08003534   Section      108  drleqf.o(x$fpl$drleqf)
    x$fpl$dsub                               0x080035a0   Section      468  daddsub_clz.o(x$fpl$dsub)
    _dsub1                                   0x080035b1   Thumb Code     0  daddsub_clz.o(x$fpl$dsub)
    x$fpl$f2d                                0x08003774   Section       86  f2d.o(x$fpl$f2d)
    x$fpl$fadd                               0x080037cc   Section      196  faddsub_clz.o(x$fpl$fadd)
    _fadd1                                   0x080037db   Thumb Code     0  faddsub_clz.o(x$fpl$fadd)
    x$fpl$fcmpinf                            0x08003890   Section       24  fcmpi.o(x$fpl$fcmpinf)
    x$fpl$fdiv                               0x080038a8   Section      388  fdiv.o(x$fpl$fdiv)
    _fdiv1                                   0x080038a9   Thumb Code     0  fdiv.o(x$fpl$fdiv)
    x$fpl$feqf                               0x08003a2c   Section      104  feqf.o(x$fpl$feqf)
    x$fpl$ffix                               0x08003a94   Section       54  ffix.o(x$fpl$ffix)
    x$fpl$fflt                               0x08003acc   Section       48  fflt_clz.o(x$fpl$fflt)
    x$fpl$ffltu                              0x08003afc   Section       38  fflt_clz.o(x$fpl$ffltu)
    x$fpl$fleqf                              0x08003b24   Section      104  fleqf.o(x$fpl$fleqf)
    x$fpl$fmul                               0x08003b8c   Section      258  fmul.o(x$fpl$fmul)
    x$fpl$fnaninf                            0x08003c8e   Section      140  fnaninf.o(x$fpl$fnaninf)
    x$fpl$fretinf                            0x08003d1a   Section       10  fretinf.o(x$fpl$fretinf)
    x$fpl$frleqf                             0x08003d24   Section       98  frleqf.o(x$fpl$frleqf)
    x$fpl$fsub                               0x08003d88   Section      234  faddsub_clz.o(x$fpl$fsub)
    _fsub1                                   0x08003d97   Thumb Code     0  faddsub_clz.o(x$fpl$fsub)
    x$fpl$printf1                            0x08003e72   Section        4  printf1.o(x$fpl$printf1)
    .constdata                               0x08003e76   Section       12  gyro.o(.constdata)
    x$fpl$usenofp                            0x08003e76   Section        0  usenofp.o(x$fpl$usenofp)
    .constdata                               0x08003e84   Section      148  bigflt0.o(.constdata)
    tenpwrs_x                                0x08003e84   Data          60  bigflt0.o(.constdata)
    tenpwrs_i                                0x08003ec0   Data          64  bigflt0.o(.constdata)
    locale$$data                             0x08003f38   Section       28  lc_numeric_c.o(locale$$data)
    __lcnum_c_name                           0x08003f3c   Data           2  lc_numeric_c.o(locale$$data)
    __lcnum_c_start                          0x08003f44   Data           0  lc_numeric_c.o(locale$$data)
    __lcnum_c_point                          0x08003f50   Data           0  lc_numeric_c.o(locale$$data)
    __lcnum_c_thousands                      0x08003f52   Data           0  lc_numeric_c.o(locale$$data)
    __lcnum_c_grouping                       0x08003f53   Data           0  lc_numeric_c.o(locale$$data)
    __lcnum_c_end                            0x08003f54   Data           0  lc_numeric_c.o(locale$$data)
    .data                                    0x20000000   Section       20  stm32f10x_rcc.o(.data)
    APBAHBPrescTable                         0x20000000   Data          16  stm32f10x_rcc.o(.data)
    ADCPrescTable                            0x20000010   Data           4  stm32f10x_rcc.o(.data)
    .data                                    0x20000014   Section       15  gyro.o(.data)
    rxState                                  0x20000020   Data           1  gyro.o(.data)
    cksum                                    0x20000021   Data           1  gyro.o(.data)
    dataIndex                                0x20000022   Data           1  gyro.o(.data)
    .data                                    0x20000023   Section        8  can.o(.data)
    .bss                                     0x2000002c   Section      121  gyro.o(.bss)
    .bss                                     0x200000a5   Section      516  uart.o(.bss)
    .bss                                     0x200002a9   Section       24  can.o(.bss)
    .bss                                     0x200002c4   Section      208  motor3508.o(.bss)
    .bss                                     0x20000394   Section       84  chassis.o(.bss)
    .bss                                     0x200003e8   Section       96  libspace.o(.bss)
    HEAP                                     0x20000448   Section      512  startup_stm32f10x_hd.o(HEAP)
    Heap_Mem                                 0x20000448   Data         512  startup_stm32f10x_hd.o(HEAP)
    STACK                                    0x20000648   Section     1024  startup_stm32f10x_hd.o(STACK)
    Stack_Mem                                0x20000648   Data        1024  startup_stm32f10x_hd.o(STACK)
    __initial_sp                             0x20000a48   Data           0  startup_stm32f10x_hd.o(STACK)

    Global Symbols

    Symbol Name                              Value     Ov Type        Size  Object(Section)

    BuildAttributes$$THM_ISAv4$P$D$K$B$S$PE$A:L22UL41UL21$X:L11$S22US41US21$IEEE1$IW$USESV6$~STKCKD$USESV7$~SHL$OTIME$ROPI$IEEEJ$EBA8$UX$STANDARDLIB$REQ8$PRES8$EABIv2 0x00000000   Number         0  anon$$obj.o ABSOLUTE
    __ARM_use_no_argv                        0x00000000   Number         0  main.o ABSOLUTE
    __ARM_exceptions_init                     - Undefined Weak Reference
    __alloca_initialize                       - Undefined Weak Reference
    __arm_fini_                               - Undefined Weak Reference
    __arm_preinit_                            - Undefined Weak Reference
    __cpp_initialize__aeabi_                  - Undefined Weak Reference
    __cxa_finalize                            - Undefined Weak Reference
    __sigvec_lookup                           - Undefined Weak Reference
    _atexit_init                              - Undefined Weak Reference
    _call_atexit_fns                          - Undefined Weak Reference
    _clock_init                               - Undefined Weak Reference
    _fp_trap_init                             - Undefined Weak Reference
    _fp_trap_shutdown                         - Undefined Weak Reference
    _get_lc_collate                           - Undefined Weak Reference
    _get_lc_ctype                             - Undefined Weak Reference
    _get_lc_monetary                          - Undefined Weak Reference
    _get_lc_time                              - Undefined Weak Reference
    _getenv_init                              - Undefined Weak Reference
    _handle_redirection                       - Undefined Weak Reference
    _init_alloc                               - Undefined Weak Reference
    _init_user_alloc                          - Undefined Weak Reference
    _initio                                   - Undefined Weak Reference
    _printf_post_padding                      - Undefined Weak Reference
    _printf_pre_padding                       - Undefined Weak Reference
    _rand_init                                - Undefined Weak Reference
    _signal_finish                            - Undefined Weak Reference
    _signal_init                              - Undefined Weak Reference
    _terminate_alloc                          - Undefined Weak Reference
    _terminate_user_alloc                     - Undefined Weak Reference
    _terminateio                              - Undefined Weak Reference
    __Vectors_Size                           0x00000130   Number         0  startup_stm32f10x_hd.o ABSOLUTE
    __Vectors                                0x08000000   Data           4  startup_stm32f10x_hd.o(RESET)
    __Vectors_End                            0x08000130   Data           0  startup_stm32f10x_hd.o(RESET)
    __main                                   0x08000131   Thumb Code     8  __main.o(!!!main)
    __scatterload                            0x08000139   Thumb Code     0  __scatter.o(!!!scatter)
    __scatterload_rt2                        0x08000139   Thumb Code    44  __scatter.o(!!!scatter)
    __scatterload_rt2_thumb_only             0x08000139   Thumb Code     0  __scatter.o(!!!scatter)
    __scatterload_null                       0x08000147   Thumb Code     0  __scatter.o(!!!scatter)
    __scatterload_copy                       0x0800016d   Thumb Code    26  __scatter_copy.o(!!handler_copy)
    __scatterload_zeroinit                   0x08000189   Thumb Code    28  __scatter_zi.o(!!handler_zi)
    _printf_f                                0x080001a5   Thumb Code     0  _printf_f.o(.ARM.Collect$$_printf_percent$$00000003)
    _printf_percent                          0x080001a5   Thumb Code     0  _printf_percent.o(.ARM.Collect$$_printf_percent$$00000000)
    _printf_percent_end                      0x080001ab   Thumb Code     0  _printf_percent_end.o(.ARM.Collect$$_printf_percent$$00000017)
    __rt_lib_init                            0x080001af   Thumb Code     0  libinit.o(.ARM.Collect$$libinit$$00000000)
    __rt_lib_init_fp_1                       0x080001b1   Thumb Code     0  libinit2.o(.ARM.Collect$$libinit$$00000002)
    __rt_lib_init_heap_1                     0x080001b1   Thumb Code     0  libinit2.o(.ARM.Collect$$libinit$$0000000A)
    __rt_lib_init_lc_common                  0x080001b1   Thumb Code     0  libinit2.o(.ARM.Collect$$libinit$$0000000F)
    __rt_lib_init_preinit_1                  0x080001b1   Thumb Code     0  libinit2.o(.ARM.Collect$$libinit$$00000004)
    __rt_lib_init_rand_1                     0x080001b1   Thumb Code     0  libinit2.o(.ARM.Collect$$libinit$$0000000E)
    __rt_lib_init_user_alloc_1               0x080001b1   Thumb Code     0  libinit2.o(.ARM.Collect$$libinit$$0000000C)
    __rt_lib_init_lc_collate_1               0x080001b7   Thumb Code     0  libinit2.o(.ARM.Collect$$libinit$$00000011)
    __rt_lib_init_lc_ctype_1                 0x080001b7   Thumb Code     0  libinit2.o(.ARM.Collect$$libinit$$00000013)
    __rt_lib_init_lc_monetary_1              0x080001b7   Thumb Code     0  libinit2.o(.ARM.Collect$$libinit$$00000015)
    __rt_lib_init_lc_numeric_2               0x080001b7   Thumb Code     0  libinit2.o(.ARM.Collect$$libinit$$00000016)
    __rt_lib_init_alloca_1                   0x080001c1   Thumb Code     0  libinit2.o(.ARM.Collect$$libinit$$0000002E)
    __rt_lib_init_argv_1                     0x080001c1   Thumb Code     0  libinit2.o(.ARM.Collect$$libinit$$0000002C)
    __rt_lib_init_atexit_1                   0x080001c1   Thumb Code     0  libinit2.o(.ARM.Collect$$libinit$$0000001B)
    __rt_lib_init_clock_1                    0x080001c1   Thumb Code     0  libinit2.o(.ARM.Collect$$libinit$$00000021)
    __rt_lib_init_cpp_1                      0x080001c1   Thumb Code     0  libinit2.o(.ARM.Collect$$libinit$$00000032)
    __rt_lib_init_exceptions_1               0x080001c1   Thumb Code     0  libinit2.o(.ARM.Collect$$libinit$$00000030)
    __rt_lib_init_fp_trap_1                  0x080001c1   Thumb Code     0  libinit2.o(.ARM.Collect$$libinit$$0000001F)
    __rt_lib_init_getenv_1                   0x080001c1   Thumb Code     0  libinit2.o(.ARM.Collect$$libinit$$00000023)
    __rt_lib_init_lc_numeric_1               0x080001c1   Thumb Code     0  libinit2.o(.ARM.Collect$$libinit$$00000017)
    __rt_lib_init_lc_time_1                  0x080001c1   Thumb Code     0  libinit2.o(.ARM.Collect$$libinit$$00000019)
    __rt_lib_init_return                     0x080001c1   Thumb Code     0  libinit2.o(.ARM.Collect$$libinit$$00000033)
    __rt_lib_init_signal_1                   0x080001c1   Thumb Code     0  libinit2.o(.ARM.Collect$$libinit$$0000001D)
    __rt_lib_init_stdio_1                    0x080001c1   Thumb Code     0  libinit2.o(.ARM.Collect$$libinit$$00000025)
    __rt_lib_shutdown                        0x080001c3   Thumb Code     0  libshutdown.o(.ARM.Collect$$libshutdown$$00000000)
    __rt_lib_shutdown_cpp_1                  0x080001c5   Thumb Code     0  libshutdown2.o(.ARM.Collect$$libshutdown$$00000004)
    __rt_lib_shutdown_fini_1                 0x080001c5   Thumb Code     0  libshutdown2.o(.ARM.Collect$$libshutdown$$00000002)
    __rt_lib_shutdown_fp_trap_1              0x080001c5   Thumb Code     0  libshutdown2.o(.ARM.Collect$$libshutdown$$00000009)
    __rt_lib_shutdown_heap_1                 0x080001c5   Thumb Code     0  libshutdown2.o(.ARM.Collect$$libshutdown$$00000011)
    __rt_lib_shutdown_return                 0x080001c5   Thumb Code     0  libshutdown2.o(.ARM.Collect$$libshutdown$$00000012)
    __rt_lib_shutdown_signal_1               0x080001c5   Thumb Code     0  libshutdown2.o(.ARM.Collect$$libshutdown$$0000000C)
    __rt_lib_shutdown_stdio_1                0x080001c5   Thumb Code     0  libshutdown2.o(.ARM.Collect$$libshutdown$$00000006)
    __rt_lib_shutdown_user_alloc_1           0x080001c5   Thumb Code     0  libshutdown2.o(.ARM.Collect$$libshutdown$$0000000E)
    __rt_entry                               0x080001c7   Thumb Code     0  __rtentry.o(.ARM.Collect$$rtentry$$00000000)
    __rt_entry_presh_1                       0x080001c7   Thumb Code     0  __rtentry2.o(.ARM.Collect$$rtentry$$00000002)
    __rt_entry_sh                            0x080001c7   Thumb Code     0  __rtentry4.o(.ARM.Collect$$rtentry$$00000004)
    __rt_entry_li                            0x080001cd   Thumb Code     0  __rtentry2.o(.ARM.Collect$$rtentry$$0000000A)
    __rt_entry_postsh_1                      0x080001cd   Thumb Code     0  __rtentry2.o(.ARM.Collect$$rtentry$$00000009)
    __rt_entry_main                          0x080001d1   Thumb Code     0  __rtentry2.o(.ARM.Collect$$rtentry$$0000000D)
    __rt_entry_postli_1                      0x080001d1   Thumb Code     0  __rtentry2.o(.ARM.Collect$$rtentry$$0000000C)
    __rt_exit                                0x080001d9   Thumb Code     0  rtexit.o(.ARM.Collect$$rtexit$$00000000)
    __rt_exit_ls                             0x080001db   Thumb Code     0  rtexit2.o(.ARM.Collect$$rtexit$$00000003)
    __rt_exit_prels_1                        0x080001db   Thumb Code     0  rtexit2.o(.ARM.Collect$$rtexit$$00000002)
    __rt_exit_exit                           0x080001df   Thumb Code     0  rtexit2.o(.ARM.Collect$$rtexit$$00000004)
    Reset_Handler                            0x080001e5   Thumb Code     8  startup_stm32f10x_hd.o(.text)
    ADC1_2_IRQHandler                        0x080001ff   Thumb Code     0  startup_stm32f10x_hd.o(.text)
    ADC3_IRQHandler                          0x080001ff   Thumb Code     0  startup_stm32f10x_hd.o(.text)
    CAN1_RX1_IRQHandler                      0x080001ff   Thumb Code     0  startup_stm32f10x_hd.o(.text)
    CAN1_SCE_IRQHandler                      0x080001ff   Thumb Code     0  startup_stm32f10x_hd.o(.text)
    DMA1_Channel1_IRQHandler                 0x080001ff   Thumb Code     0  startup_stm32f10x_hd.o(.text)
    DMA1_Channel2_IRQHandler                 0x080001ff   Thumb Code     0  startup_stm32f10x_hd.o(.text)
    DMA1_Channel3_IRQHandler                 0x080001ff   Thumb Code     0  startup_stm32f10x_hd.o(.text)
    DMA1_Channel4_IRQHandler                 0x080001ff   Thumb Code     0  startup_stm32f10x_hd.o(.text)
    DMA1_Channel5_IRQHandler                 0x080001ff   Thumb Code     0  startup_stm32f10x_hd.o(.text)
    DMA1_Channel6_IRQHandler                 0x080001ff   Thumb Code     0  startup_stm32f10x_hd.o(.text)
    DMA1_Channel7_IRQHandler                 0x080001ff   Thumb Code     0  startup_stm32f10x_hd.o(.text)
    DMA2_Channel1_IRQHandler                 0x080001ff   Thumb Code     0  startup_stm32f10x_hd.o(.text)
    DMA2_Channel2_IRQHandler                 0x080001ff   Thumb Code     0  startup_stm32f10x_hd.o(.text)
    DMA2_Channel3_IRQHandler                 0x080001ff   Thumb Code     0  startup_stm32f10x_hd.o(.text)
    DMA2_Channel4_5_IRQHandler               0x080001ff   Thumb Code     0  startup_stm32f10x_hd.o(.text)
    EXTI0_IRQHandler                         0x080001ff   Thumb Code     0  startup_stm32f10x_hd.o(.text)
    EXTI15_10_IRQHandler                     0x080001ff   Thumb Code     0  startup_stm32f10x_hd.o(.text)
    EXTI1_IRQHandler                         0x080001ff   Thumb Code     0  startup_stm32f10x_hd.o(.text)
    EXTI2_IRQHandler                         0x080001ff   Thumb Code     0  startup_stm32f10x_hd.o(.text)
    EXTI3_IRQHandler                         0x080001ff   Thumb Code     0  startup_stm32f10x_hd.o(.text)
    EXTI4_IRQHandler                         0x080001ff   Thumb Code     0  startup_stm32f10x_hd.o(.text)
    EXTI9_5_IRQHandler                       0x080001ff   Thumb Code     0  startup_stm32f10x_hd.o(.text)
    FLASH_IRQHandler                         0x080001ff   Thumb Code     0  startup_stm32f10x_hd.o(.text)
    FSMC_IRQHandler                          0x080001ff   Thumb Code     0  startup_stm32f10x_hd.o(.text)
    I2C1_ER_IRQHandler                       0x080001ff   Thumb Code     0  startup_stm32f10x_hd.o(.text)
    I2C1_EV_IRQHandler                       0x080001ff   Thumb Code     0  startup_stm32f10x_hd.o(.text)
    I2C2_ER_IRQHandler                       0x080001ff   Thumb Code     0  startup_stm32f10x_hd.o(.text)
    I2C2_EV_IRQHandler                       0x080001ff   Thumb Code     0  startup_stm32f10x_hd.o(.text)
    PVD_IRQHandler                           0x080001ff   Thumb Code     0  startup_stm32f10x_hd.o(.text)
    RCC_IRQHandler                           0x080001ff   Thumb Code     0  startup_stm32f10x_hd.o(.text)
    RTCAlarm_IRQHandler                      0x080001ff   Thumb Code     0  startup_stm32f10x_hd.o(.text)
    RTC_IRQHandler                           0x080001ff   Thumb Code     0  startup_stm32f10x_hd.o(.text)
    SDIO_IRQHandler                          0x080001ff   Thumb Code     0  startup_stm32f10x_hd.o(.text)
    SPI1_IRQHandler                          0x080001ff   Thumb Code     0  startup_stm32f10x_hd.o(.text)
    SPI2_IRQHandler                          0x080001ff   Thumb Code     0  startup_stm32f10x_hd.o(.text)
    SPI3_IRQHandler                          0x080001ff   Thumb Code     0  startup_stm32f10x_hd.o(.text)
    TAMPER_IRQHandler                        0x080001ff   Thumb Code     0  startup_stm32f10x_hd.o(.text)
    TIM1_BRK_IRQHandler                      0x080001ff   Thumb Code     0  startup_stm32f10x_hd.o(.text)
    TIM1_CC_IRQHandler                       0x080001ff   Thumb Code     0  startup_stm32f10x_hd.o(.text)
    TIM1_TRG_COM_IRQHandler                  0x080001ff   Thumb Code     0  startup_stm32f10x_hd.o(.text)
    TIM1_UP_IRQHandler                       0x080001ff   Thumb Code     0  startup_stm32f10x_hd.o(.text)
    TIM2_IRQHandler                          0x080001ff   Thumb Code     0  startup_stm32f10x_hd.o(.text)
    TIM3_IRQHandler                          0x080001ff   Thumb Code     0  startup_stm32f10x_hd.o(.text)
    TIM4_IRQHandler                          0x080001ff   Thumb Code     0  startup_stm32f10x_hd.o(.text)
    TIM5_IRQHandler                          0x080001ff   Thumb Code     0  startup_stm32f10x_hd.o(.text)
    TIM6_IRQHandler                          0x080001ff   Thumb Code     0  startup_stm32f10x_hd.o(.text)
    TIM7_IRQHandler                          0x080001ff   Thumb Code     0  startup_stm32f10x_hd.o(.text)
    TIM8_BRK_IRQHandler                      0x080001ff   Thumb Code     0  startup_stm32f10x_hd.o(.text)
    TIM8_CC_IRQHandler                       0x080001ff   Thumb Code     0  startup_stm32f10x_hd.o(.text)
    TIM8_TRG_COM_IRQHandler                  0x080001ff   Thumb Code     0  startup_stm32f10x_hd.o(.text)
    TIM8_UP_IRQHandler                       0x080001ff   Thumb Code     0  startup_stm32f10x_hd.o(.text)
    UART4_IRQHandler                         0x080001ff   Thumb Code     0  startup_stm32f10x_hd.o(.text)
    UART5_IRQHandler                         0x080001ff   Thumb Code     0  startup_stm32f10x_hd.o(.text)
    USART3_IRQHandler                        0x080001ff   Thumb Code     0  startup_stm32f10x_hd.o(.text)
    USBWakeUp_IRQHandler                     0x080001ff   Thumb Code     0  startup_stm32f10x_hd.o(.text)
    USB_HP_CAN1_TX_IRQHandler                0x080001ff   Thumb Code     0  startup_stm32f10x_hd.o(.text)
    WWDG_IRQHandler                          0x080001ff   Thumb Code     0  startup_stm32f10x_hd.o(.text)
    __user_initial_stackheap                 0x08000201   Thumb Code     0  startup_stm32f10x_hd.o(.text)
    __2sprintf                               0x08000225   Thumb Code    34  noretval__2sprintf.o(.text)
    __printf                                 0x0800024d   Thumb Code   104  __printf.o(.text)
    __use_two_region_memory                  0x080002b5   Thumb Code     2  heapauxi.o(.text)
    __rt_heap_escrow$2region                 0x080002b7   Thumb Code     2  heapauxi.o(.text)
    __rt_heap_expand$2region                 0x080002b9   Thumb Code     2  heapauxi.o(.text)
    __lib_sel_fp_printf                      0x080002bb   Thumb Code     2  _printf_fp_dec.o(.text)
    _printf_fp_dec_real                      0x0800046d   Thumb Code   620  _printf_fp_dec.o(.text)
    _printf_char_common                      0x080006e3   Thumb Code    32  _printf_char_common.o(.text)
    _sputc                                   0x08000709   Thumb Code    10  _sputc.o(.text)
    __rt_locale                              0x08000715   Thumb Code     8  rt_locale_intlibspace.o(.text)
    _ll_udiv10                               0x0800071d   Thumb Code   138  lludiv10.o(.text)
    _printf_fp_infnan                        0x080007a9   Thumb Code   112  _printf_fp_infnan.o(.text)
    _btod_etento                             0x08000829   Thumb Code   224  bigflt0.o(.text)
    __user_libspace                          0x0800090d   Thumb Code     8  libspace.o(.text)
    __user_perproc_libspace                  0x0800090d   Thumb Code     0  libspace.o(.text)
    __user_perthread_libspace                0x0800090d   Thumb Code     0  libspace.o(.text)
    __user_setup_stackheap                   0x08000915   Thumb Code    74  sys_stackheap_outer.o(.text)
    exit                                     0x0800095f   Thumb Code    18  exit.o(.text)
    strcmp                                   0x08000971   Thumb Code   128  strcmpv7m.o(.text)
    _sys_exit                                0x080009f1   Thumb Code     8  sys_exit.o(.text)
    __I$use$semihosting                      0x080009fd   Thumb Code     0  use_no_semi.o(.text)
    __use_no_semihosting_swi                 0x080009fd   Thumb Code     2  use_no_semi.o(.text)
    __semihosting_library_function           0x080009ff   Thumb Code     0  indicate_semi.o(.text)
    _btod_d2e                                0x080009ff   Thumb Code    62  btod.o(CL$$btod_d2e)
    _d2e_denorm_low                          0x08000a3d   Thumb Code    70  btod.o(CL$$btod_d2e_denorm_low)
    _d2e_norm_op1                            0x08000a83   Thumb Code    96  btod.o(CL$$btod_d2e_norm_op1)
    __btod_div_common                        0x08000ae3   Thumb Code   696  btod.o(CL$$btod_div_common)
    _e2e                                     0x08000e1b   Thumb Code   220  btod.o(CL$$btod_e2e)
    _btod_ediv                               0x08000ef7   Thumb Code    42  btod.o(CL$$btod_ediv)
    _btod_emul                               0x08000f21   Thumb Code    42  btod.o(CL$$btod_emul)
    __btod_mult_common                       0x08000f4b   Thumb Code   580  btod.o(CL$$btod_mult_common)
    BusFault_Handler                         0x0800118f   Thumb Code     4  stm32f10x_it.o(i.BusFault_Handler)
    CAN_FilterInit                           0x08001195   Thumb Code   258  stm32f10x_can.o(i.CAN_FilterInit)
    CAN_ITConfig                             0x0800129d   Thumb Code    18  stm32f10x_can.o(i.CAN_ITConfig)
    CAN_Init                                 0x080012af   Thumb Code   276  stm32f10x_can.o(i.CAN_Init)
    CAN_Receive                              0x080013c3   Thumb Code   240  stm32f10x_can.o(i.CAN_Receive)
    CAN_Transmit                             0x080014b3   Thumb Code   294  stm32f10x_can.o(i.CAN_Transmit)
    CAN_TransmitStatus                       0x080015d9   Thumb Code   138  stm32f10x_can.o(i.CAN_TransmitStatus)
    DebugMon_Handler                         0x08001679   Thumb Code     2  stm32f10x_it.o(i.DebugMon_Handler)
    GPIO_Init                                0x0800167b   Thumb Code   278  stm32f10x_gpio.o(i.GPIO_Init)
    GPIO_PinRemapConfig                      0x08001791   Thumb Code   138  stm32f10x_gpio.o(i.GPIO_PinRemapConfig)
    GPIO_ReadInputDataBit                    0x08001821   Thumb Code    18  stm32f10x_gpio.o(i.GPIO_ReadInputDataBit)
    GPIO_SetBits                             0x08001833   Thumb Code     4  stm32f10x_gpio.o(i.GPIO_SetBits)
    GPIO_WriteBit                            0x08001837   Thumb Code    10  stm32f10x_gpio.o(i.GPIO_WriteBit)
    HardFault_Handler                        0x08001841   Thumb Code     4  stm32f10x_it.o(i.HardFault_Handler)
    KEY_Init                                 0x08001845   Thumb Code    80  key.o(i.KEY_Init)
    LED0                                     0x0800189d   Thumb Code    24  led.o(i.LED0)
    LED1                                     0x080018b9   Thumb Code    24  led.o(i.LED1)
    LEDInit                                  0x080018d5   Thumb Code    80  led.o(i.LEDInit)
    MemManage_Handler                        0x08001929   Thumb Code     4  stm32f10x_it.o(i.MemManage_Handler)
    NMI_Handler                              0x0800192d   Thumb Code     2  stm32f10x_it.o(i.NMI_Handler)
    NVIC_Init                                0x08001931   Thumb Code   100  misc.o(i.NVIC_Init)
    NVIC_PriorityGroupConfig                 0x080019a1   Thumb Code    10  misc.o(i.NVIC_PriorityGroupConfig)
    PendSV_Handler                           0x080019b5   Thumb Code     2  stm32f10x_it.o(i.PendSV_Handler)
    RCC_APB1PeriphClockCmd                   0x080019b9   Thumb Code    26  stm32f10x_rcc.o(i.RCC_APB1PeriphClockCmd)
    RCC_APB2PeriphClockCmd                   0x080019d9   Thumb Code    26  stm32f10x_rcc.o(i.RCC_APB2PeriphClockCmd)
    RCC_GetClocksFreq                        0x080019f9   Thumb Code   192  stm32f10x_rcc.o(i.RCC_GetClocksFreq)
    SVC_Handler                              0x08001acd   Thumb Code     2  stm32f10x_it.o(i.SVC_Handler)
    SysTick_Handler                          0x08001bb9   Thumb Code     2  stm32f10x_it.o(i.SysTick_Handler)
    SystemInit                               0x08001bbd   Thumb Code    78  system_stm32f10x.o(i.SystemInit)
    USART1_IRQHandler                        0x08001c1d   Thumb Code    32  uart.o(i.USART1_IRQHandler)
    USART2_IRQHandler                        0x08001c49   Thumb Code   164  chassis.o(i.USART2_IRQHandler)
    USART_Cmd                                0x08001d09   Thumb Code    24  stm32f10x_usart.o(i.USART_Cmd)
    USART_GetFlagStatus                      0x08001d21   Thumb Code    26  stm32f10x_usart.o(i.USART_GetFlagStatus)
    USART_GetITStatus                        0x08001d3b   Thumb Code    84  stm32f10x_usart.o(i.USART_GetITStatus)
    USART_ITConfig                           0x08001d8f   Thumb Code    74  stm32f10x_usart.o(i.USART_ITConfig)
    USART_Init                               0x08001dd9   Thumb Code   210  stm32f10x_usart.o(i.USART_Init)
    USART_ReceiveData                        0x08001eb1   Thumb Code    10  stm32f10x_usart.o(i.USART_ReceiveData)
    USART_SendData                           0x08001ebb   Thumb Code     8  stm32f10x_usart.o(i.USART_SendData)
    USB_LP_CAN1_RX0_IRQHandler               0x08001ec5   Thumb Code    80  motor3508.o(i.USB_LP_CAN1_RX0_IRQHandler)
    UsageFault_Handler                       0x08001f21   Thumb Code     4  stm32f10x_it.o(i.UsageFault_Handler)
    __ARM_fpclassify                         0x08001f25   Thumb Code    40  fpclassify.o(i.__ARM_fpclassify)
    atkpParsing                              0x08001f4d   Thumb Code   872  gyro.o(i.atkpParsing)
    can_init                                 0x080022e1   Thumb Code   248  can.o(i.can_init)
    chassisAngleRing                         0x080023e1   Thumb Code   262  chassis.o(i.chassisAngleRing)
    chassisInit                              0x080024f9   Thumb Code    56  chassis.o(i.chassisInit)
    cycleArray_init                          0x08002539   Thumb Code    12  cyclearray.o(i.cycleArray_init)
    cycleArray_push                          0x08002545   Thumb Code    78  cyclearray.o(i.cycleArray_push)
    gyro_unpack                              0x08002595   Thumb Code   250  gyro.o(i.gyro_unpack)
    main                                     0x080026a1   Thumb Code   256  main.o(i.main)
    motorGetData                             0x080027c1   Thumb Code   604  motor3508.o(i.motorGetData)
    motorInit                                0x08002a35   Thumb Code   150  motor3508.o(i.motorInit)
    motorSendCurrent                         0x08002add   Thumb Code    86  motor3508.o(i.motorSendCurrent)
    motorSetTargetRpm                        0x08002b3d   Thumb Code     4  motor3508.o(i.motorSetTargetRpm)
    motorSpeedRing                           0x08002b41   Thumb Code   110  motor3508.o(i.motorSpeedRing)
    pidInit                                  0x08002bb9   Thumb Code    18  pid.o(i.pidInit)
    pidOutput                                0x08002bcb   Thumb Code    96  pid.o(i.pidOutput)
    uart1_send                               0x08002c2d   Thumb Code    40  uart.o(i.uart1_send)
    usart1Init                               0x08002c59   Thumb Code   170  uart.o(i.usart1Init)
    usart2Init                               0x08002d11   Thumb Code   168  uart.o(i.usart2Init)
    _get_lc_numeric                          0x08002dc5   Thumb Code    44  lc_numeric_c.o(locale$$code)
    __aeabi_d2f                              0x08002df1   Thumb Code     0  d2f.o(x$fpl$d2f)
    _d2f                                     0x08002df1   Thumb Code    98  d2f.o(x$fpl$d2f)
    __aeabi_dadd                             0x08002e55   Thumb Code     0  daddsub_clz.o(x$fpl$dadd)
    _dadd                                    0x08002e55   Thumb Code   332  daddsub_clz.o(x$fpl$dadd)
    __fpl_dcmp_Inf                           0x08002fa5   Thumb Code    24  dcmpi.o(x$fpl$dcmpinf)
    __aeabi_ddiv                             0x08002fbd   Thumb Code     0  ddiv.o(x$fpl$ddiv)
    _ddiv                                    0x08002fbd   Thumb Code   552  ddiv.o(x$fpl$ddiv)
    __aeabi_i2d                              0x0800326d   Thumb Code     0  dflt_clz.o(x$fpl$dflt)
    _dflt                                    0x0800326d   Thumb Code    46  dflt_clz.o(x$fpl$dflt)
    __aeabi_ui2d                             0x0800329b   Thumb Code     0  dflt_clz.o(x$fpl$dfltu)
    _dfltu                                   0x0800329b   Thumb Code    38  dflt_clz.o(x$fpl$dfltu)
    __aeabi_cdcmple                          0x080032c1   Thumb Code     0  dleqf.o(x$fpl$dleqf)
    _dcmple                                  0x080032c1   Thumb Code   120  dleqf.o(x$fpl$dleqf)
    __fpl_dcmple_InfNaN                      0x08003323   Thumb Code     0  dleqf.o(x$fpl$dleqf)
    __aeabi_dmul                             0x08003339   Thumb Code     0  dmul.o(x$fpl$dmul)
    _dmul                                    0x08003339   Thumb Code   332  dmul.o(x$fpl$dmul)
    __fpl_dnaninf                            0x0800348d   Thumb Code   156  dnaninf.o(x$fpl$dnaninf)
    __fpl_dretinf                            0x08003529   Thumb Code    12  dretinf.o(x$fpl$dretinf)
    __aeabi_cdrcmple                         0x08003535   Thumb Code     0  drleqf.o(x$fpl$drleqf)
    _drcmple                                 0x08003535   Thumb Code   108  drleqf.o(x$fpl$drleqf)
    __aeabi_dsub                             0x080035a1   Thumb Code     0  daddsub_clz.o(x$fpl$dsub)
    _dsub                                    0x080035a1   Thumb Code   464  daddsub_clz.o(x$fpl$dsub)
    __aeabi_f2d                              0x08003775   Thumb Code     0  f2d.o(x$fpl$f2d)
    _f2d                                     0x08003775   Thumb Code    86  f2d.o(x$fpl$f2d)
    __aeabi_fadd                             0x080037cd   Thumb Code     0  faddsub_clz.o(x$fpl$fadd)
    _fadd                                    0x080037cd   Thumb Code   196  faddsub_clz.o(x$fpl$fadd)
    __fpl_fcmp_Inf                           0x08003891   Thumb Code    24  fcmpi.o(x$fpl$fcmpinf)
    __aeabi_fdiv                             0x080038a9   Thumb Code     0  fdiv.o(x$fpl$fdiv)
    _fdiv                                    0x080038a9   Thumb Code   384  fdiv.o(x$fpl$fdiv)
    __aeabi_cfcmpeq                          0x08003a2d   Thumb Code     0  feqf.o(x$fpl$feqf)
    _fcmpeq                                  0x08003a2d   Thumb Code   104  feqf.o(x$fpl$feqf)
    __aeabi_f2iz                             0x08003a95   Thumb Code     0  ffix.o(x$fpl$ffix)
    _ffix                                    0x08003a95   Thumb Code    54  ffix.o(x$fpl$ffix)
    __aeabi_i2f                              0x08003acd   Thumb Code     0  fflt_clz.o(x$fpl$fflt)
    _fflt                                    0x08003acd   Thumb Code    48  fflt_clz.o(x$fpl$fflt)
    __aeabi_ui2f                             0x08003afd   Thumb Code     0  fflt_clz.o(x$fpl$ffltu)
    _ffltu                                   0x08003afd   Thumb Code    38  fflt_clz.o(x$fpl$ffltu)
    __aeabi_cfcmple                          0x08003b25   Thumb Code     0  fleqf.o(x$fpl$fleqf)
    _fcmple                                  0x08003b25   Thumb Code   104  fleqf.o(x$fpl$fleqf)
    __fpl_fcmple_InfNaN                      0x08003b77   Thumb Code     0  fleqf.o(x$fpl$fleqf)
    __aeabi_fmul                             0x08003b8d   Thumb Code     0  fmul.o(x$fpl$fmul)
    _fmul                                    0x08003b8d   Thumb Code   258  fmul.o(x$fpl$fmul)
    __fpl_fnaninf                            0x08003c8f   Thumb Code   140  fnaninf.o(x$fpl$fnaninf)
    __fpl_fretinf                            0x08003d1b   Thumb Code    10  fretinf.o(x$fpl$fretinf)
    __aeabi_cfrcmple                         0x08003d25   Thumb Code     0  frleqf.o(x$fpl$frleqf)
    _frcmple                                 0x08003d25   Thumb Code    98  frleqf.o(x$fpl$frleqf)
    __aeabi_fsub                             0x08003d89   Thumb Code     0  faddsub_clz.o(x$fpl$fsub)
    _fsub                                    0x08003d89   Thumb Code   234  faddsub_clz.o(x$fpl$fsub)
    _printf_fp_dec                           0x08003e73   Thumb Code     4  printf1.o(x$fpl$printf1)
    __I$use$fp                               0x08003e76   Number         0  usenofp.o(x$fpl$usenofp)
    gyroFsrTable                             0x08003e76   Data           8  gyro.o(.constdata)
    accFsrTable                              0x08003e7e   Data           4  gyro.o(.constdata)
    Region$$Table$$Base                      0x08003f18   Number         0  anon$$obj.o(Region$$Table)
    Region$$Table$$Limit                     0x08003f38   Number         0  anon$$obj.o(Region$$Table)
    iostatus                                 0x20000014   Data           8  gyro.o(.data)
    imu901Param                              0x2000001c   Data           4  gyro.o(.data)
    can_motor_send_databuff                  0x20000023   Data           8  can.o(.data)
    attitude                                 0x2000002c   Data          12  gyro.o(.bss)
    quaternion                               0x20000038   Data          16  gyro.o(.bss)
    gyroAccData                              0x20000048   Data          36  gyro.o(.bss)
    magData                                  0x2000006c   Data          12  gyro.o(.bss)
    baroData                                 0x20000078   Data          12  gyro.o(.bss)
    gyroDataFrame                            0x20000084   Data          33  gyro.o(.bss)
    uart1_fifo                               0x200000a5   Data         258  uart.o(.bss)
    uart2_fifo                               0x200001a7   Data         258  uart.o(.bss)
    can_motor_receive_databuff               0x200002a9   Data          24  can.o(.bss)
    motor                                    0x200002c4   Data         156  motor3508.o(.bss)
    lalala                                   0x20000360   Data          52  motor3508.o(.bss)
    chassis                                  0x20000394   Data          84  chassis.o(.bss)
    __libspace_start                         0x200003e8   Data          96  libspace.o(.bss)
    __temporary_stack_top$libspace           0x20000448   Data           0  libspace.o(.bss)



==============================================================================

Memory Map of the image

  Image Entry point : 0x08000131

  Load Region LR_IROM1 (Base: 0x08000000, Size: 0x00003f80, Max: 0x00040000, ABSOLUTE)

    Execution Region ER_IROM1 (Exec base: 0x08000000, Load base: 0x08000000, Size: 0x00003f54, Max: 0x00040000, ABSOLUTE)

    Exec Addr    Load Addr    Size         Type   Attr      Idx    E Section Name        Object

    0x08000000   0x08000000   0x00000130   Data   RO          272    RESET               startup_stm32f10x_hd.o
    0x08000130   0x08000130   0x00000008   Code   RO         3636  * !!!main             c_w.l(__main.o)
    0x08000138   0x08000138   0x00000034   Code   RO         3916    !!!scatter          c_w.l(__scatter.o)
    0x0800016c   0x0800016c   0x0000001a   Code   RO         3918    !!handler_copy      c_w.l(__scatter_copy.o)
    0x08000186   0x08000186   0x00000002   PAD
    0x08000188   0x08000188   0x0000001c   Code   RO         3920    !!handler_zi        c_w.l(__scatter_zi.o)
    0x080001a4   0x080001a4   0x00000000   Code   RO         3633    .ARM.Collect$$_printf_percent$$00000000  c_w.l(_printf_percent.o)
    0x080001a4   0x080001a4   0x00000006   Code   RO         3632    .ARM.Collect$$_printf_percent$$00000003  c_w.l(_printf_f.o)
    0x080001aa   0x080001aa   0x00000004   Code   RO         3701    .ARM.Collect$$_printf_percent$$00000017  c_w.l(_printf_percent_end.o)
    0x080001ae   0x080001ae   0x00000002   Code   RO         3787    .ARM.Collect$$libinit$$00000000  c_w.l(libinit.o)
    0x080001b0   0x080001b0   0x00000000   Code   RO         3789    .ARM.Collect$$libinit$$00000002  c_w.l(libinit2.o)
    0x080001b0   0x080001b0   0x00000000   Code   RO         3791    .ARM.Collect$$libinit$$00000004  c_w.l(libinit2.o)
    0x080001b0   0x080001b0   0x00000000   Code   RO         3794    .ARM.Collect$$libinit$$0000000A  c_w.l(libinit2.o)
    0x080001b0   0x080001b0   0x00000000   Code   RO         3796    .ARM.Collect$$libinit$$0000000C  c_w.l(libinit2.o)
    0x080001b0   0x080001b0   0x00000000   Code   RO         3798    .ARM.Collect$$libinit$$0000000E  c_w.l(libinit2.o)
    0x080001b0   0x080001b0   0x00000006   Code   RO         3799    .ARM.Collect$$libinit$$0000000F  c_w.l(libinit2.o)
    0x080001b6   0x080001b6   0x00000000   Code   RO         3801    .ARM.Collect$$libinit$$00000011  c_w.l(libinit2.o)
    0x080001b6   0x080001b6   0x00000000   Code   RO         3803    .ARM.Collect$$libinit$$00000013  c_w.l(libinit2.o)
    0x080001b6   0x080001b6   0x00000000   Code   RO         3805    .ARM.Collect$$libinit$$00000015  c_w.l(libinit2.o)
    0x080001b6   0x080001b6   0x0000000a   Code   RO         3806    .ARM.Collect$$libinit$$00000016  c_w.l(libinit2.o)
    0x080001c0   0x080001c0   0x00000000   Code   RO         3807    .ARM.Collect$$libinit$$00000017  c_w.l(libinit2.o)
    0x080001c0   0x080001c0   0x00000000   Code   RO         3809    .ARM.Collect$$libinit$$00000019  c_w.l(libinit2.o)
    0x080001c0   0x080001c0   0x00000000   Code   RO         3811    .ARM.Collect$$libinit$$0000001B  c_w.l(libinit2.o)
    0x080001c0   0x080001c0   0x00000000   Code   RO         3813    .ARM.Collect$$libinit$$0000001D  c_w.l(libinit2.o)
    0x080001c0   0x080001c0   0x00000000   Code   RO         3815    .ARM.Collect$$libinit$$0000001F  c_w.l(libinit2.o)
    0x080001c0   0x080001c0   0x00000000   Code   RO         3817    .ARM.Collect$$libinit$$00000021  c_w.l(libinit2.o)
    0x080001c0   0x080001c0   0x00000000   Code   RO         3819    .ARM.Collect$$libinit$$00000023  c_w.l(libinit2.o)
    0x080001c0   0x080001c0   0x00000000   Code   RO         3821    .ARM.Collect$$libinit$$00000025  c_w.l(libinit2.o)
    0x080001c0   0x080001c0   0x00000000   Code   RO         3825    .ARM.Collect$$libinit$$0000002C  c_w.l(libinit2.o)
    0x080001c0   0x080001c0   0x00000000   Code   RO         3827    .ARM.Collect$$libinit$$0000002E  c_w.l(libinit2.o)
    0x080001c0   0x080001c0   0x00000000   Code   RO         3829    .ARM.Collect$$libinit$$00000030  c_w.l(libinit2.o)
    0x080001c0   0x080001c0   0x00000000   Code   RO         3831    .ARM.Collect$$libinit$$00000032  c_w.l(libinit2.o)
    0x080001c0   0x080001c0   0x00000002   Code   RO         3832    .ARM.Collect$$libinit$$00000033  c_w.l(libinit2.o)
    0x080001c2   0x080001c2   0x00000002   Code   RO         3862    .ARM.Collect$$libshutdown$$00000000  c_w.l(libshutdown.o)
    0x080001c4   0x080001c4   0x00000000   Code   RO         3873    .ARM.Collect$$libshutdown$$00000002  c_w.l(libshutdown2.o)
    0x080001c4   0x080001c4   0x00000000   Code   RO         3875    .ARM.Collect$$libshutdown$$00000004  c_w.l(libshutdown2.o)
    0x080001c4   0x080001c4   0x00000000   Code   RO         3877    .ARM.Collect$$libshutdown$$00000006  c_w.l(libshutdown2.o)
    0x080001c4   0x080001c4   0x00000000   Code   RO         3880    .ARM.Collect$$libshutdown$$00000009  c_w.l(libshutdown2.o)
    0x080001c4   0x080001c4   0x00000000   Code   RO         3883    .ARM.Collect$$libshutdown$$0000000C  c_w.l(libshutdown2.o)
    0x080001c4   0x080001c4   0x00000000   Code   RO         3885    .ARM.Collect$$libshutdown$$0000000E  c_w.l(libshutdown2.o)
    0x080001c4   0x080001c4   0x00000000   Code   RO         3888    .ARM.Collect$$libshutdown$$00000011  c_w.l(libshutdown2.o)
    0x080001c4   0x080001c4   0x00000002   Code   RO         3889    .ARM.Collect$$libshutdown$$00000012  c_w.l(libshutdown2.o)
    0x080001c6   0x080001c6   0x00000000   Code   RO         3694    .ARM.Collect$$rtentry$$00000000  c_w.l(__rtentry.o)
    0x080001c6   0x080001c6   0x00000000   Code   RO         3716    .ARM.Collect$$rtentry$$00000002  c_w.l(__rtentry2.o)
    0x080001c6   0x080001c6   0x00000006   Code   RO         3728    .ARM.Collect$$rtentry$$00000004  c_w.l(__rtentry4.o)
    0x080001cc   0x080001cc   0x00000000   Code   RO         3718    .ARM.Collect$$rtentry$$00000009  c_w.l(__rtentry2.o)
    0x080001cc   0x080001cc   0x00000004   Code   RO         3719    .ARM.Collect$$rtentry$$0000000A  c_w.l(__rtentry2.o)
    0x080001d0   0x080001d0   0x00000000   Code   RO         3721    .ARM.Collect$$rtentry$$0000000C  c_w.l(__rtentry2.o)
    0x080001d0   0x080001d0   0x00000008   Code   RO         3722    .ARM.Collect$$rtentry$$0000000D  c_w.l(__rtentry2.o)
    0x080001d8   0x080001d8   0x00000002   Code   RO         3833    .ARM.Collect$$rtexit$$00000000  c_w.l(rtexit.o)
    0x080001da   0x080001da   0x00000000   Code   RO         3840    .ARM.Collect$$rtexit$$00000002  c_w.l(rtexit2.o)
    0x080001da   0x080001da   0x00000004   Code   RO         3841    .ARM.Collect$$rtexit$$00000003  c_w.l(rtexit2.o)
    0x080001de   0x080001de   0x00000006   Code   RO         3842    .ARM.Collect$$rtexit$$00000004  c_w.l(rtexit2.o)
    0x080001e4   0x080001e4   0x00000040   Code   RO          273    .text               startup_stm32f10x_hd.o
    0x08000224   0x08000224   0x00000028   Code   RO         3608    .text               c_w.l(noretval__2sprintf.o)
    0x0800024c   0x0800024c   0x00000068   Code   RO         3610    .text               c_w.l(__printf.o)
    0x080002b4   0x080002b4   0x00000006   Code   RO         3634    .text               c_w.l(heapauxi.o)
    0x080002ba   0x080002ba   0x0000041e   Code   RO         3695    .text               c_w.l(_printf_fp_dec.o)
    0x080006d8   0x080006d8   0x00000030   Code   RO         3697    .text               c_w.l(_printf_char_common.o)
    0x08000708   0x08000708   0x0000000a   Code   RO         3699    .text               c_w.l(_sputc.o)
    0x08000712   0x08000712   0x00000002   PAD
    0x08000714   0x08000714   0x00000008   Code   RO         3733    .text               c_w.l(rt_locale_intlibspace.o)
    0x0800071c   0x0800071c   0x0000008a   Code   RO         3735    .text               c_w.l(lludiv10.o)
    0x080007a6   0x080007a6   0x00000002   PAD
    0x080007a8   0x080007a8   0x00000080   Code   RO         3737    .text               c_w.l(_printf_fp_infnan.o)
    0x08000828   0x08000828   0x000000e4   Code   RO         3741    .text               c_w.l(bigflt0.o)
    0x0800090c   0x0800090c   0x00000008   Code   RO         3773    .text               c_w.l(libspace.o)
    0x08000914   0x08000914   0x0000004a   Code   RO         3776    .text               c_w.l(sys_stackheap_outer.o)
    0x0800095e   0x0800095e   0x00000012   Code   RO         3778    .text               c_w.l(exit.o)
    0x08000970   0x08000970   0x00000080   Code   RO         3780    .text               c_w.l(strcmpv7m.o)
    0x080009f0   0x080009f0   0x0000000c   Code   RO         3852    .text               c_w.l(sys_exit.o)
    0x080009fc   0x080009fc   0x00000002   Code   RO         3863    .text               c_w.l(use_no_semi.o)
    0x080009fe   0x080009fe   0x00000000   Code   RO         3865    .text               c_w.l(indicate_semi.o)
    0x080009fe   0x080009fe   0x0000003e   Code   RO         3744    CL$$btod_d2e        c_w.l(btod.o)
    0x08000a3c   0x08000a3c   0x00000046   Code   RO         3746    CL$$btod_d2e_denorm_low  c_w.l(btod.o)
    0x08000a82   0x08000a82   0x00000060   Code   RO         3745    CL$$btod_d2e_norm_op1  c_w.l(btod.o)
    0x08000ae2   0x08000ae2   0x00000338   Code   RO         3754    CL$$btod_div_common  c_w.l(btod.o)
    0x08000e1a   0x08000e1a   0x000000dc   Code   RO         3751    CL$$btod_e2e        c_w.l(btod.o)
    0x08000ef6   0x08000ef6   0x0000002a   Code   RO         3748    CL$$btod_ediv       c_w.l(btod.o)
    0x08000f20   0x08000f20   0x0000002a   Code   RO         3747    CL$$btod_emul       c_w.l(btod.o)
    0x08000f4a   0x08000f4a   0x00000244   Code   RO         3753    CL$$btod_mult_common  c_w.l(btod.o)
    0x0800118e   0x0800118e   0x00000004   Code   RO          136    i.BusFault_Handler  stm32f10x_it.o
    0x08001192   0x08001192   0x00000002   PAD
    0x08001194   0x08001194   0x00000108   Code   RO          619    i.CAN_FilterInit    stm32f10x_can.o
    0x0800129c   0x0800129c   0x00000012   Code   RO          625    i.CAN_ITConfig      stm32f10x_can.o
    0x080012ae   0x080012ae   0x00000114   Code   RO          626    i.CAN_Init          stm32f10x_can.o
    0x080013c2   0x080013c2   0x000000f0   Code   RO          629    i.CAN_Receive       stm32f10x_can.o
    0x080014b2   0x080014b2   0x00000126   Code   RO          634    i.CAN_Transmit      stm32f10x_can.o
    0x080015d8   0x080015d8   0x000000a0   Code   RO          635    i.CAN_TransmitStatus  stm32f10x_can.o
    0x08001678   0x08001678   0x00000002   Code   RO          137    i.DebugMon_Handler  stm32f10x_it.o
    0x0800167a   0x0800167a   0x00000116   Code   RO         1428    i.GPIO_Init         stm32f10x_gpio.o
    0x08001790   0x08001790   0x00000090   Code   RO         1430    i.GPIO_PinRemapConfig  stm32f10x_gpio.o
    0x08001820   0x08001820   0x00000012   Code   RO         1432    i.GPIO_ReadInputDataBit  stm32f10x_gpio.o
    0x08001832   0x08001832   0x00000004   Code   RO         1436    i.GPIO_SetBits      stm32f10x_gpio.o
    0x08001836   0x08001836   0x0000000a   Code   RO         1439    i.GPIO_WriteBit     stm32f10x_gpio.o
    0x08001840   0x08001840   0x00000004   Code   RO          138    i.HardFault_Handler  stm32f10x_it.o
    0x08001844   0x08001844   0x00000058   Code   RO         3496    i.KEY_Init          key.o
    0x0800189c   0x0800189c   0x0000001c   Code   RO         3244    i.LED0              led.o
    0x080018b8   0x080018b8   0x0000001c   Code   RO         3245    i.LED1              led.o
    0x080018d4   0x080018d4   0x00000054   Code   RO         3246    i.LEDInit           led.o
    0x08001928   0x08001928   0x00000004   Code   RO          139    i.MemManage_Handler  stm32f10x_it.o
    0x0800192c   0x0800192c   0x00000002   Code   RO          140    i.NMI_Handler       stm32f10x_it.o
    0x0800192e   0x0800192e   0x00000002   PAD
    0x08001930   0x08001930   0x00000070   Code   RO          277    i.NVIC_Init         misc.o
    0x080019a0   0x080019a0   0x00000014   Code   RO          278    i.NVIC_PriorityGroupConfig  misc.o
    0x080019b4   0x080019b4   0x00000002   Code   RO          141    i.PendSV_Handler    stm32f10x_it.o
    0x080019b6   0x080019b6   0x00000002   PAD
    0x080019b8   0x080019b8   0x00000020   Code   RO         1844    i.RCC_APB1PeriphClockCmd  stm32f10x_rcc.o
    0x080019d8   0x080019d8   0x00000020   Code   RO         1846    i.RCC_APB2PeriphClockCmd  stm32f10x_rcc.o
    0x080019f8   0x080019f8   0x000000d4   Code   RO         1854    i.RCC_GetClocksFreq  stm32f10x_rcc.o
    0x08001acc   0x08001acc   0x00000002   Code   RO          142    i.SVC_Handler       stm32f10x_it.o
    0x08001ace   0x08001ace   0x00000008   Code   RO          225    i.SetSysClock       system_stm32f10x.o
    0x08001ad6   0x08001ad6   0x00000002   PAD
    0x08001ad8   0x08001ad8   0x000000e0   Code   RO          226    i.SetSysClockTo72   system_stm32f10x.o
    0x08001bb8   0x08001bb8   0x00000002   Code   RO          143    i.SysTick_Handler   stm32f10x_it.o
    0x08001bba   0x08001bba   0x00000002   PAD
    0x08001bbc   0x08001bbc   0x00000060   Code   RO          228    i.SystemInit        system_stm32f10x.o
    0x08001c1c   0x08001c1c   0x0000002c   Code   RO         3351    i.USART1_IRQHandler  uart.o
    0x08001c48   0x08001c48   0x000000c0   Code   RO         3508    i.USART2_IRQHandler  chassis.o
    0x08001d08   0x08001d08   0x00000018   Code   RO         3014    i.USART_Cmd         stm32f10x_usart.o
    0x08001d20   0x08001d20   0x0000001a   Code   RO         3017    i.USART_GetFlagStatus  stm32f10x_usart.o
    0x08001d3a   0x08001d3a   0x00000054   Code   RO         3018    i.USART_GetITStatus  stm32f10x_usart.o
    0x08001d8e   0x08001d8e   0x0000004a   Code   RO         3020    i.USART_ITConfig    stm32f10x_usart.o
    0x08001dd8   0x08001dd8   0x000000d8   Code   RO         3021    i.USART_Init        stm32f10x_usart.o
    0x08001eb0   0x08001eb0   0x0000000a   Code   RO         3028    i.USART_ReceiveData  stm32f10x_usart.o
    0x08001eba   0x08001eba   0x00000008   Code   RO         3031    i.USART_SendData    stm32f10x_usart.o
    0x08001ec2   0x08001ec2   0x00000002   PAD
    0x08001ec4   0x08001ec4   0x0000005c   Code   RO         3430    i.USB_LP_CAN1_RX0_IRQHandler  motor3508.o
    0x08001f20   0x08001f20   0x00000004   Code   RO          144    i.UsageFault_Handler  stm32f10x_it.o
    0x08001f24   0x08001f24   0x00000028   Code   RO         3771    i.__ARM_fpclassify  m_ws.l(fpclassify.o)
    0x08001f4c   0x08001f4c   0x00000394   Code   RO         3292    i.atkpParsing       gyro.o
    0x080022e0   0x080022e0   0x00000100   Code   RO         3398    i.can_init          can.o
    0x080023e0   0x080023e0   0x00000118   Code   RO         3509    i.chassisAngleRing  chassis.o
    0x080024f8   0x080024f8   0x00000040   Code   RO         3510    i.chassisInit       chassis.o
    0x08002538   0x08002538   0x0000000c   Code   RO         3318    i.cycleArray_init   cyclearray.o
    0x08002544   0x08002544   0x0000004e   Code   RO         3321    i.cycleArray_push   cyclearray.o
    0x08002592   0x08002592   0x00000002   PAD
    0x08002594   0x08002594   0x0000010c   Code   RO         3293    i.gyro_unpack       gyro.o
    0x080026a0   0x080026a0   0x00000120   Code   RO            1    i.main              main.o
    0x080027c0   0x080027c0   0x00000274   Code   RO         3431    i.motorGetData      motor3508.o
    0x08002a34   0x08002a34   0x000000a8   Code   RO         3432    i.motorInit         motor3508.o
    0x08002adc   0x08002adc   0x00000060   Code   RO         3433    i.motorSendCurrent  motor3508.o
    0x08002b3c   0x08002b3c   0x00000004   Code   RO         3434    i.motorSetTargetRpm  motor3508.o
    0x08002b40   0x08002b40   0x00000078   Code   RO         3435    i.motorSpeedRing    motor3508.o
    0x08002bb8   0x08002bb8   0x00000012   Code   RO         3478    i.pidInit           pid.o
    0x08002bca   0x08002bca   0x00000060   Code   RO         3479    i.pidOutput         pid.o
    0x08002c2a   0x08002c2a   0x00000002   PAD
    0x08002c2c   0x08002c2c   0x0000002c   Code   RO         3352    i.uart1_send        uart.o
    0x08002c58   0x08002c58   0x000000b8   Code   RO         3355    i.usart1Init        uart.o
    0x08002d10   0x08002d10   0x000000b4   Code   RO         3356    i.usart2Init        uart.o
    0x08002dc4   0x08002dc4   0x0000002c   Code   RO         3767    locale$$code        c_w.l(lc_numeric_c.o)
    0x08002df0   0x08002df0   0x00000062   Code   RO         3638    x$fpl$d2f           fz_ws.l(d2f.o)
    0x08002e52   0x08002e52   0x00000002   PAD
    0x08002e54   0x08002e54   0x00000150   Code   RO         3640    x$fpl$dadd          fz_ws.l(daddsub_clz.o)
    0x08002fa4   0x08002fa4   0x00000018   Code   RO         3702    x$fpl$dcmpinf       fz_ws.l(dcmpi.o)
    0x08002fbc   0x08002fbc   0x000002b0   Code   RO         3647    x$fpl$ddiv          fz_ws.l(ddiv.o)
    0x0800326c   0x0800326c   0x0000002e   Code   RO         3651    x$fpl$dflt          fz_ws.l(dflt_clz.o)
    0x0800329a   0x0800329a   0x00000026   Code   RO         3650    x$fpl$dfltu         fz_ws.l(dflt_clz.o)
    0x080032c0   0x080032c0   0x00000078   Code   RO         3656    x$fpl$dleqf         fz_ws.l(dleqf.o)
    0x08003338   0x08003338   0x00000154   Code   RO         3658    x$fpl$dmul          fz_ws.l(dmul.o)
    0x0800348c   0x0800348c   0x0000009c   Code   RO         3704    x$fpl$dnaninf       fz_ws.l(dnaninf.o)
    0x08003528   0x08003528   0x0000000c   Code   RO         3706    x$fpl$dretinf       fz_ws.l(dretinf.o)
    0x08003534   0x08003534   0x0000006c   Code   RO         3660    x$fpl$drleqf        fz_ws.l(drleqf.o)
    0x080035a0   0x080035a0   0x000001d4   Code   RO         3642    x$fpl$dsub          fz_ws.l(daddsub_clz.o)
    0x08003774   0x08003774   0x00000056   Code   RO         3662    x$fpl$f2d           fz_ws.l(f2d.o)
    0x080037ca   0x080037ca   0x00000002   PAD
    0x080037cc   0x080037cc   0x000000c4   Code   RO         3664    x$fpl$fadd          fz_ws.l(faddsub_clz.o)
    0x08003890   0x08003890   0x00000018   Code   RO         3708    x$fpl$fcmpinf       fz_ws.l(fcmpi.o)
    0x080038a8   0x080038a8   0x00000184   Code   RO         3671    x$fpl$fdiv          fz_ws.l(fdiv.o)
    0x08003a2c   0x08003a2c   0x00000068   Code   RO         3674    x$fpl$feqf          fz_ws.l(feqf.o)
    0x08003a94   0x08003a94   0x00000036   Code   RO         3676    x$fpl$ffix          fz_ws.l(ffix.o)
    0x08003aca   0x08003aca   0x00000002   PAD
    0x08003acc   0x08003acc   0x00000030   Code   RO         3681    x$fpl$fflt          fz_ws.l(fflt_clz.o)
    0x08003afc   0x08003afc   0x00000026   Code   RO         3680    x$fpl$ffltu         fz_ws.l(fflt_clz.o)
    0x08003b22   0x08003b22   0x00000002   PAD
    0x08003b24   0x08003b24   0x00000068   Code   RO         3686    x$fpl$fleqf         fz_ws.l(fleqf.o)
    0x08003b8c   0x08003b8c   0x00000102   Code   RO         3688    x$fpl$fmul          fz_ws.l(fmul.o)
    0x08003c8e   0x08003c8e   0x0000008c   Code   RO         3710    x$fpl$fnaninf       fz_ws.l(fnaninf.o)
    0x08003d1a   0x08003d1a   0x0000000a   Code   RO         3712    x$fpl$fretinf       fz_ws.l(fretinf.o)
    0x08003d24   0x08003d24   0x00000062   Code   RO         3690    x$fpl$frleqf        fz_ws.l(frleqf.o)
    0x08003d86   0x08003d86   0x00000002   PAD
    0x08003d88   0x08003d88   0x000000ea   Code   RO         3666    x$fpl$fsub          fz_ws.l(faddsub_clz.o)
    0x08003e72   0x08003e72   0x00000004   Code   RO         3692    x$fpl$printf1       fz_ws.l(printf1.o)
    0x08003e76   0x08003e76   0x00000000   Code   RO         3714    x$fpl$usenofp       fz_ws.l(usenofp.o)
    0x08003e76   0x08003e76   0x0000000c   Data   RO         3295    .constdata          gyro.o
    0x08003e82   0x08003e82   0x00000002   PAD
    0x08003e84   0x08003e84   0x00000094   Data   RO         3742    .constdata          c_w.l(bigflt0.o)
    0x08003f18   0x08003f18   0x00000020   Data   RO         3914    Region$$Table       anon$$obj.o
    0x08003f38   0x08003f38   0x0000001c   Data   RO         3766    locale$$data        c_w.l(lc_numeric_c.o)


    Execution Region RW_IRAM1 (Exec base: 0x20000000, Load base: 0x08003f54, Size: 0x00000a48, Max: 0x0000c000, ABSOLUTE)

    Exec Addr    Load Addr    Size         Type   Attr      Idx    E Section Name        Object

    0x20000000   0x08003f54   0x00000014   Data   RW         1874    .data               stm32f10x_rcc.o
    0x20000014   0x08003f68   0x0000000f   Data   RW         3296    .data               gyro.o
    0x20000023   0x08003f77   0x00000008   Data   RW         3400    .data               can.o
    0x2000002b   0x08003f7f   0x00000001   PAD
    0x2000002c        -       0x00000079   Zero   RW         3294    .bss                gyro.o
    0x200000a5        -       0x00000204   Zero   RW         3357    .bss                uart.o
    0x200002a9        -       0x00000018   Zero   RW         3399    .bss                can.o
    0x200002c1   0x08003f7f   0x00000003   PAD
    0x200002c4        -       0x000000d0   Zero   RW         3436    .bss                motor3508.o
    0x20000394        -       0x00000054   Zero   RW         3512    .bss                chassis.o
    0x200003e8        -       0x00000060   Zero   RW         3774    .bss                c_w.l(libspace.o)
    0x20000448        -       0x00000200   Zero   RW          271    HEAP                startup_stm32f10x_hd.o
    0x20000648        -       0x00000400   Zero   RW          270    STACK               startup_stm32f10x_hd.o


==============================================================================

Image component sizes


      Code (inc. data)   RO Data    RW Data    ZI Data      Debug   Object Name

       256          8          0          8         24       1732   can.o
       536         54          0          0         84       2603   chassis.o
         0          0          0          0          0         32   core_cm3.o
        90          0          0          0          0       1804   cyclearray.o
      1184         68         12         15        121       4519   gyro.o
        88          8          0          0          0        527   key.o
       140         12          0          0          0       1492   led.o
       288         32          0          0          0     241703   main.o
       132         22          0          0          0       1491   misc.o
      1108         74          0          0        208       4935   motor3508.o
       114          0          0          0          0       1550   pid.o
        64         26        304          0       1536        816   startup_stm32f10x_hd.o
      1252         28          0          0          0       5001   stm32f10x_can.o
       454          6          0          0          0       4461   stm32f10x_gpio.o
        26          0          0          0          0       3798   stm32f10x_it.o
       276         32          0         20          0       4386   stm32f10x_rcc.o
       442          6          0          0          0       6073   stm32f10x_usart.o
       328         28          0          0          0       1841   system_stm32f10x.o
       452         42          0          0        516       2751   uart.o

    ----------------------------------------------------------------------
      7246        446        350         44       2492     291515   Object Totals
         0          0         32          0          0          0   (incl. Generated)
        16          0          2          1          3          0   (incl. Padding)

    ----------------------------------------------------------------------

      Code (inc. data)   RO Data    RW Data    ZI Data      Debug   Library Member Name

         8          0          0          0          0         68   __main.o
       104          0          0          0          0         84   __printf.o
         0          0          0          0          0          0   __rtentry.o
        12          0          0          0          0          0   __rtentry2.o
         6          0          0          0          0          0   __rtentry4.o
        52          8          0          0          0          0   __scatter.o
        26          0          0          0          0          0   __scatter_copy.o
        28          0          0          0          0          0   __scatter_zi.o
        48          6          0          0          0         96   _printf_char_common.o
         6          0          0          0          0          0   _printf_f.o
      1054          0          0          0          0        216   _printf_fp_dec.o
       128         16          0          0          0         84   _printf_fp_infnan.o
         0          0          0          0          0          0   _printf_percent.o
         4          0          0          0          0          0   _printf_percent_end.o
        10          0          0          0          0         68   _sputc.o
       228          4        148          0          0         96   bigflt0.o
      1936        128          0          0          0        672   btod.o
        18          0          0          0          0         80   exit.o
         6          0          0          0          0        152   heapauxi.o
         0          0          0          0          0          0   indicate_semi.o
        44         10         28          0          0         76   lc_numeric_c.o
         2          0          0          0          0          0   libinit.o
        18          0          0          0          0          0   libinit2.o
         2          0          0          0          0          0   libshutdown.o
         2          0          0          0          0          0   libshutdown2.o
         8          4          0          0         96         68   libspace.o
       138          0          0          0          0         80   lludiv10.o
        40          6          0          0          0         84   noretval__2sprintf.o
         8          4          0          0          0         68   rt_locale_intlibspace.o
         2          0          0          0          0          0   rtexit.o
        10          0          0          0          0          0   rtexit2.o
       128          0          0          0          0         68   strcmpv7m.o
        12          4          0          0          0         68   sys_exit.o
        74          0          0          0          0         80   sys_stackheap_outer.o
         2          0          0          0          0         68   use_no_semi.o
        98          4          0          0          0         92   d2f.o
       804         16          0          0          0        272   daddsub_clz.o
        24          0          0          0          0         68   dcmpi.o
       688        140          0          0          0        208   ddiv.o
        84          0          0          0          0        136   dflt_clz.o
       120          4          0          0          0         92   dleqf.o
       340         12          0          0          0        104   dmul.o
       156          4          0          0          0         92   dnaninf.o
        12          0          0          0          0         68   dretinf.o
       108          0          0          0          0         80   drleqf.o
        86          4          0          0          0         84   f2d.o
       430          8          0          0          0        168   faddsub_clz.o
        24          0          0          0          0         68   fcmpi.o
       388         76          0          0          0         96   fdiv.o
       104          4          0          0          0         84   feqf.o
        54          4          0          0          0         84   ffix.o
        86          0          0          0          0        136   fflt_clz.o
       104          4          0          0          0         84   fleqf.o
       258          4          0          0          0         84   fmul.o
       140          4          0          0          0         84   fnaninf.o
        10          0          0          0          0         68   fretinf.o
        98          0          0          0          0         68   frleqf.o
         4          0          0          0          0         68   printf1.o
         0          0          0          0          0          0   usenofp.o
        40          0          0          0          0         68   fpclassify.o

    ----------------------------------------------------------------------
      8440        478        176          0         96       4732   Library Totals
        16          0          0          0          0          0   (incl. Padding)

    ----------------------------------------------------------------------

      Code (inc. data)   RO Data    RW Data    ZI Data      Debug   Library Name

      4164        190        176          0         96       2276   c_w.l
      4220        288          0          0          0       2388   fz_ws.l
        40          0          0          0          0         68   m_ws.l

    ----------------------------------------------------------------------
      8440        478        176          0         96       4732   Library Totals

    ----------------------------------------------------------------------

==============================================================================


      Code (inc. data)   RO Data    RW Data    ZI Data      Debug   

     15686        924        526         44       2588     290679   Grand Totals
     15686        924        526         44       2588     290679   ELF Image Totals
     15686        924        526         44          0          0   ROM Totals

==============================================================================

    Total RO  Size (Code + RO Data)                16212 (  15.83kB)
    Total RW  Size (RW Data + ZI Data)              2632 (   2.57kB)
    Total ROM Size (Code + RO Data + RW Data)      16256 (  15.88kB)

==============================================================================

