Component: ARM Compiler 5.06 update 3 (build 300) Tool: armlink [4d35c9]

==============================================================================

Section Cross References

    main.o(i.main) refers to misc.o(i.NVIC_PriorityGroupConfig) for NVIC_PriorityGroupConfig
    main.o(i.main) refers to can.o(i.can_init) for can_init
    main.o(i.main) refers to uart.o(i.usart1Init) for usart1Init
    main.o(i.main) refers to key.o(i.KEY_Init) for KEY_Init
    main.o(i.main) refers to uart.o(i.usart2Init) for usart2Init
    main.o(i.main) refers to motor3508.o(i.motorInit) for motorInit
    main.o(i.main) refers to led.o(i.LEDInit) for LEDInit
    main.o(i.main) refers to chassis.o(i.chassisInit) for chassisInit
    main.o(i.main) refers to grayscalesensor.o(i.grayScaleSensor2_Init) for grayScaleSensor2_Init
    main.o(i.main) refers to led.o(i.LED0) for LED0
    main.o(i.main) refers to led.o(i.LED1) for LED1
    main.o(i.main) refers to stm32f10x_gpio.o(i.GPIO_ReadInputDataBit) for GPIO_ReadInputDataBit
    main.o(i.main) refers to motor3508.o(i.motorSetTargetRpm) for motorSetTargetRpm
    main.o(i.main) refers to grayscalesensor.o(i.grayScaleSensor2_Send) for grayScaleSensor2_Send
    main.o(i.main) refers to motor3508.o(.bss) for motor
    system_stm32f10x.o(i.SetSysClock) refers to system_stm32f10x.o(i.SetSysClockTo72) for SetSysClockTo72
    system_stm32f10x.o(i.SystemCoreClockUpdate) refers to system_stm32f10x.o(.data) for SystemCoreClock
    system_stm32f10x.o(i.SystemInit) refers to system_stm32f10x.o(i.SetSysClock) for SetSysClock
    startup_stm32f10x_hd.o(STACK) refers (Special) to heapauxi.o(.text) for __use_two_region_memory
    startup_stm32f10x_hd.o(HEAP) refers (Special) to heapauxi.o(.text) for __use_two_region_memory
    startup_stm32f10x_hd.o(RESET) refers (Special) to heapauxi.o(.text) for __use_two_region_memory
    startup_stm32f10x_hd.o(RESET) refers to startup_stm32f10x_hd.o(STACK) for __initial_sp
    startup_stm32f10x_hd.o(RESET) refers to startup_stm32f10x_hd.o(.text) for Reset_Handler
    startup_stm32f10x_hd.o(RESET) refers to stm32f10x_it.o(i.NMI_Handler) for NMI_Handler
    startup_stm32f10x_hd.o(RESET) refers to stm32f10x_it.o(i.HardFault_Handler) for HardFault_Handler
    startup_stm32f10x_hd.o(RESET) refers to stm32f10x_it.o(i.MemManage_Handler) for MemManage_Handler
    startup_stm32f10x_hd.o(RESET) refers to stm32f10x_it.o(i.BusFault_Handler) for BusFault_Handler
    startup_stm32f10x_hd.o(RESET) refers to stm32f10x_it.o(i.UsageFault_Handler) for UsageFault_Handler
    startup_stm32f10x_hd.o(RESET) refers to stm32f10x_it.o(i.SVC_Handler) for SVC_Handler
    startup_stm32f10x_hd.o(RESET) refers to stm32f10x_it.o(i.DebugMon_Handler) for DebugMon_Handler
    startup_stm32f10x_hd.o(RESET) refers to stm32f10x_it.o(i.PendSV_Handler) for PendSV_Handler
    startup_stm32f10x_hd.o(RESET) refers to stm32f10x_it.o(i.SysTick_Handler) for SysTick_Handler
    startup_stm32f10x_hd.o(RESET) refers to chassis.o(i.USB_LP_CAN1_RX0_IRQHandler) for USB_LP_CAN1_RX0_IRQHandler
    startup_stm32f10x_hd.o(RESET) refers to uart.o(i.USART1_IRQHandler) for USART1_IRQHandler
    startup_stm32f10x_hd.o(RESET) refers to chassis.o(i.USART2_IRQHandler) for USART2_IRQHandler
    startup_stm32f10x_hd.o(.text) refers (Special) to heapauxi.o(.text) for __use_two_region_memory
    startup_stm32f10x_hd.o(.text) refers to system_stm32f10x.o(i.SystemInit) for SystemInit
    startup_stm32f10x_hd.o(.text) refers to __main.o(!!!main) for __main
    startup_stm32f10x_hd.o(.text) refers to startup_stm32f10x_hd.o(HEAP) for Heap_Mem
    startup_stm32f10x_hd.o(.text) refers to startup_stm32f10x_hd.o(STACK) for Stack_Mem
    stm32f10x_adc.o(i.ADC_DeInit) refers to stm32f10x_rcc.o(i.RCC_APB2PeriphResetCmd) for RCC_APB2PeriphResetCmd
    stm32f10x_bkp.o(i.BKP_DeInit) refers to stm32f10x_rcc.o(i.RCC_BackupResetCmd) for RCC_BackupResetCmd
    stm32f10x_can.o(i.CAN_DeInit) refers to stm32f10x_rcc.o(i.RCC_APB1PeriphResetCmd) for RCC_APB1PeriphResetCmd
    stm32f10x_can.o(i.CAN_GetITStatus) refers to stm32f10x_can.o(i.CheckITStatus) for CheckITStatus
    stm32f10x_cec.o(i.CEC_DeInit) refers to stm32f10x_rcc.o(i.RCC_APB1PeriphResetCmd) for RCC_APB1PeriphResetCmd
    stm32f10x_dac.o(i.DAC_DeInit) refers to stm32f10x_rcc.o(i.RCC_APB1PeriphResetCmd) for RCC_APB1PeriphResetCmd
    stm32f10x_flash.o(i.FLASH_EnableWriteProtection) refers to stm32f10x_flash.o(i.FLASH_WaitForLastOperation) for FLASH_WaitForLastOperation
    stm32f10x_flash.o(i.FLASH_EraseAllBank1Pages) refers to stm32f10x_flash.o(i.FLASH_WaitForLastBank1Operation) for FLASH_WaitForLastBank1Operation
    stm32f10x_flash.o(i.FLASH_EraseAllPages) refers to stm32f10x_flash.o(i.FLASH_WaitForLastOperation) for FLASH_WaitForLastOperation
    stm32f10x_flash.o(i.FLASH_EraseOptionBytes) refers to stm32f10x_flash.o(i.FLASH_GetReadOutProtectionStatus) for FLASH_GetReadOutProtectionStatus
[...]
    Removing stm32f10x_usart.o(i.USART_SetGuardTime), (16 bytes).
    Removing stm32f10x_usart.o(i.USART_SetPrescaler), (16 bytes).
    Removing stm32f10x_usart.o(i.USART_SmartCardCmd), (24 bytes).
    Removing stm32f10x_usart.o(i.USART_SmartCardNACKCmd), (24 bytes).
    Removing stm32f10x_usart.o(i.USART_StructInit), (24 bytes).
    Removing stm32f10x_usart.o(i.USART_WakeUpConfig), (18 bytes).
    Removing stm32f10x_wwdg.o(i.WWDG_ClearFlag), (12 bytes).
    Removing stm32f10x_wwdg.o(i.WWDG_DeInit), (22 bytes).
    Removing stm32f10x_wwdg.o(i.WWDG_Enable), (16 bytes).
    Removing stm32f10x_wwdg.o(i.WWDG_EnableIT), (12 bytes).
    Removing stm32f10x_wwdg.o(i.WWDG_GetFlagStatus), (12 bytes).
    Removing stm32f10x_wwdg.o(i.WWDG_SetCounter), (16 bytes).
    Removing stm32f10x_wwdg.o(i.WWDG_SetPrescaler), (24 bytes).
    Removing stm32f10x_wwdg.o(i.WWDG_SetWindowValue), (40 bytes).
    Removing grayscalesensor.o(i.grayScaleSensor_Init), (124 bytes).
    Removing grayscalesensor.o(i.grayScaleSensor_Read), (128 bytes).
    Removing grayscalesensor.o(i.grayScaleSensor_Send), (64 bytes).
    Removing cyclearray.o(i.cycleArray_isEmpty), (22 bytes).
    Removing cyclearray.o(i.cycleArray_pop), (54 bytes).
    Removing uart.o(i.uart2_read), (32 bytes).
    Removing uart.o(i.uart2_send), (44 bytes).
    Removing can.o(i.Can_Receive_Msg), (64 bytes).
    Removing can.o(i.Can_Send_Msg), (104 bytes).
    Removing chassis.o(i.chassisSetState), (336 bytes).
    Removing delay.o(i.delay_init), (68 bytes).
    Removing delay.o(i.delay_ms), (76 bytes).
    Removing delay.o(i.delay_us), (76 bytes).
    Removing delay.o(.data), (4 bytes).
    Removing sys.o(.emb_text), (6 bytes).
    Removing sys.o(i.INTX_DISABLE), (4 bytes).
    Removing sys.o(i.INTX_ENABLE), (4 bytes).
    Removing sys.o(i.WFI_SET), (4 bytes).

470 unused section(s) (total 18050 bytes) removed from the image.

==============================================================================

Image Symbol Table

    Local Symbols

    Symbol Name                              Value     Ov Type        Size  Object(Section)

    ../clib/angel/boardlib.s                 0x00000000   Number         0  boardinit3.o ABSOLUTE
    ../clib/angel/boardlib.s                 0x00000000   Number         0  boardinit2.o ABSOLUTE
    ../clib/angel/boardlib.s                 0x00000000   Number         0  boardshut.o ABSOLUTE
    ../clib/angel/boardlib.s                 0x00000000   Number         0  boardinit1.o ABSOLUTE
    ../clib/angel/handlers.s                 0x00000000   Number         0  __scatter_copy.o ABSOLUTE
    ../clib/angel/handlers.s                 0x00000000   Number         0  __scatter_zi.o ABSOLUTE
    ../clib/angel/kernel.s                   0x00000000   Number         0  __rtentry2.o ABSOLUTE
    ../clib/angel/kernel.s                   0x00000000   Number         0  __rtentry4.o ABSOLUTE
    ../clib/angel/kernel.s                   0x00000000   Number         0  rtexit.o ABSOLUTE
    ../clib/angel/kernel.s                   0x00000000   Number         0  __rtentry.o ABSOLUTE
    ../clib/angel/kernel.s                   0x00000000   Number         0  rtexit2.o ABSOLUTE
    ../clib/angel/rt.s                       0x00000000   Number         0  rt_raise.o ABSOLUTE
    ../clib/angel/rt.s                       0x00000000   Number         0  rt_errno_addr.o ABSOLUTE
    ../clib/angel/rt.s                       0x00000000   Number         0  rt_errno_addr_intlibspace.o ABSOLUTE
    ../clib/angel/scatter.s                  0x00000000   Number         0  __scatter.o ABSOLUTE
    ../clib/angel/startup.s                  0x00000000   Number         0  __main.o ABSOLUTE
    ../clib/angel/sys.s                      0x00000000   Number         0  libspace.o ABSOLUTE
    ../clib/angel/sys.s                      0x00000000   Number         0  use_no_semi.o ABSOLUTE
    ../clib/angel/sys.s                      0x00000000   Number         0  sys_stackheap_outer.o ABSOLUTE
    ../clib/angel/sys.s                      0x00000000   Number         0  indicate_semi.o ABSOLUTE
    ../clib/angel/sysapp.c                   0x00000000   Number         0  sys_command.o ABSOLUTE
    ../clib/angel/sysapp.c                   0x00000000   Number         0  sys_wrch.o ABSOLUTE
    ../clib/angel/sysapp.c                   0x00000000   Number         0  sys_exit.o ABSOLUTE
    ../clib/armsys.c                         0x00000000   Number         0  argv_veneer.o ABSOLUTE
    ../clib/armsys.c                         0x00000000   Number         0  argv_veneer.o ABSOLUTE
    ../clib/armsys.c                         0x00000000   Number         0  _get_argv_nomalloc.o ABSOLUTE
    ../clib/armsys.c                         0x00000000   Number         0  no_argv.o ABSOLUTE
    ../clib/fenv.c                           0x00000000   Number         0  _rserrno.o ABSOLUTE
    ../clib/heapalloc.c                      0x00000000   Number         0  hrguard.o ABSOLUTE
    ../clib/heapaux.c                        0x00000000   Number         0  heapauxi.o ABSOLUTE
    ../clib/libinit.s                        0x00000000   Number         0  libinit.o ABSOLUTE
    ../clib/libinit.s                        0x00000000   Number         0  libshutdown.o ABSOLUTE
    ../clib/libinit.s                        0x00000000   Number         0  libinit2.o ABSOLUTE
    ../clib/libinit.s                        0x00000000   Number         0  libshutdown2.o ABSOLUTE
    ../clib/signal.c                         0x00000000   Number         0  defsig_abrt_inner.o ABSOLUTE
    ../clib/signal.c                         0x00000000   Number         0  defsig_fpe_inner.o ABSOLUTE
    ../clib/signal.c                         0x00000000   Number         0  defsig_rtred_inner.o ABSOLUTE
    ../clib/signal.c                         0x00000000   Number         0  defsig_other.o ABSOLUTE
    ../clib/signal.c                         0x00000000   Number         0  defsig_segv_inner.o ABSOLUTE
    ../clib/signal.c                         0x00000000   Number         0  defsig_cppl_inner.o ABSOLUTE
    ../clib/signal.c                         0x00000000   Number         0  defsig_pvfn_inner.o ABSOLUTE
    ../clib/signal.c                         0x00000000   Number         0  defsig_stak_inner.o ABSOLUTE
    ../clib/signal.c                         0x00000000   Number         0  defsig_rtmem_outer.o ABSOLUTE
    ../clib/signal.c                         0x00000000   Number         0  defsig_rtmem_formal.o ABSOLUTE
    ../clib/signal.c                         0x00000000   Number         0  defsig_exit.o ABSOLUTE
    ../clib/signal.c                         0x00000000   Number         0  defsig_rtmem_inner.o ABSOLUTE
    ../clib/signal.c                         0x00000000   Number         0  __raise.o ABSOLUTE
    ../clib/signal.c                         0x00000000   Number         0  defsig_general.o ABSOLUTE
    ../clib/signal.s                         0x00000000   Number         0  defsig.o ABSOLUTE
    ../clib/stdlib.c                         0x00000000   Number         0  exit.o ABSOLUTE
    ../fplib/d2f.s                           0x00000000   Number         0  d2f.o ABSOLUTE
    ../fplib/daddsub.s                       0x00000000   Number         0  daddsub_clz.o ABSOLUTE
    ../fplib/dcheck1.s                       0x00000000   Number         0  dcheck1.o ABSOLUTE
    ../fplib/dcmpi.s                         0x00000000   Number         0  dcmpi.o ABSOLUTE
    ../fplib/ddiv.s                          0x00000000   Number         0  ddiv.o ABSOLUTE
    ../fplib/dfix.s                          0x00000000   Number         0  dfix.o ABSOLUTE
    ../fplib/dflt.s                          0x00000000   Number         0  dflt_clz.o ABSOLUTE
    ../fplib/dleqf.s                         0x00000000   Number         0  dleqf.o ABSOLUTE
    ../fplib/dmul.s                          0x00000000   Number         0  dmul.o ABSOLUTE
    ../fplib/dnaninf.s                       0x00000000   Number         0  dnaninf.o ABSOLUTE
    ../fplib/dretinf.s                       0x00000000   Number         0  dretinf.o ABSOLUTE
    ../fplib/drleqf.s                        0x00000000   Number         0  drleqf.o ABSOLUTE
    ../fplib/f2d.s                           0x00000000   Number         0  f2d.o ABSOLUTE
    ../fplib/faddsub.s                       0x00000000   Number         0  faddsub_clz.o ABSOLUTE
    ../fplib/fcmpi.s                         0x00000000   Number         0  fcmpi.o ABSOLUTE
    ../fplib/fdiv.s                          0x00000000   Number         0  fdiv.o ABSOLUTE
    ../fplib/feqf.s                          0x00000000   Number         0  feqf.o ABSOLUTE
    ../fplib/ffix.s                          0x00000000   Number         0  ffix.o ABSOLUTE
    ../fplib/fflt.s                          0x00000000   Number         0  fflt_clz.o ABSOLUTE
    ../fplib/fleqf.s                         0x00000000   Number         0  fleqf.o ABSOLUTE
    ../fplib/fmul.s                          0x00000000   Number         0  fmul.o ABSOLUTE
    ../fplib/fnaninf.s                       0x00000000   Number         0  fnaninf.o ABSOLUTE
    ../fplib/fpinit.s                        0x00000000   Number         0  fpinit.o ABSOLUTE
    ../fplib/fretinf.s                       0x00000000   Number         0  fretinf.o ABSOLUTE
    ../fplib/frleqf.s                        0x00000000   Number         0  frleqf.o ABSOLUTE
    ../fplib/retnan.s                        0x00000000   Number         0  retnan.o ABSOLUTE
    ../fplib/scalbn.s                        0x00000000   Number         0  scalbn.o ABSOLUTE
    ../fplib/trapv.s                         0x00000000   Number         0  trapv.o ABSOLUTE
    ../fplib/usenofp.s                       0x00000000   Number         0  usenofp.o ABSOLUTE
    ../mathlib/cos.c                         0x00000000   Number         0  cos_x.o ABSOLUTE
    ../mathlib/cos.c                         0x00000000   Number         0  cos.o ABSOLUTE
    ../mathlib/cos_i.c                       0x00000000   Number         0  cos_i.o ABSOLUTE
    ../mathlib/dunder.c                      0x00000000   Number         0  dunder.o ABSOLUTE
    ../mathlib/fpclassify.c                  0x00000000   Number         0  fpclassify.o ABSOLUTE
    ../mathlib/poly.c                        0x00000000   Number         0  poly.o ABSOLUTE
    ../mathlib/rred.c                        0x00000000   Number         0  rred.o ABSOLUTE
    ../mathlib/sin.c                         0x00000000   Number         0  sin_x.o ABSOLUTE
    ../mathlib/sin.c                         0x00000000   Number         0  sin.o ABSOLUTE
    ../mathlib/sin_i.c                       0x00000000   Number         0  sin_i.o ABSOLUTE
    ../mathlib/sin_i.c                       0x00000000   Number         0  sin_i_x.o ABSOLUTE
    ..\CORE\core_cm3.c                       0x00000000   Number         0  core_cm3.o ABSOLUTE
    ..\CORE\startup_stm32f10x_hd.s           0x00000000   Number         0  startup_stm32f10x_hd.o ABSOLUTE
    ..\FWLib\src\misc.c                      0x00000000   Number         0  misc.o ABSOLUTE
    ..\FWLib\src\stm32f10x_adc.c             0x00000000   Number         0  stm32f10x_adc.o ABSOLUTE
    ..\FWLib\src\stm32f10x_bkp.c             0x00000000   Number         0  stm32f10x_bkp.o ABSOLUTE
    ..\FWLib\src\stm32f10x_can.c             0x00000000   Number         0  stm32f10x_can.o ABSOLUTE
    ..\FWLib\src\stm32f10x_cec.c             0x00000000   Number         0  stm32f10x_cec.o ABSOLUTE
    ..\FWLib\src\stm32f10x_crc.c             0x00000000   Number         0  stm32f10x_crc.o ABSOLUTE
    ..\FWLib\src\stm32f10x_dac.c             0x00000000   Number         0  stm32f10x_dac.o ABSOLUTE
    ..\FWLib\src\stm32f10x_dbgmcu.c          0x00000000   Number         0  stm32f10x_dbgmcu.o ABSOLUTE
    ..\FWLib\src\stm32f10x_dma.c             0x00000000   Number         0  stm32f10x_dma.o ABSOLUTE
    ..\FWLib\src\stm32f10x_exti.c            0x00000000   Number         0  stm32f10x_exti.o ABSOLUTE
    ..\FWLib\src\stm32f10x_flash.c           0x00000000   Number         0  stm32f10x_flash.o ABSOLUTE
    ..\FWLib\src\stm32f10x_fsmc.c            0x00000000   Number         0  stm32f10x_fsmc.o ABSOLUTE
    ..\FWLib\src\stm32f10x_gpio.c            0x00000000   Number         0  stm32f10x_gpio.o ABSOLUTE
    ..\FWLib\src\stm32f10x_i2c.c             0x00000000   Number         0  stm32f10x_i2c.o ABSOLUTE
    ..\FWLib\src\stm32f10x_iwdg.c            0x00000000   Number         0  stm32f10x_iwdg.o ABSOLUTE
    ..\FWLib\src\stm32f10x_pwr.c             0x00000000   Number         0  stm32f10x_pwr.o ABSOLUTE
    ..\FWLib\src\stm32f10x_rcc.c             0x00000000   Number         0  stm32f10x_rcc.o ABSOLUTE
    ..\FWLib\src\stm32f10x_rtc.c             0x00000000   Number         0  stm32f10x_rtc.o ABSOLUTE
    ..\FWLib\src\stm32f10x_sdio.c            0x00000000   Number         0  stm32f10x_sdio.o ABSOLUTE
    ..\FWLib\src\stm32f10x_spi.c             0x00000000   Number         0  stm32f10x_spi.o ABSOLUTE
    ..\FWLib\src\stm32f10x_tim.c             0x00000000   Number         0  stm32f10x_tim.o ABSOLUTE
    ..\FWLib\src\stm32f10x_usart.c           0x00000000   Number         0  stm32f10x_usart.o ABSOLUTE
    ..\FWLib\src\stm32f10x_wwdg.c            0x00000000   Number         0  stm32f10x_wwdg.o ABSOLUTE
    ..\HARDWARE\LED\LED.c                    0x00000000   Number         0  led.o ABSOLUTE
    ..\HARDWARE\can\can.c                    0x00000000   Number         0  can.o ABSOLUTE
    ..\HARDWARE\chassis\chassis.c            0x00000000   Number         0  chassis.o ABSOLUTE
    ..\HARDWARE\delay\delay.c                0x00000000   Number         0  delay.o ABSOLUTE
    ..\HARDWARE\grayScaleSensor\grayScaleSensor.c 0x00000000   Number         0  grayscalesensor.o ABSOLUTE
    ..\HARDWARE\gyro\gyro.c                  0x00000000   Number         0  gyro.o ABSOLUTE
    ..\HARDWARE\key\key.c                    0x00000000   Number         0  key.o ABSOLUTE
    ..\HARDWARE\motor3508\motor3508.c        0x00000000   Number         0  motor3508.o ABSOLUTE
    ..\HARDWARE\pid\pid.c                    0x00000000   Number         0  pid.o ABSOLUTE
    ..\HARDWARE\sys\sys.c                    0x00000000   Number         0  sys.o ABSOLUTE
    ..\HARDWARE\uart\cycleArray.c            0x00000000   Number         0  cyclearray.o ABSOLUTE
    ..\HARDWARE\uart\uart.c                  0x00000000   Number         0  uart.o ABSOLUTE
    ..\\CORE\\core_cm3.c                     0x00000000   Number         0  core_cm3.o ABSOLUTE
    ..\\HARDWARE\\sys\\sys.c                 0x00000000   Number         0  sys.o ABSOLUTE
    dc.s                                     0x00000000   Number         0  dc.o ABSOLUTE
    main.c                                   0x00000000   Number         0  main.o ABSOLUTE
    stm32f10x_it.c                           0x00000000   Number         0  stm32f10x_it.o ABSOLUTE
    system_stm32f10x.c                       0x00000000   Number         0  system_stm32f10x.o ABSOLUTE
    RESET                                    0x08000000   Section      304  startup_stm32f10x_hd.o(RESET)
    !!!main                                  0x08000130   Section        8  __main.o(!!!main)
    !!!scatter                               0x08000138   Section       52  __scatter.o(!!!scatter)
    !!handler_copy                           0x0800016c   Section       26  __scatter_copy.o(!!handler_copy)
    !!handler_zi                             0x08000188   Section       28  __scatter_zi.o(!!handler_zi)
    .ARM.Collect$$libinit$$00000000          0x080001a4   Section        2  libinit.o(.ARM.Collect$$libinit$$00000000)
    .ARM.Collect$$libinit$$00000002          0x080001a6   Section        0  libinit2.o(.ARM.Collect$$libinit$$00000002)
    .ARM.Collect$$libinit$$00000004          0x080001a6   Section        0  libinit2.o(.ARM.Collect$$libinit$$00000004)
    .ARM.Collect$$libinit$$0000000A          0x080001a6   Section        0  libinit2.o(.ARM.Collect$$libinit$$0000000A)
    .ARM.Collect$$libinit$$0000000C          0x080001a6   Section        0  libinit2.o(.ARM.Collect$$libinit$$0000000C)
    .ARM.Collect$$libinit$$0000000E          0x080001a6   Section        0  libinit2.o(.ARM.Collect$$libinit$$0000000E)
    .ARM.Collect$$libinit$$00000011          0x080001a6   Section        0  libinit2.o(.ARM.Collect$$libinit$$00000011)
    .ARM.Collect$$libinit$$00000013          0x080001a6   Section        0  libinit2.o(.ARM.Collect$$libinit$$00000013)
    .ARM.Collect$$libinit$$00000015          0x080001a6   Section        0  libinit2.o(.ARM.Collect$$libinit$$00000015)
    .ARM.Collect$$libinit$$00000017          0x080001a6   Section        0  libinit2.o(.ARM.Collect$$libinit$$00000017)
    .ARM.Collect$$libinit$$00000019          0x080001a6   Section        0  libinit2.o(.ARM.Collect$$libinit$$00000019)
    .ARM.Collect$$libinit$$0000001B          0x080001a6   Section        0  libinit2.o(.ARM.Collect$$libinit$$0000001B)
    .ARM.Collect$$libinit$$0000001D          0x080001a6   Section        0  libinit2.o(.ARM.Collect$$libinit$$0000001D)
    .ARM.Collect$$libinit$$0000001F          0x080001a6   Section        0  libinit2.o(.ARM.Collect$$libinit$$0000001F)
    .ARM.Collect$$libinit$$00000021          0x080001a6   Section        0  libinit2.o(.ARM.Collect$$libinit$$00000021)
    .ARM.Collect$$libinit$$00000023          0x080001a6   Section        0  libinit2.o(.ARM.Collect$$libinit$$00000023)
    .ARM.Collect$$libinit$$00000025          0x080001a6   Section        0  libinit2.o(.ARM.Collect$$libinit$$00000025)
    .ARM.Collect$$libinit$$0000002C          0x080001a6   Section        0  libinit2.o(.ARM.Collect$$libinit$$0000002C)
    .ARM.Collect$$libinit$$0000002E          0x080001a6   Section        0  libinit2.o(.ARM.Collect$$libinit$$0000002E)
    .ARM.Collect$$libinit$$00000030          0x080001a6   Section        0  libinit2.o(.ARM.Collect$$libinit$$00000030)
    .ARM.Collect$$libinit$$00000032          0x080001a6   Section        0  libinit2.o(.ARM.Collect$$libinit$$00000032)
    .ARM.Collect$$libinit$$00000033          0x080001a6   Section        2  libinit2.o(.ARM.Collect$$libinit$$00000033)
    .ARM.Collect$$libshutdown$$00000000      0x080001a8   Section        2  libshutdown.o(.ARM.Collect$$libshutdown$$00000000)
    .ARM.Collect$$libshutdown$$00000002      0x080001aa   Section        0  libshutdown2.o(.ARM.Collect$$libshutdown$$00000002)
    .ARM.Collect$$libshutdown$$00000004      0x080001aa   Section        0  libshutdown2.o(.ARM.Collect$$libshutdown$$00000004)
    .ARM.Collect$$libshutdown$$00000007      0x080001aa   Section        0  libshutdown2.o(.ARM.Collect$$libshutdown$$00000007)
    .ARM.Collect$$libshutdown$$0000000A      0x080001aa   Section        0  libshutdown2.o(.ARM.Collect$$libshutdown$$0000000A)
    .ARM.Collect$$libshutdown$$0000000C      0x080001aa   Section        0  libshutdown2.o(.ARM.Collect$$libshutdown$$0000000C)
    .ARM.Collect$$libshutdown$$0000000F      0x080001aa   Section        0  libshutdown2.o(.ARM.Collect$$libshutdown$$0000000F)
    .ARM.Collect$$libshutdown$$00000010      0x080001aa   Section        2  libshutdown2.o(.ARM.Collect$$libshutdown$$00000010)
    .ARM.Collect$$rtentry$$00000000          0x080001ac   Section        0  __rtentry.o(.ARM.Collect$$rtentry$$00000000)
    .ARM.Collect$$rtentry$$00000002          0x080001ac   Section        0  __rtentry2.o(.ARM.Collect$$rtentry$$00000002)
    .ARM.Collect$$rtentry$$00000004          0x080001ac   Section        6  __rtentry4.o(.ARM.Collect$$rtentry$$00000004)
    .ARM.Collect$$rtentry$$00000009          0x080001b2   Section        0  __rtentry2.o(.ARM.Collect$$rtentry$$00000009)
    .ARM.Collect$$rtentry$$0000000A          0x080001b2   Section        4  __rtentry2.o(.ARM.Collect$$rtentry$$0000000A)
    .ARM.Collect$$rtentry$$0000000C          0x080001b6   Section        0  __rtentry2.o(.ARM.Collect$$rtentry$$0000000C)
    .ARM.Collect$$rtentry$$0000000D          0x080001b6   Section        8  __rtentry2.o(.ARM.Collect$$rtentry$$0000000D)
    .ARM.Collect$$rtexit$$00000000           0x080001be   Section        2  rtexit.o(.ARM.Collect$$rtexit$$00000000)
    .ARM.Collect$$rtexit$$00000002           0x080001c0   Section        0  rtexit2.o(.ARM.Collect$$rtexit$$00000002)
    .ARM.Collect$$rtexit$$00000003           0x080001c0   Section        4  rtexit2.o(.ARM.Collect$$rtexit$$00000003)
    .ARM.Collect$$rtexit$$00000004           0x080001c4   Section        6  rtexit2.o(.ARM.Collect$$rtexit$$00000004)
    .text                                    0x080001cc   Section       64  startup_stm32f10x_hd.o(.text)
    .text                                    0x0800020c   Section        0  heapauxi.o(.text)
    .text                                    0x08000212   Section        0  _rserrno.o(.text)
    .text                                    0x08000228   Section        8  rt_errno_addr_intlibspace.o(.text)
    .text                                    0x08000230   Section        8  libspace.o(.text)
    .text                                    0x08000238   Section       74  sys_stackheap_outer.o(.text)
    .text                                    0x08000282   Section        0  exit.o(.text)
    .text                                    0x08000294   Section        0  sys_exit.o(.text)
    .text                                    0x080002a0   Section        2  use_no_semi.o(.text)
    .text                                    0x080002a2   Section        0  indicate_semi.o(.text)
    i.BusFault_Handler                       0x080002a2   Section        0  stm32f10x_it.o(i.BusFault_Handler)
    i.CAN_FilterInit                         0x080002a8   Section        0  stm32f10x_can.o(i.CAN_FilterInit)
    i.CAN_ITConfig                           0x080003b0   Section        0  stm32f10x_can.o(i.CAN_ITConfig)
    i.CAN_Init                               0x080003c2   Section        0  stm32f10x_can.o(i.CAN_Init)
    i.CAN_Receive                            0x080004d6   Section        0  stm32f10x_can.o(i.CAN_Receive)
    i.CAN_Transmit                           0x080005c6   Section        0  stm32f10x_can.o(i.CAN_Transmit)
    i.CAN_TransmitStatus                     0x080006ec   Section        0  stm32f10x_can.o(i.CAN_TransmitStatus)
    i.DebugMon_Handler                       0x0800078c   Section        0  stm32f10x_it.o(i.DebugMon_Handler)
    i.GPIO_Init                              0x0800078e   Section        0  stm32f10x_gpio.o(i.GPIO_Init)
    i.GPIO_PinRemapConfig                    0x080008a4   Section        0  stm32f10x_gpio.o(i.GPIO_PinRemapConfig)
    i.GPIO_ReadInputDataBit                  0x08000934   Section        0  stm32f10x_gpio.o(i.GPIO_ReadInputDataBit)
    i.GPIO_SetBits                           0x08000946   Section        0  stm32f10x_gpio.o(i.GPIO_SetBits)
    i.GPIO_WriteBit                          0x0800094a   Section        0  stm32f10x_gpio.o(i.GPIO_WriteBit)
    i.HardFault_Handler                      0x08000954   Section        0  stm32f10x_it.o(i.HardFault_Handler)
    i.KEY_Init                               0x08000958   Section        0  key.o(i.KEY_Init)
    i.LED0                                   0x080009b0   Section        0  led.o(i.LED0)
    i.LED1                                   0x080009cc   Section        0  led.o(i.LED1)
    i.LEDInit                                0x080009e8   Section        0  led.o(i.LEDInit)
    i.MemManage_Handler                      0x08000a3c   Section        0  stm32f10x_it.o(i.MemManage_Handler)
    i.NMI_Handler                            0x08000a40   Section        0  stm32f10x_it.o(i.NMI_Handler)
    i.NVIC_Init                              0x08000a44   Section        0  misc.o(i.NVIC_Init)
    i.NVIC_PriorityGroupConfig               0x08000ab4   Section        0  misc.o(i.NVIC_PriorityGroupConfig)
    i.PendSV_Handler                         0x08000ac8   Section        0  stm32f10x_it.o(i.PendSV_Handler)
    i.RCC_APB1PeriphClockCmd                 0x08000acc   Section        0  stm32f10x_rcc.o(i.RCC_APB1PeriphClockCmd)
    i.RCC_APB2PeriphClockCmd                 0x08000aec   Section        0  stm32f10x_rcc.o(i.RCC_APB2PeriphClockCmd)
    i.RCC_GetClocksFreq                      0x08000b0c   Section        0  stm32f10x_rcc.o(i.RCC_GetClocksFreq)
    i.SVC_Handler                            0x08000be0   Section        0  stm32f10x_it.o(i.SVC_Handler)
    i.SetSysClock                            0x08000be2   Section        0  system_stm32f10x.o(i.SetSysClock)
    SetSysClock                              0x08000be3   Thumb Code     8  system_stm32f10x.o(i.SetSysClock)
    i.SetSysClockTo72                        0x08000bec   Section        0  system_stm32f10x.o(i.SetSysClockTo72)
    SetSysClockTo72                          0x08000bed   Thumb Code   214  system_stm32f10x.o(i.SetSysClockTo72)
    i.SysTick_Handler                        0x08000ccc   Section        0  stm32f10x_it.o(i.SysTick_Handler)
    i.SystemInit                             0x08000cd0   Section        0  system_stm32f10x.o(i.SystemInit)
    i.USART1_IRQHandler                      0x08000d30   Section        0  uart.o(i.USART1_IRQHandler)
    i.USART2_IRQHandler                      0x08000d5c   Section        0  chassis.o(i.USART2_IRQHandler)
    i.USART_Cmd                              0x08000e1c   Section        0  stm32f10x_usart.o(i.USART_Cmd)
    i.USART_GetFlagStatus                    0x08000e34   Section        0  stm32f10x_usart.o(i.USART_GetFlagStatus)
    i.USART_GetITStatus                      0x08000e4e   Section        0  stm32f10x_usart.o(i.USART_GetITStatus)
    i.USART_ITConfig                         0x08000ea2   Section        0  stm32f10x_usart.o(i.USART_ITConfig)
    i.USART_Init                             0x08000eec   Section        0  stm32f10x_usart.o(i.USART_Init)
    i.USART_ReceiveData                      0x08000fc4   Section        0  stm32f10x_usart.o(i.USART_ReceiveData)
    i.USART_SendData                         0x08000fce   Section        0  stm32f10x_usart.o(i.USART_SendData)
    i.USB_LP_CAN1_RX0_IRQHandler             0x08000fd8   Section        0  chassis.o(i.USB_LP_CAN1_RX0_IRQHandler)
    i.UsageFault_Handler                     0x08001034   Section        0  stm32f10x_it.o(i.UsageFault_Handler)
    i.__ARM_fpclassify                       0x08001038   Section        0  fpclassify.o(i.__ARM_fpclassify)
    i.__ieee754_rem_pio2                     0x08001060   Section        0  rred.o(i.__ieee754_rem_pio2)
    i.__kernel_cos                           0x080013e8   Section        0  cos_i.o(i.__kernel_cos)
    i.__kernel_poly                          0x080014e4   Section        0  poly.o(i.__kernel_poly)
    i.__kernel_sin                           0x08001590   Section        0  sin_i.o(i.__kernel_sin)
    i.__mathlib_dbl_infnan                   0x0800167c   Section        0  dunder.o(i.__mathlib_dbl_infnan)
    i.__mathlib_dbl_invalid                  0x08001682   Section        0  dunder.o(i.__mathlib_dbl_invalid)
    i.__mathlib_dbl_underflow                0x08001690   Section        0  dunder.o(i.__mathlib_dbl_underflow)
    i.atkpParsing                            0x080016a0   Section        0  gyro.o(i.atkpParsing)
    i.can_init                               0x08001a34   Section        0  can.o(i.can_init)
    i.chassisAngleRing                       0x08001b34   Section        0  chassis.o(i.chassisAngleRing)
    i.chassisGetPosition                     0x08001c4c   Section        0  chassis.o(i.chassisGetPosition)
    i.chassisInit                            0x08001ed0   Section        0  chassis.o(i.chassisInit)
    i.cos                                    0x08001f10   Section        0  cos.o(i.cos)
    i.cycleArray_init                        0x08001fac   Section        0  cyclearray.o(i.cycleArray_init)
    i.cycleArray_push                        0x08001fb8   Section        0  cyclearray.o(i.cycleArray_push)
    i.grayScaleSensor2_Init                  0x08002008   Section        0  grayscalesensor.o(i.grayScaleSensor2_Init)
    i.grayScaleSensor2_Read_down             0x08002080   Section        0  grayscalesensor.o(i.grayScaleSensor2_Read_down)
    i.grayScaleSensor2_Read_up               0x080020e8   Section        0  grayscalesensor.o(i.grayScaleSensor2_Read_up)
    i.grayScaleSensor2_Send                  0x0800214c   Section        0  grayscalesensor.o(i.grayScaleSensor2_Send)
    i.gyro_unpack                            0x080021c8   Section        0  gyro.o(i.gyro_unpack)
    i.main                                   0x080022d4   Section        0  main.o(i.main)
    i.motorGetData                           0x080023a8   Section        0  motor3508.o(i.motorGetData)
    i.motorInit                              0x080025fc   Section        0  motor3508.o(i.motorInit)
    i.motorSendCurrent                       0x08002698   Section        0  motor3508.o(i.motorSendCurrent)
    i.motorSetTargetRpm                      0x080026f8   Section        0  motor3508.o(i.motorSetTargetRpm)
    i.motorSpeedRing                         0x080026fc   Section        0  motor3508.o(i.motorSpeedRing)
    i.pidInit                                0x08002774   Section        0  pid.o(i.pidInit)
    i.pidOutput                              0x08002786   Section        0  pid.o(i.pidOutput)
    i.sin                                    0x080027e8   Section        0  sin.o(i.sin)
    i.uart1_send                             0x08002888   Section        0  uart.o(i.uart1_send)
    i.usart1Init                             0x080028b4   Section        0  uart.o(i.usart1Init)
    i.usart2Init                             0x0800296c   Section        0  uart.o(i.usart2Init)
    x$fpl$d2f                                0x08002a20   Section       98  d2f.o(x$fpl$d2f)
    x$fpl$dadd                               0x08002a84   Section      336  daddsub_clz.o(x$fpl$dadd)
    _dadd1                                   0x08002a95   Thumb Code     0  daddsub_clz.o(x$fpl$dadd)
    x$fpl$dcheck1                            0x08002bd4   Section       16  dcheck1.o(x$fpl$dcheck1)
    x$fpl$dcmpinf                            0x08002be4   Section       24  dcmpi.o(x$fpl$dcmpinf)
    x$fpl$ddiv                               0x08002bfc   Section      688  ddiv.o(x$fpl$ddiv)
    ddiv_entry                               0x08002c03   Thumb Code     0  ddiv.o(x$fpl$ddiv)
    x$fpl$dfix                               0x08002eac   Section       94  dfix.o(x$fpl$dfix)
    x$fpl$dflt                               0x08002f0a   Section       46  dflt_clz.o(x$fpl$dflt)
    x$fpl$dfltu                              0x08002f38   Section       38  dflt_clz.o(x$fpl$dfltu)
    x$fpl$dleqf                              0x08002f60   Section      120  dleqf.o(x$fpl$dleqf)
    x$fpl$dmul                               0x08002fd8   Section      340  dmul.o(x$fpl$dmul)
    x$fpl$dnaninf                            0x0800312c   Section      156  dnaninf.o(x$fpl$dnaninf)
    x$fpl$dretinf                            0x080031c8   Section       12  dretinf.o(x$fpl$dretinf)
    x$fpl$drleqf                             0x080031d4   Section      108  drleqf.o(x$fpl$drleqf)
    x$fpl$drsb                               0x08003240   Section       22  daddsub_clz.o(x$fpl$drsb)
    x$fpl$dsub                               0x08003258   Section      468  daddsub_clz.o(x$fpl$dsub)
    _dsub1                                   0x08003269   Thumb Code     0  daddsub_clz.o(x$fpl$dsub)
    x$fpl$f2d                                0x0800342c   Section       86  f2d.o(x$fpl$f2d)
    x$fpl$fadd                               0x08003484   Section      196  faddsub_clz.o(x$fpl$fadd)
    _fadd1                                   0x08003493   Thumb Code     0  faddsub_clz.o(x$fpl$fadd)
    x$fpl$fcmpinf                            0x08003548   Section       24  fcmpi.o(x$fpl$fcmpinf)
    x$fpl$fdiv                               0x08003560   Section      388  fdiv.o(x$fpl$fdiv)
    _fdiv1                                   0x08003561   Thumb Code     0  fdiv.o(x$fpl$fdiv)
    x$fpl$feqf                               0x080036e4   Section      104  feqf.o(x$fpl$feqf)
    x$fpl$ffix                               0x0800374c   Section       54  ffix.o(x$fpl$ffix)
    x$fpl$fflt                               0x08003784   Section       48  fflt_clz.o(x$fpl$fflt)
    x$fpl$ffltu                              0x080037b4   Section       38  fflt_clz.o(x$fpl$ffltu)
    x$fpl$fleqf                              0x080037dc   Section      104  fleqf.o(x$fpl$fleqf)
    x$fpl$fmul                               0x08003844   Section      258  fmul.o(x$fpl$fmul)
    x$fpl$fnaninf                            0x08003946   Section      140  fnaninf.o(x$fpl$fnaninf)
    x$fpl$fretinf                            0x080039d2   Section       10  fretinf.o(x$fpl$fretinf)
    x$fpl$frleqf                             0x080039dc   Section       98  frleqf.o(x$fpl$frleqf)
    x$fpl$fsub                               0x08003a40   Section      234  faddsub_clz.o(x$fpl$fsub)
    _fsub1                                   0x08003a4f   Thumb Code     0  faddsub_clz.o(x$fpl$fsub)
    x$fpl$retnan                             0x08003b2a   Section      100  retnan.o(x$fpl$retnan)
    x$fpl$scalbn                             0x08003b8e   Section       92  scalbn.o(x$fpl$scalbn)
    x$fpl$trapveneer                         0x08003bea   Section       48  trapv.o(x$fpl$trapveneer)
    .constdata                               0x08003c1a   Section       12  gyro.o(.constdata)
    x$fpl$usenofp                            0x08003c1a   Section        0  usenofp.o(x$fpl$usenofp)
    .constdata                               0x08003c28   Section       48  cos_i.o(.constdata)
    C                                        0x08003c28   Data          48  cos_i.o(.constdata)
    .constdata                               0x08003c58   Section      200  rred.o(.constdata)
    pio2s                                    0x08003c58   Data          48  rred.o(.constdata)
    twooverpi                                0x08003c88   Data         152  rred.o(.constdata)
    .constdata                               0x08003d20   Section       40  sin_i.o(.constdata)
    S                                        0x08003d20   Data          40  sin_i.o(.constdata)
    .data                                    0x20000000   Section       20  stm32f10x_rcc.o(.data)
    APBAHBPrescTable                         0x20000000   Data          16  stm32f10x_rcc.o(.data)
    ADCPrescTable                            0x20000010   Data           4  stm32f10x_rcc.o(.data)
    .data                                    0x20000014   Section       15  gyro.o(.data)
    rxState                                  0x20000020   Data           1  gyro.o(.data)
    cksum                                    0x20000021   Data           1  gyro.o(.data)
    dataIndex                                0x20000022   Data           1  gyro.o(.data)
    .data                                    0x20000023   Section        8  can.o(.data)
    .bss                                     0x2000002c   Section      121  gyro.o(.bss)
    .bss                                     0x200000a5   Section      516  uart.o(.bss)
    .bss                                     0x200002a9   Section       24  can.o(.bss)
    .bss                                     0x200002c4   Section      240  motor3508.o(.bss)
    .bss                                     0x200003b4   Section       84  chassis.o(.bss)
    .bss                                     0x20000408   Section       96  libspace.o(.bss)
    HEAP                                     0x20000468   Section      512  startup_stm32f10x_hd.o(HEAP)
    Heap_Mem                                 0x20000468   Data         512  startup_stm32f10x_hd.o(HEAP)
    STACK                                    0x20000668   Section     1024  startup_stm32f10x_hd.o(STACK)
    Stack_Mem                                0x20000668   Data        1024  startup_stm32f10x_hd.o(STACK)
    __initial_sp                             0x20000a68   Data           0  startup_stm32f10x_hd.o(STACK)

    Global Symbols

    Symbol Name                              Value     Ov Type        Size  Object(Section)

    BuildAttributes$$THM_ISAv4$P$D$K$B$S$PE$A:L22UL41UL21$X:L11$S22US41US21$IEEE1$IW$USESV6$~STKCKD$USESV7$~SHL$OTIME$ROPI$IEEEX$EBA8$UX$STANDARDLIB$REQ8$PRES8$EABIv2 0x00000000   Number         0  anon$$obj.o ABSOLUTE
    __ARM_use_no_argv                        0x00000000   Number         0  main.o ABSOLUTE
    __ARM_exceptions_init                     - Undefined Weak Reference
    __alloca_initialize                       - Undefined Weak Reference
    __arm_preinit_                            - Undefined Weak Reference
    __cpp_initialize__aeabi_                  - Undefined Weak Reference
    __cxa_finalize                            - Undefined Weak Reference
    __rt_locale                               - Undefined Weak Reference
    __sigvec_lookup                           - Undefined Weak Reference
    _atexit_init                              - Undefined Weak Reference
    _call_atexit_fns                          - Undefined Weak Reference
    _clock_init                               - Undefined Weak Reference
    _fp_trap_init                             - Undefined Weak Reference
    _fp_trap_shutdown                         - Undefined Weak Reference
    _get_lc_collate                           - Undefined Weak Reference
    _get_lc_ctype                             - Undefined Weak Reference
    _get_lc_monetary                          - Undefined Weak Reference
    _get_lc_numeric                           - Undefined Weak Reference
    _get_lc_time                              - Undefined Weak Reference
    _getenv_init                              - Undefined Weak Reference
    _handle_redirection                       - Undefined Weak Reference
    _init_alloc                               - Undefined Weak Reference
    _init_user_alloc                          - Undefined Weak Reference
    _initio                                   - Undefined Weak Reference
    _rand_init                                - Undefined Weak Reference
    _signal_finish                            - Undefined Weak Reference
    _signal_init                              - Undefined Weak Reference
    _terminate_alloc                          - Undefined Weak Reference
    _terminate_user_alloc                     - Undefined Weak Reference
    _terminateio                              - Undefined Weak Reference
    __Vectors_Size                           0x00000130   Number         0  startup_stm32f10x_hd.o ABSOLUTE
    __Vectors                                0x08000000   Data           4  startup_stm32f10x_hd.o(RESET)
    __Vectors_End                            0x08000130   Data           0  startup_stm32f10x_hd.o(RESET)
    __main                                   0x08000131   Thumb Code     8  __main.o(!!!main)
    __scatterload                            0x08000139   Thumb Code     0  __scatter.o(!!!scatter)
    __scatterload_rt2                        0x08000139   Thumb Code    44  __scatter.o(!!!scatter)
    __scatterload_rt2_thumb_only             0x08000139   Thumb Code     0  __scatter.o(!!!scatter)
    __scatterload_null                       0x08000147   Thumb Code     0  __scatter.o(!!!scatter)
    __scatterload_copy                       0x0800016d   Thumb Code    26  __scatter_copy.o(!!handler_copy)
    __scatterload_zeroinit                   0x08000189   Thumb Code    28  __scatter_zi.o(!!handler_zi)
    __rt_lib_init                            0x080001a5   Thumb Code     0  libinit.o(.ARM.Collect$$libinit$$00000000)
    __rt_lib_init_alloca_1                   0x080001a7   Thumb Code     0  libinit2.o(.ARM.Collect$$libinit$$0000002E)
    __rt_lib_init_argv_1                     0x080001a7   Thumb Code     0  libinit2.o(.ARM.Collect$$libinit$$0000002C)
    __rt_lib_init_atexit_1                   0x080001a7   Thumb Code     0  libinit2.o(.ARM.Collect$$libinit$$0000001B)
    __rt_lib_init_clock_1                    0x080001a7   Thumb Code     0  libinit2.o(.ARM.Collect$$libinit$$00000021)
    __rt_lib_init_cpp_1                      0x080001a7   Thumb Code     0  libinit2.o(.ARM.Collect$$libinit$$00000032)
    __rt_lib_init_exceptions_1               0x080001a7   Thumb Code     0  libinit2.o(.ARM.Collect$$libinit$$00000030)
    __rt_lib_init_fp_1                       0x080001a7   Thumb Code     0  libinit2.o(.ARM.Collect$$libinit$$00000002)
    __rt_lib_init_fp_trap_1                  0x080001a7   Thumb Code     0  libinit2.o(.ARM.Collect$$libinit$$0000001F)
    __rt_lib_init_getenv_1                   0x080001a7   Thumb Code     0  libinit2.o(.ARM.Collect$$libinit$$00000023)
    __rt_lib_init_heap_1                     0x080001a7   Thumb Code     0  libinit2.o(.ARM.Collect$$libinit$$0000000A)
    __rt_lib_init_lc_collate_1               0x080001a7   Thumb Code     0  libinit2.o(.ARM.Collect$$libinit$$00000011)
    __rt_lib_init_lc_ctype_1                 0x080001a7   Thumb Code     0  libinit2.o(.ARM.Collect$$libinit$$00000013)
    __rt_lib_init_lc_monetary_1              0x080001a7   Thumb Code     0  libinit2.o(.ARM.Collect$$libinit$$00000015)
    __rt_lib_init_lc_numeric_1               0x080001a7   Thumb Code     0  libinit2.o(.ARM.Collect$$libinit$$00000017)
    __rt_lib_init_lc_time_1                  0x080001a7   Thumb Code     0  libinit2.o(.ARM.Collect$$libinit$$00000019)
    __rt_lib_init_preinit_1                  0x080001a7   Thumb Code     0  libinit2.o(.ARM.Collect$$libinit$$00000004)
    __rt_lib_init_rand_1                     0x080001a7   Thumb Code     0  libinit2.o(.ARM.Collect$$libinit$$0000000E)
    __rt_lib_init_return                     0x080001a7   Thumb Code     0  libinit2.o(.ARM.Collect$$libinit$$00000033)
    __rt_lib_init_signal_1                   0x080001a7   Thumb Code     0  libinit2.o(.ARM.Collect$$libinit$$0000001D)
    __rt_lib_init_stdio_1                    0x080001a7   Thumb Code     0  libinit2.o(.ARM.Collect$$libinit$$00000025)
    __rt_lib_init_user_alloc_1               0x080001a7   Thumb Code     0  libinit2.o(.ARM.Collect$$libinit$$0000000C)
    __rt_lib_shutdown                        0x080001a9   Thumb Code     0  libshutdown.o(.ARM.Collect$$libshutdown$$00000000)
    __rt_lib_shutdown_cpp_1                  0x080001ab   Thumb Code     0  libshutdown2.o(.ARM.Collect$$libshutdown$$00000002)
    __rt_lib_shutdown_fp_trap_1              0x080001ab   Thumb Code     0  libshutdown2.o(.ARM.Collect$$libshutdown$$00000007)
    __rt_lib_shutdown_heap_1                 0x080001ab   Thumb Code     0  libshutdown2.o(.ARM.Collect$$libshutdown$$0000000F)
    __rt_lib_shutdown_return                 0x080001ab   Thumb Code     0  libshutdown2.o(.ARM.Collect$$libshutdown$$00000010)
    __rt_lib_shutdown_signal_1               0x080001ab   Thumb Code     0  libshutdown2.o(.ARM.Collect$$libshutdown$$0000000A)
    __rt_lib_shutdown_stdio_1                0x080001ab   Thumb Code     0  libshutdown2.o(.ARM.Collect$$libshutdown$$00000004)
    __rt_lib_shutdown_user_alloc_1           0x080001ab   Thumb Code     0  libshutdown2.o(.ARM.Collect$$libshutdown$$0000000C)
    __rt_entry                               0x080001ad   Thumb Code     0  __rtentry.o(.ARM.Collect$$rtentry$$00000000)
    __rt_entry_presh_1                       0x080001ad   Thumb Code     0  __rtentry2.o(.ARM.Collect$$rtentry$$00000002)
    __rt_entry_sh                            0x080001ad   Thumb Code     0  __rtentry4.o(.ARM.Collect$$rtentry$$00000004)
    __rt_entry_li                            0x080001b3   Thumb Code     0  __rtentry2.o(.ARM.Collect$$rtentry$$0000000A)
    __rt_entry_postsh_1                      0x080001b3   Thumb Code     0  __rtentry2.o(.ARM.Collect$$rtentry$$00000009)
    __rt_entry_main                          0x080001b7   Thumb Code     0  __rtentry2.o(.ARM.Collect$$rtentry$$0000000D)
    __rt_entry_postli_1                      0x080001b7   Thumb Code     0  __rtentry2.o(.ARM.Collect$$rtentry$$0000000C)
    __rt_exit                                0x080001bf   Thumb Code     0  rtexit.o(.ARM.Collect$$rtexit$$00000000)
    __rt_exit_ls                             0x080001c1   Thumb Code     0  rtexit2.o(.ARM.Collect$$rtexit$$00000003)
    __rt_exit_prels_1                        0x080001c1   Thumb Code     0  rtexit2.o(.ARM.Collect$$rtexit$$00000002)
    __rt_exit_exit                           0x080001c5   Thumb Code     0  rtexit2.o(.ARM.Collect$$rtexit$$00000004)
    Reset_Handler                            0x080001cd   Thumb Code     8  startup_stm32f10x_hd.o(.text)
    ADC1_2_IRQHandler                        0x080001e7   Thumb Code     0  startup_stm32f10x_hd.o(.text)
    ADC3_IRQHandler                          0x080001e7   Thumb Code     0  startup_stm32f10x_hd.o(.text)
    CAN1_RX1_IRQHandler                      0x080001e7   Thumb Code     0  startup_stm32f10x_hd.o(.text)
    CAN1_SCE_IRQHandler                      0x080001e7   Thumb Code     0  startup_stm32f10x_hd.o(.text)
    DMA1_Channel1_IRQHandler                 0x080001e7   Thumb Code     0  startup_stm32f10x_hd.o(.text)
    DMA1_Channel2_IRQHandler                 0x080001e7   Thumb Code     0  startup_stm32f10x_hd.o(.text)
    DMA1_Channel3_IRQHandler                 0x080001e7   Thumb Code     0  startup_stm32f10x_hd.o(.text)
    DMA1_Channel4_IRQHandler                 0x080001e7   Thumb Code     0  startup_stm32f10x_hd.o(.text)
    DMA1_Channel5_IRQHandler                 0x080001e7   Thumb Code     0  startup_stm32f10x_hd.o(.text)
    DMA1_Channel6_IRQHandler                 0x080001e7   Thumb Code     0  startup_stm32f10x_hd.o(.text)
    DMA1_Channel7_IRQHandler                 0x080001e7   Thumb Code     0  startup_stm32f10x_hd.o(.text)
    DMA2_Channel1_IRQHandler                 0x080001e7   Thumb Code     0  startup_stm32f10x_hd.o(.text)
    DMA2_Channel2_IRQHandler                 0x080001e7   Thumb Code     0  startup_stm32f10x_hd.o(.text)
    DMA2_Channel3_IRQHandler                 0x080001e7   Thumb Code     0  startup_stm32f10x_hd.o(.text)
    DMA2_Channel4_5_IRQHandler               0x080001e7   Thumb Code     0  startup_stm32f10x_hd.o(.text)
    EXTI0_IRQHandler                         0x080001e7   Thumb Code     0  startup_stm32f10x_hd.o(.text)
    EXTI15_10_IRQHandler                     0x080001e7   Thumb Code     0  startup_stm32f10x_hd.o(.text)
    EXTI1_IRQHandler                         0x080001e7   Thumb Code     0  startup_stm32f10x_hd.o(.text)
    EXTI2_IRQHandler                         0x080001e7   Thumb Code     0  startup_stm32f10x_hd.o(.text)
    EXTI3_IRQHandler                         0x080001e7   Thumb Code     0  startup_stm32f10x_hd.o(.text)
    EXTI4_IRQHandler                         0x080001e7   Thumb Code     0  startup_stm32f10x_hd.o(.text)
    EXTI9_5_IRQHandler                       0x080001e7   Thumb Code     0  startup_stm32f10x_hd.o(.text)
    FLASH_IRQHandler                         0x080001e7   Thumb Code     0  startup_stm32f10x_hd.o(.text)
    FSMC_IRQHandler                          0x080001e7   Thumb Code     0  startup_stm32f10x_hd.o(.text)
    I2C1_ER_IRQHandler                       0x080001e7   Thumb Code     0  startup_stm32f10x_hd.o(.text)
    I2C1_EV_IRQHandler                       0x080001e7   Thumb Code     0  startup_stm32f10x_hd.o(.text)
    I2C2_ER_IRQHandler                       0x080001e7   Thumb Code     0  startup_stm32f10x_hd.o(.text)
    I2C2_EV_IRQHandler                       0x080001e7   Thumb Code     0  startup_stm32f10x_hd.o(.text)
    PVD_IRQHandler                           0x080001e7   Thumb Code     0  startup_stm32f10x_hd.o(.text)
    RCC_IRQHandler                           0x080001e7   Thumb Code     0  startup_stm32f10x_hd.o(.text)
    RTCAlarm_IRQHandler                      0x080001e7   Thumb Code     0  startup_stm32f10x_hd.o(.text)
    RTC_IRQHandler                           0x080001e7   Thumb Code     0  startup_stm32f10x_hd.o(.text)
    SDIO_IRQHandler                          0x080001e7   Thumb Code     0  startup_stm32f10x_hd.o(.text)
    SPI1_IRQHandler                          0x080001e7   Thumb Code     0  startup_stm32f10x_hd.o(.text)
    SPI2_IRQHandler                          0x080001e7   Thumb Code     0  startup_stm32f10x_hd.o(.text)
    SPI3_IRQHandler                          0x080001e7   Thumb Code     0  startup_stm32f10x_hd.o(.text)
    TAMPER_IRQHandler                        0x080001e7   Thumb Code     0  startup_stm32f10x_hd.o(.text)
    TIM1_BRK_IRQHandler                      0x080001e7   Thumb Code     0  startup_stm32f10x_hd.o(.text)
    TIM1_CC_IRQHandler                       0x080001e7   Thumb Code     0  startup_stm32f10x_hd.o(.text)
    TIM1_TRG_COM_IRQHandler                  0x080001e7   Thumb Code     0  startup_stm32f10x_hd.o(.text)
    TIM1_UP_IRQHandler                       0x080001e7   Thumb Code     0  startup_stm32f10x_hd.o(.text)
    TIM2_IRQHandler                          0x080001e7   Thumb Code     0  startup_stm32f10x_hd.o(.text)
    TIM3_IRQHandler                          0x080001e7   Thumb Code     0  startup_stm32f10x_hd.o(.text)
    TIM4_IRQHandler                          0x080001e7   Thumb Code     0  startup_stm32f10x_hd.o(.text)
    TIM5_IRQHandler                          0x080001e7   Thumb Code     0  startup_stm32f10x_hd.o(.text)
    TIM6_IRQHandler                          0x080001e7   Thumb Code     0  startup_stm32f10x_hd.o(.text)
    TIM7_IRQHandler                          0x080001e7   Thumb Code     0  startup_stm32f10x_hd.o(.text)
    TIM8_BRK_IRQHandler                      0x080001e7   Thumb Code     0  startup_stm32f10x_hd.o(.text)
    TIM8_CC_IRQHandler                       0x080001e7   Thumb Code     0  startup_stm32f10x_hd.o(.text)
    TIM8_TRG_COM_IRQHandler                  0x080001e7   Thumb Code     0  startup_stm32f10x_hd.o(.text)
    TIM8_UP_IRQHandler                       0x080001e7   Thumb Code     0  startup_stm32f10x_hd.o(.text)
    UART4_IRQHandler                         0x080001e7   Thumb Code     0  startup_stm32f10x_hd.o(.text)
    UART5_IRQHandler                         0x080001e7   Thumb Code     0  startup_stm32f10x_hd.o(.text)
    USART3_IRQHandler                        0x080001e7   Thumb Code     0  startup_stm32f10x_hd.o(.text)
    USBWakeUp_IRQHandler                     0x080001e7   Thumb Code     0  startup_stm32f10x_hd.o(.text)
    USB_HP_CAN1_TX_IRQHandler                0x080001e7   Thumb Code     0  startup_stm32f10x_hd.o(.text)
    WWDG_IRQHandler                          0x080001e7   Thumb Code     0  startup_stm32f10x_hd.o(.text)
    __user_initial_stackheap                 0x080001e9   Thumb Code     0  startup_stm32f10x_hd.o(.text)
    __use_two_region_memory                  0x0800020d   Thumb Code     2  heapauxi.o(.text)
    __rt_heap_escrow$2region                 0x0800020f   Thumb Code     2  heapauxi.o(.text)
    __rt_heap_expand$2region                 0x08000211   Thumb Code     2  heapauxi.o(.text)
    __read_errno                             0x08000213   Thumb Code    10  _rserrno.o(.text)
    __set_errno                              0x0800021d   Thumb Code    12  _rserrno.o(.text)
    __aeabi_errno_addr                       0x08000229   Thumb Code     8  rt_errno_addr_intlibspace.o(.text)
    __errno$intlibspace                      0x08000229   Thumb Code     0  rt_errno_addr_intlibspace.o(.text)
    __rt_errno_addr$intlibspace              0x08000229   Thumb Code     0  rt_errno_addr_intlibspace.o(.text)
    __user_libspace                          0x08000231   Thumb Code     8  libspace.o(.text)
    __user_perproc_libspace                  0x08000231   Thumb Code     0  libspace.o(.text)
    __user_perthread_libspace                0x08000231   Thumb Code     0  libspace.o(.text)
    __user_setup_stackheap                   0x08000239   Thumb Code    74  sys_stackheap_outer.o(.text)
    exit                                     0x08000283   Thumb Code    18  exit.o(.text)
    _sys_exit                                0x08000295   Thumb Code     8  sys_exit.o(.text)
    __I$use$semihosting                      0x080002a1   Thumb Code     0  use_no_semi.o(.text)
    __use_no_semihosting_swi                 0x080002a1   Thumb Code     2  use_no_semi.o(.text)
    BusFault_Handler                         0x080002a3   Thumb Code     4  stm32f10x_it.o(i.BusFault_Handler)
    __semihosting_library_function           0x080002a3   Thumb Code     0  indicate_semi.o(.text)
    CAN_FilterInit                           0x080002a9   Thumb Code   258  stm32f10x_can.o(i.CAN_FilterInit)
    CAN_ITConfig                             0x080003b1   Thumb Code    18  stm32f10x_can.o(i.CAN_ITConfig)
    CAN_Init                                 0x080003c3   Thumb Code   276  stm32f10x_can.o(i.CAN_Init)
    CAN_Receive                              0x080004d7   Thumb Code   240  stm32f10x_can.o(i.CAN_Receive)
    CAN_Transmit                             0x080005c7   Thumb Code   294  stm32f10x_can.o(i.CAN_Transmit)
    CAN_TransmitStatus                       0x080006ed   Thumb Code   138  stm32f10x_can.o(i.CAN_TransmitStatus)
    DebugMon_Handler                         0x0800078d   Thumb Code     2  stm32f10x_it.o(i.DebugMon_Handler)
    GPIO_Init                                0x0800078f   Thumb Code   278  stm32f10x_gpio.o(i.GPIO_Init)
    GPIO_PinRemapConfig                      0x080008a5   Thumb Code   138  stm32f10x_gpio.o(i.GPIO_PinRemapConfig)
    GPIO_ReadInputDataBit                    0x08000935   Thumb Code    18  stm32f10x_gpio.o(i.GPIO_ReadInputDataBit)
    GPIO_SetBits                             0x08000947   Thumb Code     4  stm32f10x_gpio.o(i.GPIO_SetBits)
    GPIO_WriteBit                            0x0800094b   Thumb Code    10  stm32f10x_gpio.o(i.GPIO_WriteBit)
    HardFault_Handler                        0x08000955   Thumb Code     4  stm32f10x_it.o(i.HardFault_Handler)
    KEY_Init                                 0x08000959   Thumb Code    80  key.o(i.KEY_Init)
    LED0                                     0x080009b1   Thumb Code    24  led.o(i.LED0)
    LED1                                     0x080009cd   Thumb Code    24  led.o(i.LED1)
    LEDInit                                  0x080009e9   Thumb Code    80  led.o(i.LEDInit)
    MemManage_Handler                        0x08000a3d   Thumb Code     4  stm32f10x_it.o(i.MemManage_Handler)
    NMI_Handler                              0x08000a41   Thumb Code     2  stm32f10x_it.o(i.NMI_Handler)
    NVIC_Init                                0x08000a45   Thumb Code   100  misc.o(i.NVIC_Init)
    NVIC_PriorityGroupConfig                 0x08000ab5   Thumb Code    10  misc.o(i.NVIC_PriorityGroupConfig)
    PendSV_Handler                           0x08000ac9   Thumb Code     2  stm32f10x_it.o(i.PendSV_Handler)
    RCC_APB1PeriphClockCmd                   0x08000acd   Thumb Code    26  stm32f10x_rcc.o(i.RCC_APB1PeriphClockCmd)
    RCC_APB2PeriphClockCmd                   0x08000aed   Thumb Code    26  stm32f10x_rcc.o(i.RCC_APB2PeriphClockCmd)
    RCC_GetClocksFreq                        0x08000b0d   Thumb Code   192  stm32f10x_rcc.o(i.RCC_GetClocksFreq)
    SVC_Handler                              0x08000be1   Thumb Code     2  stm32f10x_it.o(i.SVC_Handler)
    SysTick_Handler                          0x08000ccd   Thumb Code     2  stm32f10x_it.o(i.SysTick_Handler)
    SystemInit                               0x08000cd1   Thumb Code    78  system_stm32f10x.o(i.SystemInit)
    USART1_IRQHandler                        0x08000d31   Thumb Code    32  uart.o(i.USART1_IRQHandler)
    USART2_IRQHandler                        0x08000d5d   Thumb Code   164  chassis.o(i.USART2_IRQHandler)
    USART_Cmd                                0x08000e1d   Thumb Code    24  stm32f10x_usart.o(i.USART_Cmd)
    USART_GetFlagStatus                      0x08000e35   Thumb Code    26  stm32f10x_usart.o(i.USART_GetFlagStatus)
    USART_GetITStatus                        0x08000e4f   Thumb Code    84  stm32f10x_usart.o(i.USART_GetITStatus)
    USART_ITConfig                           0x08000ea3   Thumb Code    74  stm32f10x_usart.o(i.USART_ITConfig)
    USART_Init                               0x08000eed   Thumb Code   210  stm32f10x_usart.o(i.USART_Init)
    USART_ReceiveData                        0x08000fc5   Thumb Code    10  stm32f10x_usart.o(i.USART_ReceiveData)
    USART_SendData                           0x08000fcf   Thumb Code     8  stm32f10x_usart.o(i.USART_SendData)
    USB_LP_CAN1_RX0_IRQHandler               0x08000fd9   Thumb Code    80  chassis.o(i.USB_LP_CAN1_RX0_IRQHandler)
    UsageFault_Handler                       0x08001035   Thumb Code     4  stm32f10x_it.o(i.UsageFault_Handler)
    __ARM_fpclassify                         0x08001039   Thumb Code    40  fpclassify.o(i.__ARM_fpclassify)
    __ieee754_rem_pio2                       0x08001061   Thumb Code   828  rred.o(i.__ieee754_rem_pio2)
    __kernel_cos                             0x080013e9   Thumb Code   230  cos_i.o(i.__kernel_cos)
    __kernel_poly                            0x080014e5   Thumb Code   170  poly.o(i.__kernel_poly)
    __kernel_sin                             0x08001591   Thumb Code   224  sin_i.o(i.__kernel_sin)
    __mathlib_dbl_infnan                     0x0800167d   Thumb Code     6  dunder.o(i.__mathlib_dbl_infnan)
    __mathlib_dbl_invalid                    0x08001683   Thumb Code    12  dunder.o(i.__mathlib_dbl_invalid)
    __mathlib_dbl_underflow                  0x08001691   Thumb Code    10  dunder.o(i.__mathlib_dbl_underflow)
    atkpParsing                              0x080016a1   Thumb Code   872  gyro.o(i.atkpParsing)
    can_init                                 0x08001a35   Thumb Code   248  can.o(i.can_init)
    chassisAngleRing                         0x08001b35   Thumb Code   262  chassis.o(i.chassisAngleRing)
    chassisGetPosition                       0x08001c4d   Thumb Code   610  chassis.o(i.chassisGetPosition)
    chassisInit                              0x08001ed1   Thumb Code    56  chassis.o(i.chassisInit)
    cos                                      0x08001f11   Thumb Code   148  cos.o(i.cos)
    cycleArray_init                          0x08001fad   Thumb Code    12  cyclearray.o(i.cycleArray_init)
    cycleArray_push                          0x08001fb9   Thumb Code    78  cyclearray.o(i.cycleArray_push)
    grayScaleSensor2_Init                    0x08002009   Thumb Code   108  grayscalesensor.o(i.grayScaleSensor2_Init)
    grayScaleSensor2_Read_down               0x08002081   Thumb Code    92  grayscalesensor.o(i.grayScaleSensor2_Read_down)
    grayScaleSensor2_Read_up                 0x080020e9   Thumb Code    90  grayscalesensor.o(i.grayScaleSensor2_Read_up)
    grayScaleSensor2_Send                    0x0800214d   Thumb Code   110  grayscalesensor.o(i.grayScaleSensor2_Send)
    gyro_unpack                              0x080021c9   Thumb Code   250  gyro.o(i.gyro_unpack)
    main                                     0x080022d5   Thumb Code   196  main.o(i.main)
    motorGetData                             0x080023a9   Thumb Code   572  motor3508.o(i.motorGetData)
    motorInit                                0x080025fd   Thumb Code   138  motor3508.o(i.motorInit)
    motorSendCurrent                         0x08002699   Thumb Code    86  motor3508.o(i.motorSendCurrent)
    motorSetTargetRpm                        0x080026f9   Thumb Code     4  motor3508.o(i.motorSetTargetRpm)
    motorSpeedRing                           0x080026fd   Thumb Code   110  motor3508.o(i.motorSpeedRing)
    pidInit                                  0x08002775   Thumb Code    18  pid.o(i.pidInit)
    pidOutput                                0x08002787   Thumb Code    96  pid.o(i.pidOutput)
    sin                                      0x080027e9   Thumb Code   150  sin.o(i.sin)
    uart1_send                               0x08002889   Thumb Code    40  uart.o(i.uart1_send)
    usart1Init                               0x080028b5   Thumb Code   170  uart.o(i.usart1Init)
    usart2Init                               0x0800296d   Thumb Code   168  uart.o(i.usart2Init)
    __aeabi_d2f                              0x08002a21   Thumb Code     0  d2f.o(x$fpl$d2f)
    _d2f                                     0x08002a21   Thumb Code    98  d2f.o(x$fpl$d2f)
    __aeabi_dadd                             0x08002a85   Thumb Code     0  daddsub_clz.o(x$fpl$dadd)
    _dadd                                    0x08002a85   Thumb Code   332  daddsub_clz.o(x$fpl$dadd)
    __fpl_dcheck_NaN1                        0x08002bd5   Thumb Code    10  dcheck1.o(x$fpl$dcheck1)
    __fpl_dcmp_Inf                           0x08002be5   Thumb Code    24  dcmpi.o(x$fpl$dcmpinf)
    __aeabi_ddiv                             0x08002bfd   Thumb Code     0  ddiv.o(x$fpl$ddiv)
    _ddiv                                    0x08002bfd   Thumb Code   552  ddiv.o(x$fpl$ddiv)
    __aeabi_d2iz                             0x08002ead   Thumb Code     0  dfix.o(x$fpl$dfix)
    _dfix                                    0x08002ead   Thumb Code    94  dfix.o(x$fpl$dfix)
    __aeabi_i2d                              0x08002f0b   Thumb Code     0  dflt_clz.o(x$fpl$dflt)
    _dflt                                    0x08002f0b   Thumb Code    46  dflt_clz.o(x$fpl$dflt)
    __aeabi_ui2d                             0x08002f39   Thumb Code     0  dflt_clz.o(x$fpl$dfltu)
    _dfltu                                   0x08002f39   Thumb Code    38  dflt_clz.o(x$fpl$dfltu)
    __aeabi_cdcmple                          0x08002f61   Thumb Code     0  dleqf.o(x$fpl$dleqf)
    _dcmple                                  0x08002f61   Thumb Code   120  dleqf.o(x$fpl$dleqf)
    __fpl_dcmple_InfNaN                      0x08002fc3   Thumb Code     0  dleqf.o(x$fpl$dleqf)
    __aeabi_dmul                             0x08002fd9   Thumb Code     0  dmul.o(x$fpl$dmul)
    _dmul                                    0x08002fd9   Thumb Code   332  dmul.o(x$fpl$dmul)
    __fpl_dnaninf                            0x0800312d   Thumb Code   156  dnaninf.o(x$fpl$dnaninf)
    __fpl_dretinf                            0x080031c9   Thumb Code    12  dretinf.o(x$fpl$dretinf)
    __aeabi_cdrcmple                         0x080031d5   Thumb Code     0  drleqf.o(x$fpl$drleqf)
    _drcmple                                 0x080031d5   Thumb Code   108  drleqf.o(x$fpl$drleqf)
    __aeabi_drsub                            0x08003241   Thumb Code     0  daddsub_clz.o(x$fpl$drsb)
    _drsb                                    0x08003241   Thumb Code    22  daddsub_clz.o(x$fpl$drsb)
    __aeabi_dsub                             0x08003259   Thumb Code     0  daddsub_clz.o(x$fpl$dsub)
    _dsub                                    0x08003259   Thumb Code   464  daddsub_clz.o(x$fpl$dsub)
    __aeabi_f2d                              0x0800342d   Thumb Code     0  f2d.o(x$fpl$f2d)
    _f2d                                     0x0800342d   Thumb Code    86  f2d.o(x$fpl$f2d)
    __aeabi_fadd                             0x08003485   Thumb Code     0  faddsub_clz.o(x$fpl$fadd)
    _fadd                                    0x08003485   Thumb Code   196  faddsub_clz.o(x$fpl$fadd)
    __fpl_fcmp_Inf                           0x08003549   Thumb Code    24  fcmpi.o(x$fpl$fcmpinf)
    __aeabi_fdiv                             0x08003561   Thumb Code     0  fdiv.o(x$fpl$fdiv)
    _fdiv                                    0x08003561   Thumb Code   384  fdiv.o(x$fpl$fdiv)
    __aeabi_cfcmpeq                          0x080036e5   Thumb Code     0  feqf.o(x$fpl$feqf)
    _fcmpeq                                  0x080036e5   Thumb Code   104  feqf.o(x$fpl$feqf)
    __aeabi_f2iz                             0x0800374d   Thumb Code     0  ffix.o(x$fpl$ffix)
    _ffix                                    0x0800374d   Thumb Code    54  ffix.o(x$fpl$ffix)
    __aeabi_i2f                              0x08003785   Thumb Code     0  fflt_clz.o(x$fpl$fflt)
    _fflt                                    0x08003785   Thumb Code    48  fflt_clz.o(x$fpl$fflt)
    __aeabi_ui2f                             0x080037b5   Thumb Code     0  fflt_clz.o(x$fpl$ffltu)
    _ffltu                                   0x080037b5   Thumb Code    38  fflt_clz.o(x$fpl$ffltu)
    __aeabi_cfcmple                          0x080037dd   Thumb Code     0  fleqf.o(x$fpl$fleqf)
    _fcmple                                  0x080037dd   Thumb Code   104  fleqf.o(x$fpl$fleqf)
    __fpl_fcmple_InfNaN                      0x0800382f   Thumb Code     0  fleqf.o(x$fpl$fleqf)
    __aeabi_fmul                             0x08003845   Thumb Code     0  fmul.o(x$fpl$fmul)
    _fmul                                    0x08003845   Thumb Code   258  fmul.o(x$fpl$fmul)
    __fpl_fnaninf                            0x08003947   Thumb Code   140  fnaninf.o(x$fpl$fnaninf)
    __fpl_fretinf                            0x080039d3   Thumb Code    10  fretinf.o(x$fpl$fretinf)
    __aeabi_cfrcmple                         0x080039dd   Thumb Code     0  frleqf.o(x$fpl$frleqf)
    _frcmple                                 0x080039dd   Thumb Code    98  frleqf.o(x$fpl$frleqf)
    __aeabi_fsub                             0x08003a41   Thumb Code     0  faddsub_clz.o(x$fpl$fsub)
    _fsub                                    0x08003a41   Thumb Code   234  faddsub_clz.o(x$fpl$fsub)
    __fpl_return_NaN                         0x08003b2b   Thumb Code   100  retnan.o(x$fpl$retnan)
    __ARM_scalbn                             0x08003b8f   Thumb Code    92  scalbn.o(x$fpl$scalbn)
    __fpl_cmpreturn                          0x08003beb   Thumb Code    48  trapv.o(x$fpl$trapveneer)
    __I$use$fp                               0x08003c1a   Number         0  usenofp.o(x$fpl$usenofp)
    gyroFsrTable                             0x08003c1a   Data           8  gyro.o(.constdata)
    accFsrTable                              0x08003c22   Data           4  gyro.o(.constdata)
    Region$$Table$$Base                      0x08003d48   Number         0  anon$$obj.o(Region$$Table)
    Region$$Table$$Limit                     0x08003d68   Number         0  anon$$obj.o(Region$$Table)
    iostatus                                 0x20000014   Data           8  gyro.o(.data)
    imu901Param                              0x2000001c   Data           4  gyro.o(.data)
    can_motor_send_databuff                  0x20000023   Data           8  can.o(.data)
    attitude                                 0x2000002c   Data          12  gyro.o(.bss)
    quaternion                               0x20000038   Data          16  gyro.o(.bss)
    gyroAccData                              0x20000048   Data          36  gyro.o(.bss)
    magData                                  0x2000006c   Data          12  gyro.o(.bss)
    baroData                                 0x20000078   Data          12  gyro.o(.bss)
    gyroDataFrame                            0x20000084   Data          33  gyro.o(.bss)
    uart1_fifo                               0x200000a5   Data         258  uart.o(.bss)
    uart2_fifo                               0x200001a7   Data         258  uart.o(.bss)
    can_motor_receive_databuff               0x200002a9   Data          24  can.o(.bss)
    motor                                    0x200002c4   Data         180  motor3508.o(.bss)
    lalala                                   0x20000378   Data          60  motor3508.o(.bss)
    chassis                                  0x200003b4   Data          84  chassis.o(.bss)
    __libspace_start                         0x20000408   Data          96  libspace.o(.bss)
    __temporary_stack_top$libspace           0x20000468   Data           0  libspace.o(.bss)



==============================================================================

Memory Map of the image

  Image Entry point : 0x08000131

  Load Region LR_IROM1 (Base: 0x08000000, Size: 0x00003d94, Max: 0x00040000, ABSOLUTE)

    Execution Region ER_IROM1 (Base: 0x08000000, Size: 0x00003d68, Max: 0x00040000, ABSOLUTE)

    Base Addr    Size         Type   Attr      Idx    E Section Name        Object

    0x08000000   0x00000130   Data   RO          276    RESET               startup_stm32f10x_hd.o
    0x08000130   0x00000008   Code   RO         3642  * !!!main             c_w.l(__main.o)
    0x08000138   0x00000034   Code   RO         3933    !!!scatter          c_w.l(__scatter.o)
    0x0800016c   0x0000001a   Code   RO         3935    !!handler_copy      c_w.l(__scatter_copy.o)
    0x08000186   0x00000002   PAD
    0x08000188   0x0000001c   Code   RO         3937    !!handler_zi        c_w.l(__scatter_zi.o)
    0x080001a4   0x00000002   Code   RO         3800    .ARM.Collect$$libinit$$00000000  c_w.l(libinit.o)
    0x080001a6   0x00000000   Code   RO         3806    .ARM.Collect$$libinit$$00000002  c_w.l(libinit2.o)
    0x080001a6   0x00000000   Code   RO         3808    .ARM.Collect$$libinit$$00000004  c_w.l(libinit2.o)
    0x080001a6   0x00000000   Code   RO         3811    .ARM.Collect$$libinit$$0000000A  c_w.l(libinit2.o)
    0x080001a6   0x00000000   Code   RO         3813    .ARM.Collect$$libinit$$0000000C  c_w.l(libinit2.o)
    0x080001a6   0x00000000   Code   RO         3815    .ARM.Collect$$libinit$$0000000E  c_w.l(libinit2.o)
    0x080001a6   0x00000000   Code   RO         3818    .ARM.Collect$$libinit$$00000011  c_w.l(libinit2.o)
    0x080001a6   0x00000000   Code   RO         3820    .ARM.Collect$$libinit$$00000013  c_w.l(libinit2.o)
    0x080001a6   0x00000000   Code   RO         3822    .ARM.Collect$$libinit$$00000015  c_w.l(libinit2.o)
    0x080001a6   0x00000000   Code   RO         3824    .ARM.Collect$$libinit$$00000017  c_w.l(libinit2.o)
    0x080001a6   0x00000000   Code   RO         3826    .ARM.Collect$$libinit$$00000019  c_w.l(libinit2.o)
    0x080001a6   0x00000000   Code   RO         3828    .ARM.Collect$$libinit$$0000001B  c_w.l(libinit2.o)
    0x080001a6   0x00000000   Code   RO         3830    .ARM.Collect$$libinit$$0000001D  c_w.l(libinit2.o)
    0x080001a6   0x00000000   Code   RO         3832    .ARM.Collect$$libinit$$0000001F  c_w.l(libinit2.o)
    0x080001a6   0x00000000   Code   RO         3834    .ARM.Collect$$libinit$$00000021  c_w.l(libinit2.o)
    0x080001a6   0x00000000   Code   RO         3836    .ARM.Collect$$libinit$$00000023  c_w.l(libinit2.o)
    0x080001a6   0x00000000   Code   RO         3838    .ARM.Collect$$libinit$$00000025  c_w.l(libinit2.o)
    0x080001a6   0x00000000   Code   RO         3842    .ARM.Collect$$libinit$$0000002C  c_w.l(libinit2.o)
    0x080001a6   0x00000000   Code   RO         3844    .ARM.Collect$$libinit$$0000002E  c_w.l(libinit2.o)
    0x080001a6   0x00000000   Code   RO         3846    .ARM.Collect$$libinit$$00000030  c_w.l(libinit2.o)
    0x080001a6   0x00000000   Code   RO         3848    .ARM.Collect$$libinit$$00000032  c_w.l(libinit2.o)
    0x080001a6   0x00000002   Code   RO         3849    .ARM.Collect$$libinit$$00000033  c_w.l(libinit2.o)
    0x080001a8   0x00000002   Code   RO         3873    .ARM.Collect$$libshutdown$$00000000  c_w.l(libshutdown.o)
    0x080001aa   0x00000000   Code   RO         3886    .ARM.Collect$$libshutdown$$00000002  c_w.l(libshutdown2.o)
    0x080001aa   0x00000000   Code   RO         3888    .ARM.Collect$$libshutdown$$00000004  c_w.l(libshutdown2.o)
    0x080001aa   0x00000000   Code   RO         3891    .ARM.Collect$$libshutdown$$00000007  c_w.l(libshutdown2.o)
    0x080001aa   0x00000000   Code   RO         3894    .ARM.Collect$$libshutdown$$0000000A  c_w.l(libshutdown2.o)
    0x080001aa   0x00000000   Code   RO         3896    .ARM.Collect$$libshutdown$$0000000C  c_w.l(libshutdown2.o)
    0x080001aa   0x00000000   Code   RO         3899    .ARM.Collect$$libshutdown$$0000000F  c_w.l(libshutdown2.o)
    0x080001aa   0x00000002   Code   RO         3900    .ARM.Collect$$libshutdown$$00000010  c_w.l(libshutdown2.o)
    0x080001ac   0x00000000   Code   RO         3714    .ARM.Collect$$rtentry$$00000000  c_w.l(__rtentry.o)
    0x080001ac   0x00000000   Code   RO         3759    .ARM.Collect$$rtentry$$00000002  c_w.l(__rtentry2.o)
    0x080001ac   0x00000006   Code   RO         3771    .ARM.Collect$$rtentry$$00000004  c_w.l(__rtentry4.o)
    0x080001b2   0x00000000   Code   RO         3761    .ARM.Collect$$rtentry$$00000009  c_w.l(__rtentry2.o)
    0x080001b2   0x00000004   Code   RO         3762    .ARM.Collect$$rtentry$$0000000A  c_w.l(__rtentry2.o)
    0x080001b6   0x00000000   Code   RO         3764    .ARM.Collect$$rtentry$$0000000C  c_w.l(__rtentry2.o)
    0x080001b6   0x00000008   Code   RO         3765    .ARM.Collect$$rtentry$$0000000D  c_w.l(__rtentry2.o)
    0x080001be   0x00000002   Code   RO         3803    .ARM.Collect$$rtexit$$00000000  c_w.l(rtexit.o)
    0x080001c0   0x00000000   Code   RO         3853    .ARM.Collect$$rtexit$$00000002  c_w.l(rtexit2.o)
    0x080001c0   0x00000004   Code   RO         3854    .ARM.Collect$$rtexit$$00000003  c_w.l(rtexit2.o)
    0x080001c4   0x00000006   Code   RO         3855    .ARM.Collect$$rtexit$$00000004  c_w.l(rtexit2.o)
    0x080001ca   0x00000002   PAD
    0x080001cc   0x00000040   Code   RO          277    .text               startup_stm32f10x_hd.o
    0x0800020c   0x00000006   Code   RO         3640    .text               c_w.l(heapauxi.o)
    0x08000212   0x00000016   Code   RO         3715    .text               c_w.l(_rserrno.o)
    0x08000228   0x00000008   Code   RO         3776    .text               c_w.l(rt_errno_addr_intlibspace.o)
    0x08000230   0x00000008   Code   RO         3788    .text               c_w.l(libspace.o)
    0x08000238   0x0000004a   Code   RO         3791    .text               c_w.l(sys_stackheap_outer.o)
    0x08000282   0x00000012   Code   RO         3793    .text               c_w.l(exit.o)
    0x08000294   0x0000000c   Code   RO         3865    .text               c_w.l(sys_exit.o)
    0x080002a0   0x00000002   Code   RO         3876    .text               c_w.l(use_no_semi.o)
    0x080002a2   0x00000000   Code   RO         3878    .text               c_w.l(indicate_semi.o)
    0x080002a2   0x00000004   Code   RO          140    i.BusFault_Handler  stm32f10x_it.o
    0x080002a6   0x00000002   PAD
    0x080002a8   0x00000108   Code   RO          623    i.CAN_FilterInit    stm32f10x_can.o
    0x080003b0   0x00000012   Code   RO          629    i.CAN_ITConfig      stm32f10x_can.o
    0x080003c2   0x00000114   Code   RO          630    i.CAN_Init          stm32f10x_can.o
    0x080004d6   0x000000f0   Code   RO          633    i.CAN_Receive       stm32f10x_can.o
    0x080005c6   0x00000126   Code   RO          638    i.CAN_Transmit      stm32f10x_can.o
    0x080006ec   0x000000a0   Code   RO          639    i.CAN_TransmitStatus  stm32f10x_can.o
    0x0800078c   0x00000002   Code   RO          141    i.DebugMon_Handler  stm32f10x_it.o
    0x0800078e   0x00000116   Code   RO         1432    i.GPIO_Init         stm32f10x_gpio.o
    0x080008a4   0x00000090   Code   RO         1434    i.GPIO_PinRemapConfig  stm32f10x_gpio.o
    0x08000934   0x00000012   Code   RO         1436    i.GPIO_ReadInputDataBit  stm32f10x_gpio.o
    0x08000946   0x00000004   Code   RO         1440    i.GPIO_SetBits      stm32f10x_gpio.o
    0x0800094a   0x0000000a   Code   RO         1443    i.GPIO_WriteBit     stm32f10x_gpio.o
    0x08000954   0x00000004   Code   RO          142    i.HardFault_Handler  stm32f10x_it.o
    0x08000958   0x00000058   Code   RO         3518    i.KEY_Init          key.o
    0x080009b0   0x0000001c   Code   RO         3248    i.LED0              led.o
    0x080009cc   0x0000001c   Code   RO         3249    i.LED1              led.o
    0x080009e8   0x00000054   Code   RO         3250    i.LEDInit           led.o
    0x08000a3c   0x00000004   Code   RO          143    i.MemManage_Handler  stm32f10x_it.o
    0x08000a40   0x00000002   Code   RO          144    i.NMI_Handler       stm32f10x_it.o
    0x08000a42   0x00000002   PAD
    0x08000a44   0x00000070   Code   RO          281    i.NVIC_Init         misc.o
    0x08000ab4   0x00000014   Code   RO          282    i.NVIC_PriorityGroupConfig  misc.o
    0x08000ac8   0x00000002   Code   RO          145    i.PendSV_Handler    stm32f10x_it.o
    0x08000aca   0x00000002   PAD
    0x08000acc   0x00000020   Code   RO         1848    i.RCC_APB1PeriphClockCmd  stm32f10x_rcc.o
    0x08000aec   0x00000020   Code   RO         1850    i.RCC_APB2PeriphClockCmd  stm32f10x_rcc.o
    0x08000b0c   0x000000d4   Code   RO         1858    i.RCC_GetClocksFreq  stm32f10x_rcc.o
    0x08000be0   0x00000002   Code   RO          146    i.SVC_Handler       stm32f10x_it.o
    0x08000be2   0x00000008   Code   RO          229    i.SetSysClock       system_stm32f10x.o
    0x08000bea   0x00000002   PAD
    0x08000bec   0x000000e0   Code   RO          230    i.SetSysClockTo72   system_stm32f10x.o
    0x08000ccc   0x00000002   Code   RO          147    i.SysTick_Handler   stm32f10x_it.o
    0x08000cce   0x00000002   PAD
    0x08000cd0   0x00000060   Code   RO          232    i.SystemInit        system_stm32f10x.o
    0x08000d30   0x0000002c   Code   RO         3379    i.USART1_IRQHandler  uart.o
    0x08000d5c   0x000000c0   Code   RO         3530    i.USART2_IRQHandler  chassis.o
    0x08000e1c   0x00000018   Code   RO         3018    i.USART_Cmd         stm32f10x_usart.o
    0x08000e34   0x0000001a   Code   RO         3021    i.USART_GetFlagStatus  stm32f10x_usart.o
    0x08000e4e   0x00000054   Code   RO         3022    i.USART_GetITStatus  stm32f10x_usart.o
    0x08000ea2   0x0000004a   Code   RO         3024    i.USART_ITConfig    stm32f10x_usart.o
    0x08000eec   0x000000d8   Code   RO         3025    i.USART_Init        stm32f10x_usart.o
    0x08000fc4   0x0000000a   Code   RO         3032    i.USART_ReceiveData  stm32f10x_usart.o
    0x08000fce   0x00000008   Code   RO         3035    i.USART_SendData    stm32f10x_usart.o
    0x08000fd6   0x00000002   PAD
    0x08000fd8   0x0000005c   Code   RO         3531    i.USB_LP_CAN1_RX0_IRQHandler  chassis.o
    0x08001034   0x00000004   Code   RO          148    i.UsageFault_Handler  stm32f10x_it.o
    0x08001038   0x00000028   Code   RO         3784    i.__ARM_fpclassify  m_ws.l(fpclassify.o)
    0x08001060   0x00000388   Code   RO         3747    i.__ieee754_rem_pio2  m_ws.l(rred.o)
    0x080013e8   0x000000fc   Code   RO         3730    i.__kernel_cos      m_ws.l(cos_i.o)
    0x080014e4   0x000000aa   Code   RO         3786    i.__kernel_poly     m_ws.l(poly.o)
    0x0800158e   0x00000002   PAD
    0x08001590   0x000000ec   Code   RO         3752    i.__kernel_sin      m_ws.l(sin_i.o)
    0x0800167c   0x00000006   Code   RO         3734    i.__mathlib_dbl_infnan  m_ws.l(dunder.o)
    0x08001682   0x0000000c   Code   RO         3736    i.__mathlib_dbl_invalid  m_ws.l(dunder.o)
    0x0800168e   0x00000002   PAD
    0x08001690   0x00000010   Code   RO         3739    i.__mathlib_dbl_underflow  m_ws.l(dunder.o)
    0x080016a0   0x00000394   Code   RO         3320    i.atkpParsing       gyro.o
    0x08001a34   0x00000100   Code   RO         3426    i.can_init          can.o
    0x08001b34   0x00000118   Code   RO         3532    i.chassisAngleRing  chassis.o
    0x08001c4c   0x00000284   Code   RO         3533    i.chassisGetPosition  chassis.o
    0x08001ed0   0x00000040   Code   RO         3534    i.chassisInit       chassis.o
    0x08001f10   0x0000009c   Code   RO         3699    i.cos               m_ws.l(cos.o)
    0x08001fac   0x0000000c   Code   RO         3346    i.cycleArray_init   cyclearray.o
    0x08001fb8   0x0000004e   Code   RO         3349    i.cycleArray_push   cyclearray.o
    0x08002006   0x00000002   PAD
    0x08002008   0x00000078   Code   RO         3272    i.grayScaleSensor2_Init  grayscalesensor.o
    0x08002080   0x00000068   Code   RO         3273    i.grayScaleSensor2_Read_down  grayscalesensor.o
    0x080020e8   0x00000064   Code   RO         3274    i.grayScaleSensor2_Read_up  grayscalesensor.o
    0x0800214c   0x0000007c   Code   RO         3275    i.grayScaleSensor2_Send  grayscalesensor.o
    0x080021c8   0x0000010c   Code   RO         3321    i.gyro_unpack       gyro.o
    0x080022d4   0x000000d4   Code   RO            1    i.main              main.o
    0x080023a8   0x00000254   Code   RO         3458    i.motorGetData      motor3508.o
    0x080025fc   0x0000009c   Code   RO         3459    i.motorInit         motor3508.o
    0x08002698   0x00000060   Code   RO         3460    i.motorSendCurrent  motor3508.o
    0x080026f8   0x00000004   Code   RO         3461    i.motorSetTargetRpm  motor3508.o
    0x080026fc   0x00000078   Code   RO         3462    i.motorSpeedRing    motor3508.o
    0x08002774   0x00000012   Code   RO         3500    i.pidInit           pid.o
    0x08002786   0x00000060   Code   RO         3501    i.pidOutput         pid.o
    0x080027e6   0x00000002   PAD
    0x080027e8   0x000000a0   Code   RO         3707    i.sin               m_ws.l(sin.o)
    0x08002888   0x0000002c   Code   RO         3380    i.uart1_send        uart.o
    0x080028b4   0x000000b8   Code   RO         3383    i.usart1Init        uart.o
    0x0800296c   0x000000b4   Code   RO         3384    i.usart2Init        uart.o
    0x08002a20   0x00000062   Code   RO         3644    x$fpl$d2f           fz_ws.l(d2f.o)
    0x08002a82   0x00000002   PAD
    0x08002a84   0x00000150   Code   RO         3646    x$fpl$dadd          fz_ws.l(daddsub_clz.o)
    0x08002bd4   0x00000010   Code   RO         3801    x$fpl$dcheck1       fz_ws.l(dcheck1.o)
    0x08002be4   0x00000018   Code   RO         3717    x$fpl$dcmpinf       fz_ws.l(dcmpi.o)
    0x08002bfc   0x000002b0   Code   RO         3653    x$fpl$ddiv          fz_ws.l(ddiv.o)
    0x08002eac   0x0000005e   Code   RO         3778    x$fpl$dfix          fz_ws.l(dfix.o)
    0x08002f0a   0x0000002e   Code   RO         3657    x$fpl$dflt          fz_ws.l(dflt_clz.o)
    0x08002f38   0x00000026   Code   RO         3656    x$fpl$dfltu         fz_ws.l(dflt_clz.o)
    0x08002f5e   0x00000002   PAD
    0x08002f60   0x00000078   Code   RO         3662    x$fpl$dleqf         fz_ws.l(dleqf.o)
    0x08002fd8   0x00000154   Code   RO         3664    x$fpl$dmul          fz_ws.l(dmul.o)
    0x0800312c   0x0000009c   Code   RO         3719    x$fpl$dnaninf       fz_ws.l(dnaninf.o)
    0x080031c8   0x0000000c   Code   RO         3721    x$fpl$dretinf       fz_ws.l(dretinf.o)
    0x080031d4   0x0000006c   Code   RO         3666    x$fpl$drleqf        fz_ws.l(drleqf.o)
    0x08003240   0x00000016   Code   RO         3647    x$fpl$drsb          fz_ws.l(daddsub_clz.o)
    0x08003256   0x00000002   PAD
    0x08003258   0x000001d4   Code   RO         3648    x$fpl$dsub          fz_ws.l(daddsub_clz.o)
    0x0800342c   0x00000056   Code   RO         3668    x$fpl$f2d           fz_ws.l(f2d.o)
    0x08003482   0x00000002   PAD
    0x08003484   0x000000c4   Code   RO         3670    x$fpl$fadd          fz_ws.l(faddsub_clz.o)
    0x08003548   0x00000018   Code   RO         3723    x$fpl$fcmpinf       fz_ws.l(fcmpi.o)
    0x08003560   0x00000184   Code   RO         3677    x$fpl$fdiv          fz_ws.l(fdiv.o)
    0x080036e4   0x00000068   Code   RO         3680    x$fpl$feqf          fz_ws.l(feqf.o)
    0x0800374c   0x00000036   Code   RO         3682    x$fpl$ffix          fz_ws.l(ffix.o)
    0x08003782   0x00000002   PAD
    0x08003784   0x00000030   Code   RO         3687    x$fpl$fflt          fz_ws.l(fflt_clz.o)
    0x080037b4   0x00000026   Code   RO         3686    x$fpl$ffltu         fz_ws.l(fflt_clz.o)
    0x080037da   0x00000002   PAD
    0x080037dc   0x00000068   Code   RO         3692    x$fpl$fleqf         fz_ws.l(fleqf.o)
    0x08003844   0x00000102   Code   RO         3694    x$fpl$fmul          fz_ws.l(fmul.o)
    0x08003946   0x0000008c   Code   RO         3725    x$fpl$fnaninf       fz_ws.l(fnaninf.o)
    0x080039d2   0x0000000a   Code   RO         3727    x$fpl$fretinf       fz_ws.l(fretinf.o)
    0x080039dc   0x00000062   Code   RO         3696    x$fpl$frleqf        fz_ws.l(frleqf.o)
    0x08003a3e   0x00000002   PAD
    0x08003a40   0x000000ea   Code   RO         3672    x$fpl$fsub          fz_ws.l(faddsub_clz.o)
    0x08003b2a   0x00000064   Code   RO         3850    x$fpl$retnan        fz_ws.l(retnan.o)
    0x08003b8e   0x0000005c   Code   RO         3782    x$fpl$scalbn        fz_ws.l(scalbn.o)
    0x08003bea   0x00000030   Code   RO         3863    x$fpl$trapveneer    fz_ws.l(trapv.o)
    0x08003c1a   0x00000000   Code   RO         3729    x$fpl$usenofp       fz_ws.l(usenofp.o)
    0x08003c1a   0x0000000c   Data   RO         3323    .constdata          gyro.o
    0x08003c26   0x00000002   PAD
    0x08003c28   0x00000030   Data   RO         3731    .constdata          m_ws.l(cos_i.o)
    0x08003c58   0x000000c8   Data   RO         3749    .constdata          m_ws.l(rred.o)
    0x08003d20   0x00000028   Data   RO         3753    .constdata          m_ws.l(sin_i.o)
    0x08003d48   0x00000020   Data   RO         3931    Region$$Table       anon$$obj.o


    Execution Region RW_IRAM1 (Base: 0x20000000, Size: 0x00000a68, Max: 0x0000c000, ABSOLUTE)

    Base Addr    Size         Type   Attr      Idx    E Section Name        Object

    0x20000000   0x00000014   Data   RW         1878    .data               stm32f10x_rcc.o
    0x20000014   0x0000000f   Data   RW         3324    .data               gyro.o
    0x20000023   0x00000008   Data   RW         3428    .data               can.o
    0x2000002b   0x00000001   PAD
    0x2000002c   0x00000079   Zero   RW         3322    .bss                gyro.o
    0x200000a5   0x00000204   Zero   RW         3385    .bss                uart.o
    0x200002a9   0x00000018   Zero   RW         3427    .bss                can.o
    0x200002c1   0x00000003   PAD
    0x200002c4   0x000000f0   Zero   RW         3463    .bss                motor3508.o
    0x200003b4   0x00000054   Zero   RW         3536    .bss                chassis.o
    0x20000408   0x00000060   Zero   RW         3789    .bss                c_w.l(libspace.o)
    0x20000468   0x00000200   Zero   RW          275    HEAP                startup_stm32f10x_hd.o
    0x20000668   0x00000400   Zero   RW          274    STACK               startup_stm32f10x_hd.o


==============================================================================

Image component sizes


      Code (inc. data)   RO Data    RW Data    ZI Data      Debug   Object Name

       256          8          0          8         24       1648   can.o
      1272        100          0          0         84       4185   chassis.o
         0          0          0          0          0         32   core_cm3.o
        90          0          0          0          0       1692   cyclearray.o
       448         48          0          0          0       2356   grayscalesensor.o
      1184         68         12         15        121       4375   gyro.o
        88          8          0          0          0        499   key.o
       140         12          0          0          0       1412   led.o
       212         16          0          0          0     241451   main.o
       132         22          0          0          0       1415   misc.o
       972         62          0          0        240       4138   motor3508.o
       114          0          0          0          0       1470   pid.o
        64         26        304          0       1536        788   startup_stm32f10x_hd.o
      1252         28          0          0          0       4821   stm32f10x_can.o
       454          6          0          0          0       4297   stm32f10x_gpio.o
        26          0          0          0          0       3554   stm32f10x_it.o
       276         32          0         20          0       4246   stm32f10x_rcc.o
       442          6          0          0          0       5853   stm32f10x_usart.o
       328         28          0          0          0       1729   system_stm32f10x.o
       452         42          0          0        516       2615   uart.o

    ----------------------------------------------------------------------
      8218        512        350         44       2524     292576   Object Totals
         0          0         32          0          0          0   (incl. Generated)
        16          0          2          1          3          0   (incl. Padding)

    ----------------------------------------------------------------------

      Code (inc. data)   RO Data    RW Data    ZI Data      Debug   Library Member Name

         8          0          0          0          0         68   __main.o
         0          0          0          0          0          0   __rtentry.o
        12          0          0          0          0          0   __rtentry2.o
         6          0          0          0          0          0   __rtentry4.o
        52          8          0          0          0          0   __scatter.o
        26          0          0          0          0          0   __scatter_copy.o
        28          0          0          0          0          0   __scatter_zi.o
        22          0          0          0          0        100   _rserrno.o
        18          0          0          0          0         80   exit.o
         6          0          0          0          0        152   heapauxi.o
         0          0          0          0          0          0   indicate_semi.o
         2          0          0          0          0          0   libinit.o
         2          0          0          0          0          0   libinit2.o
         2          0          0          0          0          0   libshutdown.o
         2          0          0          0          0          0   libshutdown2.o
         8          4          0          0         96         68   libspace.o
         8          4          0          0          0         68   rt_errno_addr_intlibspace.o
         2          0          0          0          0          0   rtexit.o
        10          0          0          0          0          0   rtexit2.o
        12          4          0          0          0         68   sys_exit.o
        74          0          0          0          0         80   sys_stackheap_outer.o
         2          0          0          0          0         68   use_no_semi.o
        98          4          0          0          0         92   d2f.o
       826         16          0          0          0        348   daddsub_clz.o
        16          4          0          0          0         68   dcheck1.o
        24          0          0          0          0         68   dcmpi.o
       688        140          0          0          0        208   ddiv.o
        94          4          0          0          0         92   dfix.o
        84          0          0          0          0        136   dflt_clz.o
       120          4          0          0          0         92   dleqf.o
       340         12          0          0          0        104   dmul.o
       156          4          0          0          0         92   dnaninf.o
        12          0          0          0          0         68   dretinf.o
       108          0          0          0          0         80   drleqf.o
        86          4          0          0          0         84   f2d.o
       430          8          0          0          0        168   faddsub_clz.o
        24          0          0          0          0         68   fcmpi.o
       388         76          0          0          0         96   fdiv.o
       104          4          0          0          0         84   feqf.o
        54          4          0          0          0         84   ffix.o
        86          0          0          0          0        136   fflt_clz.o
       104          4          0          0          0         84   fleqf.o
       258          4          0          0          0         84   fmul.o
       140          4          0          0          0         84   fnaninf.o
        10          0          0          0          0         68   fretinf.o
        98          0          0          0          0         68   frleqf.o
       100          0          0          0          0         68   retnan.o
        92          0          0          0          0         68   scalbn.o
        48          0          0          0          0         68   trapv.o
         0          0          0          0          0          0   usenofp.o
       156          8          0          0          0        104   cos.o
       252         22         48          0          0        124   cos_i.o
        34          6          0          0          0        204   dunder.o
        40          0          0          0          0         68   fpclassify.o
       170          0          0          0          0         96   poly.o
       904         76        200          0          0        140   rred.o
       160         10          0          0          0        108   sin.o
       236         12         40          0          0        128   sin_i.o

    ----------------------------------------------------------------------
      6864        450        288          0         96       4484   Library Totals
        22          0          0          0          0          0   (incl. Padding)

    ----------------------------------------------------------------------

      Code (inc. data)   RO Data    RW Data    ZI Data      Debug   Library Name

       302         20          0          0         96        752   c_w.l
      4588        296          0          0          0       2760   fz_ws.l
      1952        134        288          0          0        972   m_ws.l

    ----------------------------------------------------------------------
      6864        450        288          0         96       4484   Library Totals

    ----------------------------------------------------------------------

==============================================================================


      Code (inc. data)   RO Data    RW Data    ZI Data      Debug   

     15082        962        638         44       2620     291440   Grand Totals
     15082        962        638         44       2620     291440   ELF Image Totals
     15082        962        638         44          0          0   ROM Totals

==============================================================================

    Total RO  Size (Code + RO Data)                15720 (  15.35kB)
    Total RW  Size (RW Data + ZI Data)              2664 (   2.60kB)
    Total ROM Size (Code + RO Data + RW Data)      15764 (  15.39kB)

==============================================================================

